16:46:55 **** Incremental Build of configuration Debug for project FreeRTOS_Library ****
make -r all 
make: Nothing to be done for `all'.
16:46:55 **** Incremental Build of configuration Debug for project FreeRTOS-template ****
make -r all 
Building file: ../test/tests.c
Invoking: MCU C Compiler
arm-none-eabi-gcc -DDEBUG -D__USE_CMSIS=CMSISv1p30_LPC17xx -D__CODE_RED -D__REDLIB__ -I"C:\Users\Red\Documents\LPCXpresso_8.1.4_606\testSpace\FreeRTOS-template" -I"C:\Users\Red\Documents\LPCXpresso_8.1.4_606\testSpace\CMSIS_CORE_LPC17xx\inc" -I"C:\Users\Red\Documents\LPCXpresso_8.1.4_606\testSpace\FreeRTOS_Library\include" -I"C:\Users\Red\Documents\LPCXpresso_8.1.4_606\testSpace\FreeRTOS_Library\portable" -O0 -g3 -fsigned-char -c -fmessage-length=0 -fno-builtin -ffunction-sections -mcpu=cortex-m3 -mthumb -D__REDLIB__ -specs=redlib.specs -MMD -MP -MF"test/tests.d" -MT"test/tests.o" -MT"test/tests.d" -o "test/tests.o" "../test/tests.c"
In file included from ../test/../../FreeRTOS_Library/include/portable.h:320:0,
                 from ../test/../../FreeRTOS_Library/include/FreeRTOS.h:83,
                 from ../test/tests.c:8:
C:\Users\Red\Documents\LPCXpresso_8.1.4_606\testSpace\FreeRTOS_Library\portable/portmacro.h: In function 'ucPortCountLeadingZeros':
C:\Users\Red\Documents\LPCXpresso_8.1.4_606\testSpace\FreeRTOS_Library\portable/portmacro.h:171:58: warning: type of 'ulBitmap' defaults to 'int' [-Wimplicit-int]
  __attribute__( ( always_inline ) ) static unsigned char ucPortCountLeadingZeros( ulBitmap )
                                                          ^
../test/tests.c: In function 'EthernetTest':
../test/tests.c:32:2: warning: implicit declaration of function 'uIPmain' [-Wimplicit-function-declaration]
  uIPmain();
  ^
In file included from ../test/tests.c:9:0:
../test/tests.c: In function 'RTCTest':
../test/../../FreeRTOS_Library/include/task.h:294:118: warning: passing argument 1 of 'xTaskGenericCreate' from incompatible pointer type [-Wincompatible-pointer-types]
 #define xTaskCreate( pvTaskCode, pcName, usStackDepth, pvParameters, uxPriority, pxCreatedTask ) xTaskGenericCreate( ( pvTaskCode ), ( pcName ), ( usStackDepth ), ( pvParameters ), ( uxPriority ), ( pxCreatedTask ), ( NULL ), ( NULL ) )
                                                                                                                      ^
../test/tests.c:61:2: note: in expansion of macro 'xTaskCreate'
  xTaskCreate(GetDatetimeTask, "RTC_GetDateTime", configMINIMAL_STACK_SIZE, NULL, 0 , NULL);
  ^
In file included from ../test/tests.c:9:0:
../test/../../FreeRTOS_Library/include/task.h:1310:22: note: expected 'pdTASK_CODE {aka void (*)(void *)}' but argument is of type 'void (*)(void)'
 signed portBASE_TYPE xTaskGenericCreate( pdTASK_CODE pxTaskCode, const signed char * const pcName, unsigned short usStackDepth, void *pvParameters, unsigned portBASE_TYPE uxPriority, xTaskHandle *pxCreatedTask, portSTACK_TYPE *puxStackBuffer, const xMemoryRegion * const xRegions ) PRIVILEGED_FUNCTION;
                      ^
In file included from ../test/tests.c:9:0:
../test/tests.c: In function 'ledTest':
../test/../../FreeRTOS_Library/include/task.h:294:118: warning: passing argument 1 of 'xTaskGenericCreate' from incompatible pointer type [-Wincompatible-pointer-types]
 #define xTaskCreate( pvTaskCode, pcName, usStackDepth, pvParameters, uxPriority, pxCreatedTask ) xTaskGenericCreate( ( pvTaskCode ), ( pcName ), ( usStackDepth ), ( pvParameters ), ( uxPriority ), ( pxCreatedTask ), ( NULL ), ( NULL ) )
                                                                                                                      ^
../test/tests.c:121:2: note: in expansion of macro 'xTaskCreate'
  xTaskCreate(blinkLedLib, "ledTest", configMINIMAL_STACK_SIZE, NULL, 0 , NULL );
  ^
In file included from ../test/tests.c:9:0:
../test/../../FreeRTOS_Library/include/task.h:1310:22: note: expected 'pdTASK_CODE {aka void (*)(void *)}' but argument is of type 'void (*)(void)'
 signed portBASE_TYPE xTaskGenericCreate( pdTASK_CODE pxTaskCode, const signed char * const pcName, unsigned short usStackDepth, void *pvParameters, unsigned portBASE_TYPE uxPriority, xTaskHandle *pxCreatedTask, portSTACK_TYPE *puxStackBuffer, const xMemoryRegion * const xRegions ) PRIVILEGED_FUNCTION;
                      ^
In file included from ../test/tests.c:9:0:
../test/tests.c: In function 'kbdTest':
../test/../../FreeRTOS_Library/include/task.h:294:118: warning: passing argument 1 of 'xTaskGenericCreate' from incompatible pointer type [-Wincompatible-pointer-types]
 #define xTaskCreate( pvTaskCode, pcName, usStackDepth, pvParameters, uxPriority, pxCreatedTask ) xTaskGenericCreate( ( pvTaskCode ), ( pcName ), ( usStackDepth ), ( pvParameters ), ( uxPriority ), ( pxCreatedTask ), ( NULL ), ( NULL ) )
                                                                                                                      ^
../test/tests.c:235:2: note: in expansion of macro 'xTaskCreate'
  xTaskCreate(setKey1, "setKey", configMINIMAL_STACK_SIZE, NULL, 0 , NULL );
  ^
In file included from ../test/tests.c:9:0:
../test/../../FreeRTOS_Library/include/task.h:1310:22: note: expected 'pdTASK_CODE {aka void (*)(void *)}' but argument is of type 'void (*)(void)'
 signed portBASE_TYPE xTaskGenericCreate( pdTASK_CODE pxTaskCode, const signed char * const pcName, unsigned short usStackDepth, void *pvParameters, unsigned portBASE_TYPE uxPriority, xTaskHandle *pxCreatedTask, portSTACK_TYPE *puxStackBuffer, const xMemoryRegion * const xRegions ) PRIVILEGED_FUNCTION;
                      ^
In file included from ../test/tests.c:9:0:
../test/../../FreeRTOS_Library/include/task.h:294:118: warning: passing argument 1 of 'xTaskGenericCreate' from incompatible pointer type [-Wincompatible-pointer-types]
 #define xTaskCreate( pvTaskCode, pcName, usStackDepth, pvParameters, uxPriority, pxCreatedTask ) xTaskGenericCreate( ( pvTaskCode ), ( pcName ), ( usStackDepth ), ( pvParameters ), ( uxPriority ), ( pxCreatedTask ), ( NULL ), ( NULL ) )
                                                                                                                      ^
../test/tests.c:236:2: note: in expansion of macro 'xTaskCreate'
  xTaskCreate(getKey1, "getKey", configMINIMAL_STACK_SIZE, NULL, 0 , NULL );
  ^
In file included from ../test/tests.c:9:0:
../test/../../FreeRTOS_Library/include/task.h:1310:22: note: expected 'pdTASK_CODE {aka void (*)(void *)}' but argument is of type 'void (*)(void)'
 signed portBASE_TYPE xTaskGenericCreate( pdTASK_CODE pxTaskCode, const signed char * const pcName, unsigned short usStackDepth, void *pvParameters, unsigned portBASE_TYPE uxPriority, xTaskHandle *pxCreatedTask, portSTACK_TYPE *puxStackBuffer, const xMemoryRegion * const xRegions ) PRIVILEGED_FUNCTION;
                      ^
In file included from ../test/../../FreeRTOS_Library/include/portable.h:320:0,
                 from ../test/../../FreeRTOS_Library/include/FreeRTOS.h:83,
                 from ../test/tests.c:8:
At top level:
C:\Users\Red\Documents\LPCXpresso_8.1.4_606\testSpace\FreeRTOS_Library\portable/portmacro.h:171:58: warning: always_inline function might not be inlinable [-Wattributes]
  __attribute__( ( always_inline ) ) static unsigned char ucPortCountLeadingZeros( ulBitmap )
                                                          ^
Finished building: ../test/tests.c
 
Building file: ../Modules/tapdev.c
Invoking: MCU C Compiler
arm-none-eabi-gcc -DDEBUG -D__USE_CMSIS=CMSISv1p30_LPC17xx -D__CODE_RED -D__REDLIB__ -I"C:\Users\Red\Documents\LPCXpresso_8.1.4_606\testSpace\FreeRTOS-template" -I"C:\Users\Red\Documents\LPCXpresso_8.1.4_606\testSpace\CMSIS_CORE_LPC17xx\inc" -I"C:\Users\Red\Documents\LPCXpresso_8.1.4_606\testSpace\FreeRTOS_Library\include" -I"C:\Users\Red\Documents\LPCXpresso_8.1.4_606\testSpace\FreeRTOS_Library\portable" -O0 -g3 -fsigned-char -c -fmessage-length=0 -fno-builtin -ffunction-sections -mcpu=cortex-m3 -mthumb -D__REDLIB__ -specs=redlib.specs -MMD -MP -MF"Modules/tapdev.d" -MT"Modules/tapdev.o" -MT"Modules/tapdev.d" -o "Modules/tapdev.o" "../Modules/tapdev.c"
Finished building: ../Modules/tapdev.c
 
Building file: ../main.c
Invoking: MCU C Compiler
arm-none-eabi-gcc -DDEBUG -D__USE_CMSIS=CMSISv1p30_LPC17xx -D__CODE_RED -D__REDLIB__ -I"C:\Users\Red\Documents\LPCXpresso_8.1.4_606\testSpace\FreeRTOS-template" -I"C:\Users\Red\Documents\LPCXpresso_8.1.4_606\testSpace\CMSIS_CORE_LPC17xx\inc" -I"C:\Users\Red\Documents\LPCXpresso_8.1.4_606\testSpace\FreeRTOS_Library\include" -I"C:\Users\Red\Documents\LPCXpresso_8.1.4_606\testSpace\FreeRTOS_Library\portable" -O0 -g3 -fsigned-char -c -fmessage-length=0 -fno-builtin -ffunction-sections -mcpu=cortex-m3 -mthumb -D__REDLIB__ -specs=redlib.specs -MMD -MP -MF"main.d" -MT"main.o" -MT"main.d" -o "main.o" "../main.c"
In file included from c:\users\red\documents\lpcxpresso_8.1.4_606\testspace\freertos_library\include\portable.h:320:0,
                 from c:\users\red\documents\lpcxpresso_8.1.4_606\testspace\freertos_library\include\freertos.h:83,
                 from ../main.c:78:
C:\Users\Red\Documents\LPCXpresso_8.1.4_606\testSpace\FreeRTOS_Library\portable/portmacro.h: In function 'ucPortCountLeadingZeros':
C:\Users\Red\Documents\LPCXpresso_8.1.4_606\testSpace\FreeRTOS_Library\portable/portmacro.h:171:58: warning: type of 'ulBitmap' defaults to 'int' [-Wimplicit-int]
  __attribute__( ( always_inline ) ) static unsigned char ucPortCountLeadingZeros( ulBitmap )
                                                          ^
../main.c: In function 'auxEEPROMTest':
../main.c:129:19: warning: large integer implicitly truncated to unsigned type [-Woverflow]
  uint8_t addr[2]={0x100,0};
                   ^
../main.c: In function 'main':
../main.c:102:22: warning: implicit declaration of function 'EthernetTest' [-Wimplicit-function-declaration]
 #define EthernetTest EthernetTest();
                      ^
../main.c:109:14: note: in expansion of macro 'EthernetTest'
 #define test EthernetTest
              ^
../main.c:185:2: note: in expansion of macro 'test'
  test;
  ^
In file included from c:\users\red\documents\lpcxpresso_8.1.4_606\testspace\freertos_library\include\portable.h:320:0,
                 from c:\users\red\documents\lpcxpresso_8.1.4_606\testspace\freertos_library\include\freertos.h:83,
                 from ../main.c:78:
At top level:
C:\Users\Red\Documents\LPCXpresso_8.1.4_606\testSpace\FreeRTOS_Library\portable/portmacro.h:171:58: warning: always_inline function might not be inlinable [-Wattributes]
  __attribute__( ( always_inline ) ) static unsigned char ucPortCountLeadingZeros( ulBitmap )
                                                          ^
Finished building: ../main.c
 
Building target: SimpleDemo.axf
Invoking: MCU Linker
arm-none-eabi-gcc -nostdlib -L"C:\Users\Red\Documents\LPCXpresso_8.1.4_606\testSpace\CMSIS_CORE_LPC17xx\Debug" -L"C:\Users\Red\Documents\LPCXpresso_8.1.4_606\testSpace\uIPauxSE2" -L"C:\Users\Red\Documents\LPCXpresso_8.1.4_606\testSpace\FreeRTOS_Library\Debug" -Xlinker --gc-sections -Xlinker -Map=SimpleDemo.map -mcpu=cortex-m3 -mthumb -T "FreeRTOS-template_Debug.ld" -o "SimpleDemo.axf"  ./test/tests.o  ./Project/Environment_Tasks.o ./Project/Utils.o ./Project/proj.o  ./Modules/EEPROM.o ./Modules/Ethernet.o ./Modules/GPIO.o ./Modules/I2C.o ./Modules/KBD.o ./Modules/LCD.o ./Modules/LCD_Font.o ./Modules/LED.o ./Modules/RTC.o ./Modules/SPI.o ./Modules/tapdev.o  ./cr_startup_lpc17.o ./main.o   -lCMSIS_CORE_LPC17xx -luIPauxSE2 -lFreeRTOS_Library
Finished building target: SimpleDemo.axf
 
make --no-print-directory post-build
Performing post-build steps
arm-none-eabi-size SimpleDemo.axf; # arm-none-eabi-objcopy -O ihex SimpleDemo.axf SimpleDemo.hex ;
   text	   data	    bss	    dec	    hex	filename
  36616	     68	  12648	  49332	   c0b4	SimpleDemo.axf
 
16:47:57 **** Incremental Build of configuration Debug for project FreeRTOS_Library ****
make -r all 
make: Nothing to be done for `all'.
16:47:58 **** Incremental Build of configuration Debug for project FreeRTOS-template ****
make -r all 
Building file: ../test/tests.c
Invoking: MCU C Compiler
arm-none-eabi-gcc -DDEBUG -D__USE_CMSIS=CMSISv1p30_LPC17xx -D__CODE_RED -D__REDLIB__ -I"C:\Users\Red\Documents\LPCXpresso_8.1.4_606\testSpace\FreeRTOS-template" -I"C:\Users\Red\Documents\LPCXpresso_8.1.4_606\testSpace\CMSIS_CORE_LPC17xx\inc" -I"C:\Users\Red\Documents\LPCXpresso_8.1.4_606\testSpace\FreeRTOS_Library\include" -I"C:\Users\Red\Documents\LPCXpresso_8.1.4_606\testSpace\FreeRTOS_Library\portable" -O0 -g3 -fsigned-char -c -fmessage-length=0 -fno-builtin -ffunction-sections -mcpu=cortex-m3 -mthumb -D__REDLIB__ -specs=redlib.specs -MMD -MP -MF"test/tests.d" -MT"test/tests.o" -MT"test/tests.d" -o "test/tests.o" "../test/tests.c"
In file included from ../test/../../FreeRTOS_Library/include/portable.h:320:0,
                 from ../test/../../FreeRTOS_Library/include/FreeRTOS.h:83,
                 from ../test/tests.c:8:
C:\Users\Red\Documents\LPCXpresso_8.1.4_606\testSpace\FreeRTOS_Library\portable/portmacro.h: In function 'ucPortCountLeadingZeros':
C:\Users\Red\Documents\LPCXpresso_8.1.4_606\testSpace\FreeRTOS_Library\portable/portmacro.h:171:58: warning: type of 'ulBitmap' defaults to 'int' [-Wimplicit-int]
  __attribute__( ( always_inline ) ) static unsigned char ucPortCountLeadingZeros( ulBitmap )
                                                          ^
In file included from ../test/tests.c:9:0:
../test/tests.c: In function 'RTCTest':
../test/../../FreeRTOS_Library/include/task.h:294:118: warning: passing argument 1 of 'xTaskGenericCreate' from incompatible pointer type [-Wincompatible-pointer-types]
 #define xTaskCreate( pvTaskCode, pcName, usStackDepth, pvParameters, uxPriority, pxCreatedTask ) xTaskGenericCreate( ( pvTaskCode ), ( pcName ), ( usStackDepth ), ( pvParameters ), ( uxPriority ), ( pxCreatedTask ), ( NULL ), ( NULL ) )
                                                                                                                      ^
../test/tests.c:64:2: note: in expansion of macro 'xTaskCreate'
  xTaskCreate(GetDatetimeTask, "RTC_GetDateTime", configMINIMAL_STACK_SIZE, NULL, 0 , NULL);
  ^
In file included from ../test/tests.c:9:0:
../test/../../FreeRTOS_Library/include/task.h:1310:22: note: expected 'pdTASK_CODE {aka void (*)(void *)}' but argument is of type 'void (*)(void)'
 signed portBASE_TYPE xTaskGenericCreate( pdTASK_CODE pxTaskCode, const signed char * const pcName, unsigned short usStackDepth, void *pvParameters, unsigned portBASE_TYPE uxPriority, xTaskHandle *pxCreatedTask, portSTACK_TYPE *puxStackBuffer, const xMemoryRegion * const xRegions ) PRIVILEGED_FUNCTION;
                      ^
In file included from ../test/tests.c:9:0:
../test/tests.c: In function 'ledTest':
../test/../../FreeRTOS_Library/include/task.h:294:118: warning: passing argument 1 of 'xTaskGenericCreate' from incompatible pointer type [-Wincompatible-pointer-types]
 #define xTaskCreate( pvTaskCode, pcName, usStackDepth, pvParameters, uxPriority, pxCreatedTask ) xTaskGenericCreate( ( pvTaskCode ), ( pcName ), ( usStackDepth ), ( pvParameters ), ( uxPriority ), ( pxCreatedTask ), ( NULL ), ( NULL ) )
                                                                                                                      ^
../test/tests.c:124:2: note: in expansion of macro 'xTaskCreate'
  xTaskCreate(blinkLedLib, "ledTest", configMINIMAL_STACK_SIZE, NULL, 0 , NULL );
  ^
In file included from ../test/tests.c:9:0:
../test/../../FreeRTOS_Library/include/task.h:1310:22: note: expected 'pdTASK_CODE {aka void (*)(void *)}' but argument is of type 'void (*)(void)'
 signed portBASE_TYPE xTaskGenericCreate( pdTASK_CODE pxTaskCode, const signed char * const pcName, unsigned short usStackDepth, void *pvParameters, unsigned portBASE_TYPE uxPriority, xTaskHandle *pxCreatedTask, portSTACK_TYPE *puxStackBuffer, const xMemoryRegion * const xRegions ) PRIVILEGED_FUNCTION;
                      ^
In file included from ../test/tests.c:9:0:
../test/tests.c: In function 'kbdTest':
../test/../../FreeRTOS_Library/include/task.h:294:118: warning: passing argument 1 of 'xTaskGenericCreate' from incompatible pointer type [-Wincompatible-pointer-types]
 #define xTaskCreate( pvTaskCode, pcName, usStackDepth, pvParameters, uxPriority, pxCreatedTask ) xTaskGenericCreate( ( pvTaskCode ), ( pcName ), ( usStackDepth ), ( pvParameters ), ( uxPriority ), ( pxCreatedTask ), ( NULL ), ( NULL ) )
                                                                                                                      ^
../test/tests.c:238:2: note: in expansion of macro 'xTaskCreate'
  xTaskCreate(setKey1, "setKey", configMINIMAL_STACK_SIZE, NULL, 0 , NULL );
  ^
In file included from ../test/tests.c:9:0:
../test/../../FreeRTOS_Library/include/task.h:1310:22: note: expected 'pdTASK_CODE {aka void (*)(void *)}' but argument is of type 'void (*)(void)'
 signed portBASE_TYPE xTaskGenericCreate( pdTASK_CODE pxTaskCode, const signed char * const pcName, unsigned short usStackDepth, void *pvParameters, unsigned portBASE_TYPE uxPriority, xTaskHandle *pxCreatedTask, portSTACK_TYPE *puxStackBuffer, const xMemoryRegion * const xRegions ) PRIVILEGED_FUNCTION;
                      ^
In file included from ../test/tests.c:9:0:
../test/../../FreeRTOS_Library/include/task.h:294:118: warning: passing argument 1 of 'xTaskGenericCreate' from incompatible pointer type [-Wincompatible-pointer-types]
 #define xTaskCreate( pvTaskCode, pcName, usStackDepth, pvParameters, uxPriority, pxCreatedTask ) xTaskGenericCreate( ( pvTaskCode ), ( pcName ), ( usStackDepth ), ( pvParameters ), ( uxPriority ), ( pxCreatedTask ), ( NULL ), ( NULL ) )
                                                                                                                      ^
../test/tests.c:239:2: note: in expansion of macro 'xTaskCreate'
  xTaskCreate(getKey1, "getKey", configMINIMAL_STACK_SIZE, NULL, 0 , NULL );
  ^
In file included from ../test/tests.c:9:0:
../test/../../FreeRTOS_Library/include/task.h:1310:22: note: expected 'pdTASK_CODE {aka void (*)(void *)}' but argument is of type 'void (*)(void)'
 signed portBASE_TYPE xTaskGenericCreate( pdTASK_CODE pxTaskCode, const signed char * const pcName, unsigned short usStackDepth, void *pvParameters, unsigned portBASE_TYPE uxPriority, xTaskHandle *pxCreatedTask, portSTACK_TYPE *puxStackBuffer, const xMemoryRegion * const xRegions ) PRIVILEGED_FUNCTION;
                      ^
In file included from ../test/../../FreeRTOS_Library/include/portable.h:320:0,
                 from ../test/../../FreeRTOS_Library/include/FreeRTOS.h:83,
                 from ../test/tests.c:8:
At top level:
C:\Users\Red\Documents\LPCXpresso_8.1.4_606\testSpace\FreeRTOS_Library\portable/portmacro.h:171:58: warning: always_inline function might not be inlinable [-Wattributes]
  __attribute__( ( always_inline ) ) static unsigned char ucPortCountLeadingZeros( ulBitmap )
                                                          ^
Finished building: ../test/tests.c
 
Building target: SimpleDemo.axf
Invoking: MCU Linker
arm-none-eabi-gcc -nostdlib -L"C:\Users\Red\Documents\LPCXpresso_8.1.4_606\testSpace\CMSIS_CORE_LPC17xx\Debug" -L"C:\Users\Red\Documents\LPCXpresso_8.1.4_606\testSpace\uIPauxSE2" -L"C:\Users\Red\Documents\LPCXpresso_8.1.4_606\testSpace\FreeRTOS_Library\Debug" -Xlinker --gc-sections -Xlinker -Map=SimpleDemo.map -mcpu=cortex-m3 -mthumb -T "FreeRTOS-template_Debug.ld" -o "SimpleDemo.axf"  ./test/tests.o  ./Project/Environment_Tasks.o ./Project/Utils.o ./Project/proj.o  ./Modules/EEPROM.o ./Modules/Ethernet.o ./Modules/GPIO.o ./Modules/I2C.o ./Modules/KBD.o ./Modules/LCD.o ./Modules/LCD_Font.o ./Modules/LED.o ./Modules/RTC.o ./Modules/SPI.o ./Modules/tapdev.o  ./cr_startup_lpc17.o ./main.o   -lCMSIS_CORE_LPC17xx -luIPauxSE2 -lFreeRTOS_Library
Finished building target: SimpleDemo.axf
 
make --no-print-directory post-build
Performing post-build steps
arm-none-eabi-size SimpleDemo.axf; # arm-none-eabi-objcopy -O ihex SimpleDemo.axf SimpleDemo.hex ;
   text	   data	    bss	    dec	    hex	filename
  36616	     68	  12648	  49332	   c0b4	SimpleDemo.axf
 
16:50:07 **** Incremental Build of configuration Debug for project FreeRTOS_Library ****
make -r all 
make: Nothing to be done for `all'.
16:50:08 **** Incremental Build of configuration Debug for project FreeRTOS-template ****
make -r all 
Building file: ../Modules/Ethernet.c
Invoking: MCU C Compiler
arm-none-eabi-gcc -DDEBUG -D__USE_CMSIS=CMSISv1p30_LPC17xx -D__CODE_RED -D__REDLIB__ -I"C:\Users\Red\Documents\LPCXpresso_8.1.4_606\testSpace\FreeRTOS-template" -I"C:\Users\Red\Documents\LPCXpresso_8.1.4_606\testSpace\CMSIS_CORE_LPC17xx\inc" -I"C:\Users\Red\Documents\LPCXpresso_8.1.4_606\testSpace\FreeRTOS_Library\include" -I"C:\Users\Red\Documents\LPCXpresso_8.1.4_606\testSpace\FreeRTOS_Library\portable" -O0 -g3 -fsigned-char -c -fmessage-length=0 -fno-builtin -ffunction-sections -mcpu=cortex-m3 -mthumb -D__REDLIB__ -specs=redlib.specs -MMD -MP -MF"Modules/Ethernet.d" -MT"Modules/Ethernet.o" -MT"Modules/Ethernet.d" -o "Modules/Ethernet.o" "../Modules/Ethernet.c"
../Modules/Ethernet.c: In function 'WriteToPHY':
../Modules/Ethernet.c:65:17: error: 'PHY_DEF_ADR' undeclared (first use in this function)
  LPC_EMAC->MADR=PHY_DEF_ADR|reg;
                 ^
../Modules/Ethernet.c:65:17: note: each undeclared identifier is reported only once for each function it appears in
../Modules/Ethernet.c:69:24: error: 'MII_WR_TOUT' undeclared (first use in this function)
  for (loop = 0; loop < MII_WR_TOUT; loop++)
                        ^
../Modules/Ethernet.c:70:25: error: 'MIND_BUSY' undeclared (first use in this function)
   if ((LPC_EMAC->MIND & MIND_BUSY) == 0)
                         ^
../Modules/Ethernet.c: In function 'ReadFromPHY':
../Modules/Ethernet.c:79:17: error: 'PHY_DEF_ADR' undeclared (first use in this function)
  LPC_EMAC->MADR=PHY_DEF_ADR|reg;
                 ^
../Modules/Ethernet.c:81:19: error: 'MCMD_READ' undeclared (first use in this function)
  LPC_EMAC->MCMD = MCMD_READ;
                   ^
../Modules/Ethernet.c:83:24: error: 'MII_RD_TOUT' undeclared (first use in this function)
  for (loop = 0; loop < MII_RD_TOUT; loop++)
                        ^
../Modules/Ethernet.c:84:25: error: 'MIND_BUSY' undeclared (first use in this function)
   if ((LPC_EMAC->MIND & MIND_BUSY) == 0)
                         ^
make: *** [Modules/Ethernet.o] Error 1
16:54:31 **** Incremental Build of configuration Debug for project FreeRTOS_Library ****
make -r all 
make: Nothing to be done for `all'.
16:54:32 **** Incremental Build of configuration Debug for project FreeRTOS-template ****
make -r all 
Building file: ../Modules/Ethernet.c
Invoking: MCU C Compiler
arm-none-eabi-gcc -DDEBUG -D__USE_CMSIS=CMSISv1p30_LPC17xx -D__CODE_RED -D__REDLIB__ -I"C:\Users\Red\Documents\LPCXpresso_8.1.4_606\testSpace\FreeRTOS-template" -I"C:\Users\Red\Documents\LPCXpresso_8.1.4_606\testSpace\CMSIS_CORE_LPC17xx\inc" -I"C:\Users\Red\Documents\LPCXpresso_8.1.4_606\testSpace\FreeRTOS_Library\include" -I"C:\Users\Red\Documents\LPCXpresso_8.1.4_606\testSpace\FreeRTOS_Library\portable" -O0 -g3 -fsigned-char -c -fmessage-length=0 -fno-builtin -ffunction-sections -mcpu=cortex-m3 -mthumb -D__REDLIB__ -specs=redlib.specs -MMD -MP -MF"Modules/Ethernet.d" -MT"Modules/Ethernet.o" -MT"Modules/Ethernet.d" -o "Modules/Ethernet.o" "../Modules/Ethernet.c"
../Modules/Ethernet.c: In function 'ReadFromPHY':
../Modules/Ethernet.c:85:19: error: 'MCMD_READ' undeclared (first use in this function)
  LPC_EMAC->MCMD = MCMD_READ;
                   ^
../Modules/Ethernet.c:85:19: note: each undeclared identifier is reported only once for each function it appears in
../Modules/Ethernet.c:87:24: error: 'MII_RD_TOUT' undeclared (first use in this function)
  for (loop = 0; loop < MII_RD_TOUT; loop++)
                        ^
make: *** [Modules/Ethernet.o] Error 1
16:54:51 **** Incremental Build of configuration Debug for project FreeRTOS_Library ****
make -r all 
make: Nothing to be done for `all'.
16:54:51 **** Incremental Build of configuration Debug for project FreeRTOS-template ****
make -r all 
Building file: ../Modules/Ethernet.c
Invoking: MCU C Compiler
arm-none-eabi-gcc -DDEBUG -D__USE_CMSIS=CMSISv1p30_LPC17xx -D__CODE_RED -D__REDLIB__ -I"C:\Users\Red\Documents\LPCXpresso_8.1.4_606\testSpace\FreeRTOS-template" -I"C:\Users\Red\Documents\LPCXpresso_8.1.4_606\testSpace\CMSIS_CORE_LPC17xx\inc" -I"C:\Users\Red\Documents\LPCXpresso_8.1.4_606\testSpace\FreeRTOS_Library\include" -I"C:\Users\Red\Documents\LPCXpresso_8.1.4_606\testSpace\FreeRTOS_Library\portable" -O0 -g3 -fsigned-char -c -fmessage-length=0 -fno-builtin -ffunction-sections -mcpu=cortex-m3 -mthumb -D__REDLIB__ -specs=redlib.specs -MMD -MP -MF"Modules/Ethernet.d" -MT"Modules/Ethernet.o" -MT"Modules/Ethernet.d" -o "Modules/Ethernet.o" "../Modules/Ethernet.c"
Finished building: ../Modules/Ethernet.c
 
Building file: ../Modules/tapdev.c
Invoking: MCU C Compiler
arm-none-eabi-gcc -DDEBUG -D__USE_CMSIS=CMSISv1p30_LPC17xx -D__CODE_RED -D__REDLIB__ -I"C:\Users\Red\Documents\LPCXpresso_8.1.4_606\testSpace\FreeRTOS-template" -I"C:\Users\Red\Documents\LPCXpresso_8.1.4_606\testSpace\CMSIS_CORE_LPC17xx\inc" -I"C:\Users\Red\Documents\LPCXpresso_8.1.4_606\testSpace\FreeRTOS_Library\include" -I"C:\Users\Red\Documents\LPCXpresso_8.1.4_606\testSpace\FreeRTOS_Library\portable" -O0 -g3 -fsigned-char -c -fmessage-length=0 -fno-builtin -ffunction-sections -mcpu=cortex-m3 -mthumb -D__REDLIB__ -specs=redlib.specs -MMD -MP -MF"Modules/tapdev.d" -MT"Modules/tapdev.o" -MT"Modules/tapdev.d" -o "Modules/tapdev.o" "../Modules/tapdev.c"
Finished building: ../Modules/tapdev.c
 
Building target: SimpleDemo.axf
Invoking: MCU Linker
arm-none-eabi-gcc -nostdlib -L"C:\Users\Red\Documents\LPCXpresso_8.1.4_606\testSpace\CMSIS_CORE_LPC17xx\Debug" -L"C:\Users\Red\Documents\LPCXpresso_8.1.4_606\testSpace\uIPauxSE2" -L"C:\Users\Red\Documents\LPCXpresso_8.1.4_606\testSpace\FreeRTOS_Library\Debug" -Xlinker --gc-sections -Xlinker -Map=SimpleDemo.map -mcpu=cortex-m3 -mthumb -T "FreeRTOS-template_Debug.ld" -o "SimpleDemo.axf"  ./test/tests.o  ./Project/Environment_Tasks.o ./Project/Utils.o ./Project/proj.o  ./Modules/EEPROM.o ./Modules/Ethernet.o ./Modules/GPIO.o ./Modules/I2C.o ./Modules/KBD.o ./Modules/LCD.o ./Modules/LCD_Font.o ./Modules/LED.o ./Modules/RTC.o ./Modules/SPI.o ./Modules/tapdev.o  ./cr_startup_lpc17.o ./main.o   -lCMSIS_CORE_LPC17xx -luIPauxSE2 -lFreeRTOS_Library
Finished building target: SimpleDemo.axf
 
make --no-print-directory post-build
Performing post-build steps
arm-none-eabi-size SimpleDemo.axf; # arm-none-eabi-objcopy -O ihex SimpleDemo.axf SimpleDemo.hex ;
   text	   data	    bss	    dec	    hex	filename
  36616	     68	  12648	  49332	   c0b4	SimpleDemo.axf
 
18:12:21 **** Clean-only build of configuration Debug for project FreeRTOS_Library ****
make -r clean 
rm -rf  ./portable/heap_4.o ./portable/port.o  ./demo_code/basic_io.o ./demo_code/consoleprint.o  ./list.o ./queue.o ./tasks.o ./timers.o  ./portable/heap_4.d ./portable/port.d  ./demo_code/basic_io.d ./demo_code/consoleprint.d  ./list.d ./queue.d ./tasks.d ./timers.d  libFreeRTOS_Library.a
 
18:12:21 **** Clean-only build of configuration Debug for project FreeRTOS-template ****
make -r clean 
rm -rf  ./test/tests.o  ./Project/Environment_Tasks.o ./Project/Utils.o ./Project/proj.o  ./Modules/EEPROM.o ./Modules/Ethernet.o ./Modules/GPIO.o ./Modules/I2C.o ./Modules/KBD.o ./Modules/LCD.o ./Modules/LCD_Font.o ./Modules/LED.o ./Modules/RTC.o ./Modules/SPI.o ./Modules/tapdev.o  ./cr_startup_lpc17.o ./main.o  ./test/tests.d  ./Project/Environment_Tasks.d ./Project/Utils.d ./Project/proj.d  ./Modules/EEPROM.d ./Modules/Ethernet.d ./Modules/GPIO.d ./Modules/I2C.d ./Modules/KBD.d ./Modules/LCD.d ./Modules/LCD_Font.d ./Modules/LED.d ./Modules/RTC.d ./Modules/SPI.d ./Modules/tapdev.d  ./cr_startup_lpc17.d ./main.d  SimpleDemo.axf
 
18:12:24 **** Build of configuration Debug for project CMSIS_CORE_LPC17xx ****
make -r all 
make: Nothing to be done for `all'.
18:12:25 **** Build of configuration Debug for project FreeRTOS ****
make -r all 
make: Nothing to be done for `all'.
18:12:25 **** Build of configuration Debug for project FreeRTOS_Library ****
make -r all 
Building file: ../portable/heap_4.c
Invoking: MCU C Compiler
arm-none-eabi-gcc -D__REDLIB__ -I"C:\Users\Red\Documents\LPCXpresso_8.1.4_606\testSpace\FreeRTOS-template" -I"C:\Users\Red\Documents\LPCXpresso_8.1.4_606\testSpace\FreeRTOS_Library\include" -I"C:\Users\Red\Documents\LPCXpresso_8.1.4_606\testSpace\CMSIS_CORE_LPC17xx\inc" -I"C:\Users\Red\Documents\LPCXpresso_8.1.4_606\testSpace\FreeRTOS_Library\portable" -O1 -g3 -Wall -c -fmessage-length=0 -mcpu=cortex-m3 -mthumb -D__REDLIB__ -specs=redlib.specs -MMD -MP -MF"portable/heap_4.d" -MT"portable/heap_4.o" -MT"portable/heap_4.d" -o "portable/heap_4.o" "../portable/heap_4.c"
In file included from C:\Users\Red\Documents\LPCXpresso_8.1.4_606\testSpace\FreeRTOS_Library\include/portable.h:320:0,
                 from C:\Users\Red\Documents\LPCXpresso_8.1.4_606\testSpace\FreeRTOS_Library\include/FreeRTOS.h:83,
                 from ../portable/heap_4.c:82:
C:\Users\Red\Documents\LPCXpresso_8.1.4_606\testSpace\FreeRTOS_Library\portable/portmacro.h: In function 'ucPortCountLeadingZeros':
C:\Users\Red\Documents\LPCXpresso_8.1.4_606\testSpace\FreeRTOS_Library\portable/portmacro.h:171:58: warning: type of 'ulBitmap' defaults to 'int' [-Wimplicit-int]
  __attribute__( ( always_inline ) ) static unsigned char ucPortCountLeadingZeros( ulBitmap )
                                                          ^
../portable/heap_4.c: At top level:
C:\Users\Red\Documents\LPCXpresso_8.1.4_606\testSpace\FreeRTOS_Library\portable/portmacro.h:171:58: warning: 'ucPortCountLeadingZeros' defined but not used [-Wunused-function]
C:\Users\Red\Documents\LPCXpresso_8.1.4_606\testSpace\FreeRTOS_Library\portable/portmacro.h:171:58: warning: always_inline function might not be inlinable [-Wattributes]
Finished building: ../portable/heap_4.c
 
Building file: ../portable/port.c
Invoking: MCU C Compiler
arm-none-eabi-gcc -D__REDLIB__ -I"C:\Users\Red\Documents\LPCXpresso_8.1.4_606\testSpace\FreeRTOS-template" -I"C:\Users\Red\Documents\LPCXpresso_8.1.4_606\testSpace\FreeRTOS_Library\include" -I"C:\Users\Red\Documents\LPCXpresso_8.1.4_606\testSpace\CMSIS_CORE_LPC17xx\inc" -I"C:\Users\Red\Documents\LPCXpresso_8.1.4_606\testSpace\FreeRTOS_Library\portable" -O1 -g3 -Wall -c -fmessage-length=0 -mcpu=cortex-m3 -mthumb -D__REDLIB__ -specs=redlib.specs -MMD -MP -MF"portable/port.d" -MT"portable/port.o" -MT"portable/port.d" -o "portable/port.o" "../portable/port.c"
In file included from C:\Users\Red\Documents\LPCXpresso_8.1.4_606\testSpace\FreeRTOS_Library\include/portable.h:320:0,
                 from C:\Users\Red\Documents\LPCXpresso_8.1.4_606\testSpace\FreeRTOS_Library\include/FreeRTOS.h:83,
                 from ../portable/port.c:72:
C:\Users\Red\Documents\LPCXpresso_8.1.4_606\testSpace\FreeRTOS_Library\portable/portmacro.h: In function 'ucPortCountLeadingZeros':
C:\Users\Red\Documents\LPCXpresso_8.1.4_606\testSpace\FreeRTOS_Library\portable/portmacro.h:171:58: warning: type of 'ulBitmap' defaults to 'int' [-Wimplicit-int]
  __attribute__( ( always_inline ) ) static unsigned char ucPortCountLeadingZeros( ulBitmap )
                                                          ^
../portable/port.c: At top level:
C:\Users\Red\Documents\LPCXpresso_8.1.4_606\testSpace\FreeRTOS_Library\portable/portmacro.h:171:58: warning: 'ucPortCountLeadingZeros' defined but not used [-Wunused-function]
C:\Users\Red\Documents\LPCXpresso_8.1.4_606\testSpace\FreeRTOS_Library\portable/portmacro.h:171:58: warning: always_inline function might not be inlinable [-Wattributes]
Finished building: ../portable/port.c
 
Building file: ../demo_code/basic_io.c
Invoking: MCU C Compiler
arm-none-eabi-gcc -D__REDLIB__ -I"C:\Users\Red\Documents\LPCXpresso_8.1.4_606\testSpace\FreeRTOS-template" -I"C:\Users\Red\Documents\LPCXpresso_8.1.4_606\testSpace\FreeRTOS_Library\include" -I"C:\Users\Red\Documents\LPCXpresso_8.1.4_606\testSpace\CMSIS_CORE_LPC17xx\inc" -I"C:\Users\Red\Documents\LPCXpresso_8.1.4_606\testSpace\FreeRTOS_Library\portable" -O1 -g3 -Wall -c -fmessage-length=0 -mcpu=cortex-m3 -mthumb -D__REDLIB__ -specs=redlib.specs -MMD -MP -MF"demo_code/basic_io.d" -MT"demo_code/basic_io.o" -MT"demo_code/basic_io.d" -o "demo_code/basic_io.o" "../demo_code/basic_io.c"
In file included from C:\Users\Red\Documents\LPCXpresso_8.1.4_606\testSpace\FreeRTOS_Library\include/portable.h:320:0,
                 from C:\Users\Red\Documents\LPCXpresso_8.1.4_606\testSpace\FreeRTOS_Library\include/FreeRTOS.h:83,
                 from ../demo_code/basic_io.c:35:
C:\Users\Red\Documents\LPCXpresso_8.1.4_606\testSpace\FreeRTOS_Library\portable/portmacro.h: In function 'ucPortCountLeadingZeros':
C:\Users\Red\Documents\LPCXpresso_8.1.4_606\testSpace\FreeRTOS_Library\portable/portmacro.h:171:58: warning: type of 'ulBitmap' defaults to 'int' [-Wimplicit-int]
  __attribute__( ( always_inline ) ) static unsigned char ucPortCountLeadingZeros( ulBitmap )
                                                          ^
../demo_code/basic_io.c: At top level:
C:\Users\Red\Documents\LPCXpresso_8.1.4_606\testSpace\FreeRTOS_Library\portable/portmacro.h:171:58: warning: 'ucPortCountLeadingZeros' defined but not used [-Wunused-function]
C:\Users\Red\Documents\LPCXpresso_8.1.4_606\testSpace\FreeRTOS_Library\portable/portmacro.h:171:58: warning: always_inline function might not be inlinable [-Wattributes]
Finished building: ../demo_code/basic_io.c
 
Building file: ../demo_code/consoleprint.c
Invoking: MCU C Compiler
arm-none-eabi-gcc -D__REDLIB__ -I"C:\Users\Red\Documents\LPCXpresso_8.1.4_606\testSpace\FreeRTOS-template" -I"C:\Users\Red\Documents\LPCXpresso_8.1.4_606\testSpace\FreeRTOS_Library\include" -I"C:\Users\Red\Documents\LPCXpresso_8.1.4_606\testSpace\CMSIS_CORE_LPC17xx\inc" -I"C:\Users\Red\Documents\LPCXpresso_8.1.4_606\testSpace\FreeRTOS_Library\portable" -O1 -g3 -Wall -c -fmessage-length=0 -mcpu=cortex-m3 -mthumb -D__REDLIB__ -specs=redlib.specs -MMD -MP -MF"demo_code/consoleprint.d" -MT"demo_code/consoleprint.o" -MT"demo_code/consoleprint.d" -o "demo_code/consoleprint.o" "../demo_code/consoleprint.c"
Finished building: ../demo_code/consoleprint.c
 
Building file: ../list.c
Invoking: MCU C Compiler
arm-none-eabi-gcc -D__REDLIB__ -I"C:\Users\Red\Documents\LPCXpresso_8.1.4_606\testSpace\FreeRTOS-template" -I"C:\Users\Red\Documents\LPCXpresso_8.1.4_606\testSpace\FreeRTOS_Library\include" -I"C:\Users\Red\Documents\LPCXpresso_8.1.4_606\testSpace\CMSIS_CORE_LPC17xx\inc" -I"C:\Users\Red\Documents\LPCXpresso_8.1.4_606\testSpace\FreeRTOS_Library\portable" -O1 -g3 -Wall -c -fmessage-length=0 -mcpu=cortex-m3 -mthumb -D__REDLIB__ -specs=redlib.specs -MMD -MP -MF"list.d" -MT"list.o" -MT"list.d" -o "list.o" "../list.c"
In file included from C:\Users\Red\Documents\LPCXpresso_8.1.4_606\testSpace\FreeRTOS_Library\include/portable.h:320:0,
                 from C:\Users\Red\Documents\LPCXpresso_8.1.4_606\testSpace\FreeRTOS_Library\include/FreeRTOS.h:83,
                 from ../list.c:69:
C:\Users\Red\Documents\LPCXpresso_8.1.4_606\testSpace\FreeRTOS_Library\portable/portmacro.h: In function 'ucPortCountLeadingZeros':
C:\Users\Red\Documents\LPCXpresso_8.1.4_606\testSpace\FreeRTOS_Library\portable/portmacro.h:171:58: warning: type of 'ulBitmap' defaults to 'int' [-Wimplicit-int]
  __attribute__( ( always_inline ) ) static unsigned char ucPortCountLeadingZeros( ulBitmap )
                                                          ^
../list.c: At top level:
C:\Users\Red\Documents\LPCXpresso_8.1.4_606\testSpace\FreeRTOS_Library\portable/portmacro.h:171:58: warning: 'ucPortCountLeadingZeros' defined but not used [-Wunused-function]
C:\Users\Red\Documents\LPCXpresso_8.1.4_606\testSpace\FreeRTOS_Library\portable/portmacro.h:171:58: warning: always_inline function might not be inlinable [-Wattributes]
Finished building: ../list.c
 
Building file: ../queue.c
Invoking: MCU C Compiler
arm-none-eabi-gcc -D__REDLIB__ -I"C:\Users\Red\Documents\LPCXpresso_8.1.4_606\testSpace\FreeRTOS-template" -I"C:\Users\Red\Documents\LPCXpresso_8.1.4_606\testSpace\FreeRTOS_Library\include" -I"C:\Users\Red\Documents\LPCXpresso_8.1.4_606\testSpace\CMSIS_CORE_LPC17xx\inc" -I"C:\Users\Red\Documents\LPCXpresso_8.1.4_606\testSpace\FreeRTOS_Library\portable" -O1 -g3 -Wall -c -fmessage-length=0 -mcpu=cortex-m3 -mthumb -D__REDLIB__ -specs=redlib.specs -MMD -MP -MF"queue.d" -MT"queue.o" -MT"queue.d" -o "queue.o" "../queue.c"
In file included from C:\Users\Red\Documents\LPCXpresso_8.1.4_606\testSpace\FreeRTOS_Library\include/portable.h:320:0,
                 from C:\Users\Red\Documents\LPCXpresso_8.1.4_606\testSpace\FreeRTOS_Library\include/FreeRTOS.h:83,
                 from ../queue.c:75:
C:\Users\Red\Documents\LPCXpresso_8.1.4_606\testSpace\FreeRTOS_Library\portable/portmacro.h: In function 'ucPortCountLeadingZeros':
C:\Users\Red\Documents\LPCXpresso_8.1.4_606\testSpace\FreeRTOS_Library\portable/portmacro.h:171:58: warning: type of 'ulBitmap' defaults to 'int' [-Wimplicit-int]
  __attribute__( ( always_inline ) ) static unsigned char ucPortCountLeadingZeros( ulBitmap )
                                                          ^
../queue.c: At top level:
C:\Users\Red\Documents\LPCXpresso_8.1.4_606\testSpace\FreeRTOS_Library\portable/portmacro.h:171:58: warning: 'ucPortCountLeadingZeros' defined but not used [-Wunused-function]
C:\Users\Red\Documents\LPCXpresso_8.1.4_606\testSpace\FreeRTOS_Library\portable/portmacro.h:171:58: warning: always_inline function might not be inlinable [-Wattributes]
Finished building: ../queue.c
 
Building file: ../tasks.c
Invoking: MCU C Compiler
arm-none-eabi-gcc -D__REDLIB__ -I"C:\Users\Red\Documents\LPCXpresso_8.1.4_606\testSpace\FreeRTOS-template" -I"C:\Users\Red\Documents\LPCXpresso_8.1.4_606\testSpace\FreeRTOS_Library\include" -I"C:\Users\Red\Documents\LPCXpresso_8.1.4_606\testSpace\CMSIS_CORE_LPC17xx\inc" -I"C:\Users\Red\Documents\LPCXpresso_8.1.4_606\testSpace\FreeRTOS_Library\portable" -O1 -g3 -Wall -c -fmessage-length=0 -mcpu=cortex-m3 -mthumb -D__REDLIB__ -specs=redlib.specs -MMD -MP -MF"tasks.d" -MT"tasks.o" -MT"tasks.d" -o "tasks.o" "../tasks.c"
In file included from C:\Users\Red\Documents\LPCXpresso_8.1.4_606\testSpace\FreeRTOS_Library\include/portable.h:320:0,
                 from C:\Users\Red\Documents\LPCXpresso_8.1.4_606\testSpace\FreeRTOS_Library\include/FreeRTOS.h:83,
                 from ../tasks.c:77:
C:\Users\Red\Documents\LPCXpresso_8.1.4_606\testSpace\FreeRTOS_Library\portable/portmacro.h: In function 'ucPortCountLeadingZeros':
C:\Users\Red\Documents\LPCXpresso_8.1.4_606\testSpace\FreeRTOS_Library\portable/portmacro.h:171:58: warning: type of 'ulBitmap' defaults to 'int' [-Wimplicit-int]
  __attribute__( ( always_inline ) ) static unsigned char ucPortCountLeadingZeros( ulBitmap )
                                                          ^
At top level:
C:\Users\Red\Documents\LPCXpresso_8.1.4_606\testSpace\FreeRTOS_Library\portable/portmacro.h:171:58: warning: always_inline function might not be inlinable [-Wattributes]
Finished building: ../tasks.c
 
Building file: ../timers.c
Invoking: MCU C Compiler
arm-none-eabi-gcc -D__REDLIB__ -I"C:\Users\Red\Documents\LPCXpresso_8.1.4_606\testSpace\FreeRTOS-template" -I"C:\Users\Red\Documents\LPCXpresso_8.1.4_606\testSpace\FreeRTOS_Library\include" -I"C:\Users\Red\Documents\LPCXpresso_8.1.4_606\testSpace\CMSIS_CORE_LPC17xx\inc" -I"C:\Users\Red\Documents\LPCXpresso_8.1.4_606\testSpace\FreeRTOS_Library\portable" -O1 -g3 -Wall -c -fmessage-length=0 -mcpu=cortex-m3 -mthumb -D__REDLIB__ -specs=redlib.specs -MMD -MP -MF"timers.d" -MT"timers.o" -MT"timers.d" -o "timers.o" "../timers.c"
In file included from C:\Users\Red\Documents\LPCXpresso_8.1.4_606\testSpace\FreeRTOS_Library\include/portable.h:320:0,
                 from C:\Users\Red\Documents\LPCXpresso_8.1.4_606\testSpace\FreeRTOS_Library\include/FreeRTOS.h:83,
                 from ../timers.c:72:
C:\Users\Red\Documents\LPCXpresso_8.1.4_606\testSpace\FreeRTOS_Library\portable/portmacro.h: In function 'ucPortCountLeadingZeros':
C:\Users\Red\Documents\LPCXpresso_8.1.4_606\testSpace\FreeRTOS_Library\portable/portmacro.h:171:58: warning: type of 'ulBitmap' defaults to 'int' [-Wimplicit-int]
  __attribute__( ( always_inline ) ) static unsigned char ucPortCountLeadingZeros( ulBitmap )
                                                          ^
../timers.c: At top level:
C:\Users\Red\Documents\LPCXpresso_8.1.4_606\testSpace\FreeRTOS_Library\portable/portmacro.h:171:58: warning: 'ucPortCountLeadingZeros' defined but not used [-Wunused-function]
C:\Users\Red\Documents\LPCXpresso_8.1.4_606\testSpace\FreeRTOS_Library\portable/portmacro.h:171:58: warning: always_inline function might not be inlinable [-Wattributes]
Finished building: ../timers.c
 
Building target: libFreeRTOS_Library.a
Invoking: MCU Archiver
arm-none-eabi-ar -r  "libFreeRTOS_Library.a"  ./portable/heap_4.o ./portable/port.o  ./demo_code/basic_io.o ./demo_code/consoleprint.o  ./list.o ./queue.o ./tasks.o ./timers.o   
c:\nxp\LPCXpresso_8.1.4_606\lpcxpresso\tools\bin\arm-none-eabi-ar.exe: creating libFreeRTOS_Library.a
Finished building target: libFreeRTOS_Library.a
 
make --no-print-directory post-build
Performing post-build steps
arm-none-eabi-size libFreeRTOS_Library.a ; # arm-none-eabi-objdump -h -S libFreeRTOS_Library.a >libFreeRTOS_Library.lss
   text	   data	    bss	    dec	    hex	filename
    320	      4	   2064	   2388	    954	heap_4.o (ex libFreeRTOS_Library.a)
    332	      4	      0	    336	    150	port.o (ex libFreeRTOS_Library.a)
     88	      0	     50	    138	     8a	basic_io.o (ex libFreeRTOS_Library.a)
     20	      0	      0	     20	     14	consoleprint.o (ex libFreeRTOS_Library.a)
    156	      0	      0	    156	     9c	list.o (ex libFreeRTOS_Library.a)
   1260	      0	      0	   1260	    4ec	queue.o (ex libFreeRTOS_Library.a)
   2897	      4	    256	   3157	    c55	tasks.o (ex libFreeRTOS_Library.a)
      0	      0	      0	      0	      0	timers.o (ex libFreeRTOS_Library.a)
 
18:12:27 **** Build of configuration Debug for project FreeRTOS-template ****
make -r all 
Building file: ../test/tests.c
Invoking: MCU C Compiler
arm-none-eabi-gcc -DDEBUG -D__USE_CMSIS=CMSISv1p30_LPC17xx -D__CODE_RED -D__REDLIB__ -I"C:\Users\Red\Documents\LPCXpresso_8.1.4_606\testSpace\FreeRTOS-template" -I"C:\Users\Red\Documents\LPCXpresso_8.1.4_606\testSpace\CMSIS_CORE_LPC17xx\inc" -I"C:\Users\Red\Documents\LPCXpresso_8.1.4_606\testSpace\FreeRTOS_Library\include" -I"C:\Users\Red\Documents\LPCXpresso_8.1.4_606\testSpace\FreeRTOS_Library\portable" -O0 -g3 -fsigned-char -c -fmessage-length=0 -fno-builtin -ffunction-sections -mcpu=cortex-m3 -mthumb -D__REDLIB__ -specs=redlib.specs -MMD -MP -MF"test/tests.d" -MT"test/tests.o" -MT"test/tests.d" -o "test/tests.o" "../test/tests.c"
In file included from ../test/../../FreeRTOS_Library/include/portable.h:320:0,
                 from ../test/../../FreeRTOS_Library/include/FreeRTOS.h:83,
                 from ../test/tests.c:8:
C:\Users\Red\Documents\LPCXpresso_8.1.4_606\testSpace\FreeRTOS_Library\portable/portmacro.h: In function 'ucPortCountLeadingZeros':
C:\Users\Red\Documents\LPCXpresso_8.1.4_606\testSpace\FreeRTOS_Library\portable/portmacro.h:171:58: warning: type of 'ulBitmap' defaults to 'int' [-Wimplicit-int]
  __attribute__( ( always_inline ) ) static unsigned char ucPortCountLeadingZeros( ulBitmap )
                                                          ^
In file included from ../test/tests.c:9:0:
../test/tests.c: In function 'RTCTest':
../test/../../FreeRTOS_Library/include/task.h:294:118: warning: passing argument 1 of 'xTaskGenericCreate' from incompatible pointer type [-Wincompatible-pointer-types]
 #define xTaskCreate( pvTaskCode, pcName, usStackDepth, pvParameters, uxPriority, pxCreatedTask ) xTaskGenericCreate( ( pvTaskCode ), ( pcName ), ( usStackDepth ), ( pvParameters ), ( uxPriority ), ( pxCreatedTask ), ( NULL ), ( NULL ) )
                                                                                                                      ^
../test/tests.c:64:2: note: in expansion of macro 'xTaskCreate'
  xTaskCreate(GetDatetimeTask, "RTC_GetDateTime", configMINIMAL_STACK_SIZE, NULL, 0 , NULL);
  ^
In file included from ../test/tests.c:9:0:
../test/../../FreeRTOS_Library/include/task.h:1310:22: note: expected 'pdTASK_CODE {aka void (*)(void *)}' but argument is of type 'void (*)(void)'
 signed portBASE_TYPE xTaskGenericCreate( pdTASK_CODE pxTaskCode, const signed char * const pcName, unsigned short usStackDepth, void *pvParameters, unsigned portBASE_TYPE uxPriority, xTaskHandle *pxCreatedTask, portSTACK_TYPE *puxStackBuffer, const xMemoryRegion * const xRegions ) PRIVILEGED_FUNCTION;
                      ^
In file included from ../test/tests.c:9:0:
../test/tests.c: In function 'ledTest':
../test/../../FreeRTOS_Library/include/task.h:294:118: warning: passing argument 1 of 'xTaskGenericCreate' from incompatible pointer type [-Wincompatible-pointer-types]
 #define xTaskCreate( pvTaskCode, pcName, usStackDepth, pvParameters, uxPriority, pxCreatedTask ) xTaskGenericCreate( ( pvTaskCode ), ( pcName ), ( usStackDepth ), ( pvParameters ), ( uxPriority ), ( pxCreatedTask ), ( NULL ), ( NULL ) )
                                                                                                                      ^
../test/tests.c:124:2: note: in expansion of macro 'xTaskCreate'
  xTaskCreate(blinkLedLib, "ledTest", configMINIMAL_STACK_SIZE, NULL, 0 , NULL );
  ^
In file included from ../test/tests.c:9:0:
../test/../../FreeRTOS_Library/include/task.h:1310:22: note: expected 'pdTASK_CODE {aka void (*)(void *)}' but argument is of type 'void (*)(void)'
 signed portBASE_TYPE xTaskGenericCreate( pdTASK_CODE pxTaskCode, const signed char * const pcName, unsigned short usStackDepth, void *pvParameters, unsigned portBASE_TYPE uxPriority, xTaskHandle *pxCreatedTask, portSTACK_TYPE *puxStackBuffer, const xMemoryRegion * const xRegions ) PRIVILEGED_FUNCTION;
                      ^
In file included from ../test/tests.c:9:0:
../test/tests.c: In function 'kbdTest':
../test/../../FreeRTOS_Library/include/task.h:294:118: warning: passing argument 1 of 'xTaskGenericCreate' from incompatible pointer type [-Wincompatible-pointer-types]
 #define xTaskCreate( pvTaskCode, pcName, usStackDepth, pvParameters, uxPriority, pxCreatedTask ) xTaskGenericCreate( ( pvTaskCode ), ( pcName ), ( usStackDepth ), ( pvParameters ), ( uxPriority ), ( pxCreatedTask ), ( NULL ), ( NULL ) )
                                                                                                                      ^
../test/tests.c:238:2: note: in expansion of macro 'xTaskCreate'
  xTaskCreate(setKey1, "setKey", configMINIMAL_STACK_SIZE, NULL, 0 , NULL );
  ^
In file included from ../test/tests.c:9:0:
../test/../../FreeRTOS_Library/include/task.h:1310:22: note: expected 'pdTASK_CODE {aka void (*)(void *)}' but argument is of type 'void (*)(void)'
 signed portBASE_TYPE xTaskGenericCreate( pdTASK_CODE pxTaskCode, const signed char * const pcName, unsigned short usStackDepth, void *pvParameters, unsigned portBASE_TYPE uxPriority, xTaskHandle *pxCreatedTask, portSTACK_TYPE *puxStackBuffer, const xMemoryRegion * const xRegions ) PRIVILEGED_FUNCTION;
                      ^
In file included from ../test/tests.c:9:0:
../test/../../FreeRTOS_Library/include/task.h:294:118: warning: passing argument 1 of 'xTaskGenericCreate' from incompatible pointer type [-Wincompatible-pointer-types]
 #define xTaskCreate( pvTaskCode, pcName, usStackDepth, pvParameters, uxPriority, pxCreatedTask ) xTaskGenericCreate( ( pvTaskCode ), ( pcName ), ( usStackDepth ), ( pvParameters ), ( uxPriority ), ( pxCreatedTask ), ( NULL ), ( NULL ) )
                                                                                                                      ^
../test/tests.c:239:2: note: in expansion of macro 'xTaskCreate'
  xTaskCreate(getKey1, "getKey", configMINIMAL_STACK_SIZE, NULL, 0 , NULL );
  ^
In file included from ../test/tests.c:9:0:
../test/../../FreeRTOS_Library/include/task.h:1310:22: note: expected 'pdTASK_CODE {aka void (*)(void *)}' but argument is of type 'void (*)(void)'
 signed portBASE_TYPE xTaskGenericCreate( pdTASK_CODE pxTaskCode, const signed char * const pcName, unsigned short usStackDepth, void *pvParameters, unsigned portBASE_TYPE uxPriority, xTaskHandle *pxCreatedTask, portSTACK_TYPE *puxStackBuffer, const xMemoryRegion * const xRegions ) PRIVILEGED_FUNCTION;
                      ^
In file included from ../test/../../FreeRTOS_Library/include/portable.h:320:0,
                 from ../test/../../FreeRTOS_Library/include/FreeRTOS.h:83,
                 from ../test/tests.c:8:
At top level:
C:\Users\Red\Documents\LPCXpresso_8.1.4_606\testSpace\FreeRTOS_Library\portable/portmacro.h:171:58: warning: always_inline function might not be inlinable [-Wattributes]
  __attribute__( ( always_inline ) ) static unsigned char ucPortCountLeadingZeros( ulBitmap )
                                                          ^
Finished building: ../test/tests.c
 
Building file: ../Project/Environment_Tasks.c
Invoking: MCU C Compiler
arm-none-eabi-gcc -DDEBUG -D__USE_CMSIS=CMSISv1p30_LPC17xx -D__CODE_RED -D__REDLIB__ -I"C:\Users\Red\Documents\LPCXpresso_8.1.4_606\testSpace\FreeRTOS-template" -I"C:\Users\Red\Documents\LPCXpresso_8.1.4_606\testSpace\CMSIS_CORE_LPC17xx\inc" -I"C:\Users\Red\Documents\LPCXpresso_8.1.4_606\testSpace\FreeRTOS_Library\include" -I"C:\Users\Red\Documents\LPCXpresso_8.1.4_606\testSpace\FreeRTOS_Library\portable" -O0 -g3 -fsigned-char -c -fmessage-length=0 -fno-builtin -ffunction-sections -mcpu=cortex-m3 -mthumb -D__REDLIB__ -specs=redlib.specs -MMD -MP -MF"Project/Environment_Tasks.d" -MT"Project/Environment_Tasks.o" -MT"Project/Environment_Tasks.d" -o "Project/Environment_Tasks.o" "../Project/Environment_Tasks.c"
In file included from C:\Users\Red\Documents\LPCXpresso_8.1.4_606\testSpace\FreeRTOS_Library\include/portable.h:320:0,
                 from C:\Users\Red\Documents\LPCXpresso_8.1.4_606\testSpace\FreeRTOS_Library\include/FreeRTOS.h:83,
                 from ../Project/../Modules/KBD.h:19,
                 from ../Project/Utils.h:16,
                 from ../Project/Environment_Tasks.h:11,
                 from ../Project/Environment_Tasks.c:8:
C:\Users\Red\Documents\LPCXpresso_8.1.4_606\testSpace\FreeRTOS_Library\portable/portmacro.h: In function 'ucPortCountLeadingZeros':
C:\Users\Red\Documents\LPCXpresso_8.1.4_606\testSpace\FreeRTOS_Library\portable/portmacro.h:171:58: warning: type of 'ulBitmap' defaults to 'int' [-Wimplicit-int]
  __attribute__( ( always_inline ) ) static unsigned char ucPortCountLeadingZeros( ulBitmap )
                                                          ^
../Project/Environment_Tasks.c: In function 'mainTaskFunc':
../Project/Environment_Tasks.c:20:5: warning: implicit declaration of function 'xTaskNotifyGive' [-Wimplicit-function-declaration]
     xTaskNotifyGive(AdminModeTask);
     ^
../Project/Environment_Tasks.c:24:4: warning: implicit declaration of function 'ulTaskNotifyTake' [-Wimplicit-function-declaration]
    ulTaskNotifyTake(pdTRUE,portMAX_DELAY);
    ^
In file included from C:\Users\Red\Documents\LPCXpresso_8.1.4_606\testSpace\FreeRTOS_Library\include/portable.h:320:0,
                 from C:\Users\Red\Documents\LPCXpresso_8.1.4_606\testSpace\FreeRTOS_Library\include/FreeRTOS.h:83,
                 from ../Project/../Modules/KBD.h:19,
                 from ../Project/Utils.h:16,
                 from ../Project/Environment_Tasks.h:11,
                 from ../Project/Environment_Tasks.c:8:
At top level:
C:\Users\Red\Documents\LPCXpresso_8.1.4_606\testSpace\FreeRTOS_Library\portable/portmacro.h:171:58: warning: always_inline function might not be inlinable [-Wattributes]
  __attribute__( ( always_inline ) ) static unsigned char ucPortCountLeadingZeros( ulBitmap )
                                                          ^
Finished building: ../Project/Environment_Tasks.c
 
Building file: ../Project/Utils.c
Invoking: MCU C Compiler
arm-none-eabi-gcc -DDEBUG -D__USE_CMSIS=CMSISv1p30_LPC17xx -D__CODE_RED -D__REDLIB__ -I"C:\Users\Red\Documents\LPCXpresso_8.1.4_606\testSpace\FreeRTOS-template" -I"C:\Users\Red\Documents\LPCXpresso_8.1.4_606\testSpace\CMSIS_CORE_LPC17xx\inc" -I"C:\Users\Red\Documents\LPCXpresso_8.1.4_606\testSpace\FreeRTOS_Library\include" -I"C:\Users\Red\Documents\LPCXpresso_8.1.4_606\testSpace\FreeRTOS_Library\portable" -O0 -g3 -fsigned-char -c -fmessage-length=0 -fno-builtin -ffunction-sections -mcpu=cortex-m3 -mthumb -D__REDLIB__ -specs=redlib.specs -MMD -MP -MF"Project/Utils.d" -MT"Project/Utils.o" -MT"Project/Utils.d" -o "Project/Utils.o" "../Project/Utils.c"
In file included from C:\Users\Red\Documents\LPCXpresso_8.1.4_606\testSpace\FreeRTOS_Library\include/portable.h:320:0,
                 from C:\Users\Red\Documents\LPCXpresso_8.1.4_606\testSpace\FreeRTOS_Library\include/FreeRTOS.h:83,
                 from ../Project/../Modules/KBD.h:19,
                 from ../Project/Utils.h:16,
                 from ../Project/Utils.c:9:
C:\Users\Red\Documents\LPCXpresso_8.1.4_606\testSpace\FreeRTOS_Library\portable/portmacro.h: In function 'ucPortCountLeadingZeros':
C:\Users\Red\Documents\LPCXpresso_8.1.4_606\testSpace\FreeRTOS_Library\portable/portmacro.h:171:58: warning: type of 'ulBitmap' defaults to 'int' [-Wimplicit-int]
  __attribute__( ( always_inline ) ) static unsigned char ucPortCountLeadingZeros( ulBitmap )
                                                          ^
At top level:
C:\Users\Red\Documents\LPCXpresso_8.1.4_606\testSpace\FreeRTOS_Library\portable/portmacro.h:171:58: warning: always_inline function might not be inlinable [-Wattributes]
Finished building: ../Project/Utils.c
 
Building file: ../Project/proj.c
Invoking: MCU C Compiler
arm-none-eabi-gcc -DDEBUG -D__USE_CMSIS=CMSISv1p30_LPC17xx -D__CODE_RED -D__REDLIB__ -I"C:\Users\Red\Documents\LPCXpresso_8.1.4_606\testSpace\FreeRTOS-template" -I"C:\Users\Red\Documents\LPCXpresso_8.1.4_606\testSpace\CMSIS_CORE_LPC17xx\inc" -I"C:\Users\Red\Documents\LPCXpresso_8.1.4_606\testSpace\FreeRTOS_Library\include" -I"C:\Users\Red\Documents\LPCXpresso_8.1.4_606\testSpace\FreeRTOS_Library\portable" -O0 -g3 -fsigned-char -c -fmessage-length=0 -fno-builtin -ffunction-sections -mcpu=cortex-m3 -mthumb -D__REDLIB__ -specs=redlib.specs -MMD -MP -MF"Project/proj.d" -MT"Project/proj.o" -MT"Project/proj.d" -o "Project/proj.o" "../Project/proj.c"
In file included from C:\Users\Red\Documents\LPCXpresso_8.1.4_606\testSpace\FreeRTOS_Library\include/portable.h:320:0,
                 from C:\Users\Red\Documents\LPCXpresso_8.1.4_606\testSpace\FreeRTOS_Library\include/FreeRTOS.h:83,
                 from ../Project/../Modules/KBD.h:19,
                 from ../Project/Utils.h:16,
                 from ../Project/Environment_Tasks.h:11,
                 from ../Project/proj.c:8:
C:\Users\Red\Documents\LPCXpresso_8.1.4_606\testSpace\FreeRTOS_Library\portable/portmacro.h: In function 'ucPortCountLeadingZeros':
C:\Users\Red\Documents\LPCXpresso_8.1.4_606\testSpace\FreeRTOS_Library\portable/portmacro.h:171:58: warning: type of 'ulBitmap' defaults to 'int' [-Wimplicit-int]
  __attribute__( ( always_inline ) ) static unsigned char ucPortCountLeadingZeros( ulBitmap )
                                                          ^
At top level:
C:\Users\Red\Documents\LPCXpresso_8.1.4_606\testSpace\FreeRTOS_Library\portable/portmacro.h:171:58: warning: always_inline function might not be inlinable [-Wattributes]
Finished building: ../Project/proj.c
 
Building file: ../Modules/EEPROM.c
Invoking: MCU C Compiler
arm-none-eabi-gcc -DDEBUG -D__USE_CMSIS=CMSISv1p30_LPC17xx -D__CODE_RED -D__REDLIB__ -I"C:\Users\Red\Documents\LPCXpresso_8.1.4_606\testSpace\FreeRTOS-template" -I"C:\Users\Red\Documents\LPCXpresso_8.1.4_606\testSpace\CMSIS_CORE_LPC17xx\inc" -I"C:\Users\Red\Documents\LPCXpresso_8.1.4_606\testSpace\FreeRTOS_Library\include" -I"C:\Users\Red\Documents\LPCXpresso_8.1.4_606\testSpace\FreeRTOS_Library\portable" -O0 -g3 -fsigned-char -c -fmessage-length=0 -fno-builtin -ffunction-sections -mcpu=cortex-m3 -mthumb -D__REDLIB__ -specs=redlib.specs -MMD -MP -MF"Modules/EEPROM.d" -MT"Modules/EEPROM.o" -MT"Modules/EEPROM.d" -o "Modules/EEPROM.o" "../Modules/EEPROM.c"
../Modules/EEPROM.c: In function 'EEPROM_Write':
../Modules/EEPROM.c:18:2: warning: implicit declaration of function 'merge' [-Wimplicit-function-declaration]
  merge(aux, addr_buffer, ADDRESS_SIZE, buffer, size);
  ^
Finished building: ../Modules/EEPROM.c
 
Building file: ../Modules/Ethernet.c
Invoking: MCU C Compiler
arm-none-eabi-gcc -DDEBUG -D__USE_CMSIS=CMSISv1p30_LPC17xx -D__CODE_RED -D__REDLIB__ -I"C:\Users\Red\Documents\LPCXpresso_8.1.4_606\testSpace\FreeRTOS-template" -I"C:\Users\Red\Documents\LPCXpresso_8.1.4_606\testSpace\CMSIS_CORE_LPC17xx\inc" -I"C:\Users\Red\Documents\LPCXpresso_8.1.4_606\testSpace\FreeRTOS_Library\include" -I"C:\Users\Red\Documents\LPCXpresso_8.1.4_606\testSpace\FreeRTOS_Library\portable" -O0 -g3 -fsigned-char -c -fmessage-length=0 -fno-builtin -ffunction-sections -mcpu=cortex-m3 -mthumb -D__REDLIB__ -specs=redlib.specs -MMD -MP -MF"Modules/Ethernet.d" -MT"Modules/Ethernet.o" -MT"Modules/Ethernet.d" -o "Modules/Ethernet.o" "../Modules/Ethernet.c"
Finished building: ../Modules/Ethernet.c
 
Building file: ../Modules/GPIO.c
Invoking: MCU C Compiler
arm-none-eabi-gcc -DDEBUG -D__USE_CMSIS=CMSISv1p30_LPC17xx -D__CODE_RED -D__REDLIB__ -I"C:\Users\Red\Documents\LPCXpresso_8.1.4_606\testSpace\FreeRTOS-template" -I"C:\Users\Red\Documents\LPCXpresso_8.1.4_606\testSpace\CMSIS_CORE_LPC17xx\inc" -I"C:\Users\Red\Documents\LPCXpresso_8.1.4_606\testSpace\FreeRTOS_Library\include" -I"C:\Users\Red\Documents\LPCXpresso_8.1.4_606\testSpace\FreeRTOS_Library\portable" -O0 -g3 -fsigned-char -c -fmessage-length=0 -fno-builtin -ffunction-sections -mcpu=cortex-m3 -mthumb -D__REDLIB__ -specs=redlib.specs -MMD -MP -MF"Modules/GPIO.d" -MT"Modules/GPIO.o" -MT"Modules/GPIO.d" -o "Modules/GPIO.o" "../Modules/GPIO.c"
Finished building: ../Modules/GPIO.c
 
Building file: ../Modules/I2C.c
Invoking: MCU C Compiler
arm-none-eabi-gcc -DDEBUG -D__USE_CMSIS=CMSISv1p30_LPC17xx -D__CODE_RED -D__REDLIB__ -I"C:\Users\Red\Documents\LPCXpresso_8.1.4_606\testSpace\FreeRTOS-template" -I"C:\Users\Red\Documents\LPCXpresso_8.1.4_606\testSpace\CMSIS_CORE_LPC17xx\inc" -I"C:\Users\Red\Documents\LPCXpresso_8.1.4_606\testSpace\FreeRTOS_Library\include" -I"C:\Users\Red\Documents\LPCXpresso_8.1.4_606\testSpace\FreeRTOS_Library\portable" -O0 -g3 -fsigned-char -c -fmessage-length=0 -fno-builtin -ffunction-sections -mcpu=cortex-m3 -mthumb -D__REDLIB__ -specs=redlib.specs -MMD -MP -MF"Modules/I2C.d" -MT"Modules/I2C.o" -MT"Modules/I2C.d" -o "Modules/I2C.o" "../Modules/I2C.c"
Finished building: ../Modules/I2C.c
 
Building file: ../Modules/KBD.c
Invoking: MCU C Compiler
arm-none-eabi-gcc -DDEBUG -D__USE_CMSIS=CMSISv1p30_LPC17xx -D__CODE_RED -D__REDLIB__ -I"C:\Users\Red\Documents\LPCXpresso_8.1.4_606\testSpace\FreeRTOS-template" -I"C:\Users\Red\Documents\LPCXpresso_8.1.4_606\testSpace\CMSIS_CORE_LPC17xx\inc" -I"C:\Users\Red\Documents\LPCXpresso_8.1.4_606\testSpace\FreeRTOS_Library\include" -I"C:\Users\Red\Documents\LPCXpresso_8.1.4_606\testSpace\FreeRTOS_Library\portable" -O0 -g3 -fsigned-char -c -fmessage-length=0 -fno-builtin -ffunction-sections -mcpu=cortex-m3 -mthumb -D__REDLIB__ -specs=redlib.specs -MMD -MP -MF"Modules/KBD.d" -MT"Modules/KBD.o" -MT"Modules/KBD.d" -o "Modules/KBD.o" "../Modules/KBD.c"
In file included from C:\Users\Red\Documents\LPCXpresso_8.1.4_606\testSpace\FreeRTOS_Library\include/portable.h:320:0,
                 from C:\Users\Red\Documents\LPCXpresso_8.1.4_606\testSpace\FreeRTOS_Library\include/FreeRTOS.h:83,
                 from ../Modules/KBD.h:19,
                 from ../Modules/KBD.c:1:
C:\Users\Red\Documents\LPCXpresso_8.1.4_606\testSpace\FreeRTOS_Library\portable/portmacro.h: In function 'ucPortCountLeadingZeros':
C:\Users\Red\Documents\LPCXpresso_8.1.4_606\testSpace\FreeRTOS_Library\portable/portmacro.h:171:58: warning: type of 'ulBitmap' defaults to 'int' [-Wimplicit-int]
  __attribute__( ( always_inline ) ) static unsigned char ucPortCountLeadingZeros( ulBitmap )
                                                          ^
At top level:
C:\Users\Red\Documents\LPCXpresso_8.1.4_606\testSpace\FreeRTOS_Library\portable/portmacro.h:171:58: warning: always_inline function might not be inlinable [-Wattributes]
Finished building: ../Modules/KBD.c
 
Building file: ../Modules/LCD.c
Invoking: MCU C Compiler
arm-none-eabi-gcc -DDEBUG -D__USE_CMSIS=CMSISv1p30_LPC17xx -D__CODE_RED -D__REDLIB__ -I"C:\Users\Red\Documents\LPCXpresso_8.1.4_606\testSpace\FreeRTOS-template" -I"C:\Users\Red\Documents\LPCXpresso_8.1.4_606\testSpace\CMSIS_CORE_LPC17xx\inc" -I"C:\Users\Red\Documents\LPCXpresso_8.1.4_606\testSpace\FreeRTOS_Library\include" -I"C:\Users\Red\Documents\LPCXpresso_8.1.4_606\testSpace\FreeRTOS_Library\portable" -O0 -g3 -fsigned-char -c -fmessage-length=0 -fno-builtin -ffunction-sections -mcpu=cortex-m3 -mthumb -D__REDLIB__ -specs=redlib.specs -MMD -MP -MF"Modules/LCD.d" -MT"Modules/LCD.o" -MT"Modules/LCD.d" -o "Modules/LCD.o" "../Modules/LCD.c"
Finished building: ../Modules/LCD.c
 
Building file: ../Modules/LCD_Font.c
Invoking: MCU C Compiler
arm-none-eabi-gcc -DDEBUG -D__USE_CMSIS=CMSISv1p30_LPC17xx -D__CODE_RED -D__REDLIB__ -I"C:\Users\Red\Documents\LPCXpresso_8.1.4_606\testSpace\FreeRTOS-template" -I"C:\Users\Red\Documents\LPCXpresso_8.1.4_606\testSpace\CMSIS_CORE_LPC17xx\inc" -I"C:\Users\Red\Documents\LPCXpresso_8.1.4_606\testSpace\FreeRTOS_Library\include" -I"C:\Users\Red\Documents\LPCXpresso_8.1.4_606\testSpace\FreeRTOS_Library\portable" -O0 -g3 -fsigned-char -c -fmessage-length=0 -fno-builtin -ffunction-sections -mcpu=cortex-m3 -mthumb -D__REDLIB__ -specs=redlib.specs -MMD -MP -MF"Modules/LCD_Font.d" -MT"Modules/LCD_Font.o" -MT"Modules/LCD_Font.d" -o "Modules/LCD_Font.o" "../Modules/LCD_Font.c"
Finished building: ../Modules/LCD_Font.c
 
Building file: ../Modules/LED.c
Invoking: MCU C Compiler
arm-none-eabi-gcc -DDEBUG -D__USE_CMSIS=CMSISv1p30_LPC17xx -D__CODE_RED -D__REDLIB__ -I"C:\Users\Red\Documents\LPCXpresso_8.1.4_606\testSpace\FreeRTOS-template" -I"C:\Users\Red\Documents\LPCXpresso_8.1.4_606\testSpace\CMSIS_CORE_LPC17xx\inc" -I"C:\Users\Red\Documents\LPCXpresso_8.1.4_606\testSpace\FreeRTOS_Library\include" -I"C:\Users\Red\Documents\LPCXpresso_8.1.4_606\testSpace\FreeRTOS_Library\portable" -O0 -g3 -fsigned-char -c -fmessage-length=0 -fno-builtin -ffunction-sections -mcpu=cortex-m3 -mthumb -D__REDLIB__ -specs=redlib.specs -MMD -MP -MF"Modules/LED.d" -MT"Modules/LED.o" -MT"Modules/LED.d" -o "Modules/LED.o" "../Modules/LED.c"
Finished building: ../Modules/LED.c
 
Building file: ../Modules/RTC.c
Invoking: MCU C Compiler
arm-none-eabi-gcc -DDEBUG -D__USE_CMSIS=CMSISv1p30_LPC17xx -D__CODE_RED -D__REDLIB__ -I"C:\Users\Red\Documents\LPCXpresso_8.1.4_606\testSpace\FreeRTOS-template" -I"C:\Users\Red\Documents\LPCXpresso_8.1.4_606\testSpace\CMSIS_CORE_LPC17xx\inc" -I"C:\Users\Red\Documents\LPCXpresso_8.1.4_606\testSpace\FreeRTOS_Library\include" -I"C:\Users\Red\Documents\LPCXpresso_8.1.4_606\testSpace\FreeRTOS_Library\portable" -O0 -g3 -fsigned-char -c -fmessage-length=0 -fno-builtin -ffunction-sections -mcpu=cortex-m3 -mthumb -D__REDLIB__ -specs=redlib.specs -MMD -MP -MF"Modules/RTC.d" -MT"Modules/RTC.o" -MT"Modules/RTC.d" -o "Modules/RTC.o" "../Modules/RTC.c"
Finished building: ../Modules/RTC.c
 
Building file: ../Modules/SPI.c
Invoking: MCU C Compiler
arm-none-eabi-gcc -DDEBUG -D__USE_CMSIS=CMSISv1p30_LPC17xx -D__CODE_RED -D__REDLIB__ -I"C:\Users\Red\Documents\LPCXpresso_8.1.4_606\testSpace\FreeRTOS-template" -I"C:\Users\Red\Documents\LPCXpresso_8.1.4_606\testSpace\CMSIS_CORE_LPC17xx\inc" -I"C:\Users\Red\Documents\LPCXpresso_8.1.4_606\testSpace\FreeRTOS_Library\include" -I"C:\Users\Red\Documents\LPCXpresso_8.1.4_606\testSpace\FreeRTOS_Library\portable" -O0 -g3 -fsigned-char -c -fmessage-length=0 -fno-builtin -ffunction-sections -mcpu=cortex-m3 -mthumb -D__REDLIB__ -specs=redlib.specs -MMD -MP -MF"Modules/SPI.d" -MT"Modules/SPI.o" -MT"Modules/SPI.d" -o "Modules/SPI.o" "../Modules/SPI.c"
Finished building: ../Modules/SPI.c
 
Building file: ../Modules/tapdev.c
Invoking: MCU C Compiler
arm-none-eabi-gcc -DDEBUG -D__USE_CMSIS=CMSISv1p30_LPC17xx -D__CODE_RED -D__REDLIB__ -I"C:\Users\Red\Documents\LPCXpresso_8.1.4_606\testSpace\FreeRTOS-template" -I"C:\Users\Red\Documents\LPCXpresso_8.1.4_606\testSpace\CMSIS_CORE_LPC17xx\inc" -I"C:\Users\Red\Documents\LPCXpresso_8.1.4_606\testSpace\FreeRTOS_Library\include" -I"C:\Users\Red\Documents\LPCXpresso_8.1.4_606\testSpace\FreeRTOS_Library\portable" -O0 -g3 -fsigned-char -c -fmessage-length=0 -fno-builtin -ffunction-sections -mcpu=cortex-m3 -mthumb -D__REDLIB__ -specs=redlib.specs -MMD -MP -MF"Modules/tapdev.d" -MT"Modules/tapdev.o" -MT"Modules/tapdev.d" -o "Modules/tapdev.o" "../Modules/tapdev.c"
Finished building: ../Modules/tapdev.c
 
Building file: ../cr_startup_lpc17.c
Invoking: MCU C Compiler
arm-none-eabi-gcc -DDEBUG -D__USE_CMSIS=CMSISv1p30_LPC17xx -D__CODE_RED -D__REDLIB__ -I"C:\Users\Red\Documents\LPCXpresso_8.1.4_606\testSpace\FreeRTOS-template" -I"C:\Users\Red\Documents\LPCXpresso_8.1.4_606\testSpace\CMSIS_CORE_LPC17xx\inc" -I"C:\Users\Red\Documents\LPCXpresso_8.1.4_606\testSpace\FreeRTOS_Library\include" -I"C:\Users\Red\Documents\LPCXpresso_8.1.4_606\testSpace\FreeRTOS_Library\portable" -O0 -g3 -fsigned-char -c -fmessage-length=0 -fno-builtin -ffunction-sections -mcpu=cortex-m3 -mthumb -D__REDLIB__ -specs=redlib.specs -MMD -MP -MF"cr_startup_lpc17.d" -MT"cr_startup_lpc17.o" -MT"cr_startup_lpc17.d" -o "cr_startup_lpc17.o" "../cr_startup_lpc17.c"
Finished building: ../cr_startup_lpc17.c
 
Building file: ../main.c
Invoking: MCU C Compiler
arm-none-eabi-gcc -DDEBUG -D__USE_CMSIS=CMSISv1p30_LPC17xx -D__CODE_RED -D__REDLIB__ -I"C:\Users\Red\Documents\LPCXpresso_8.1.4_606\testSpace\FreeRTOS-template" -I"C:\Users\Red\Documents\LPCXpresso_8.1.4_606\testSpace\CMSIS_CORE_LPC17xx\inc" -I"C:\Users\Red\Documents\LPCXpresso_8.1.4_606\testSpace\FreeRTOS_Library\include" -I"C:\Users\Red\Documents\LPCXpresso_8.1.4_606\testSpace\FreeRTOS_Library\portable" -O0 -g3 -fsigned-char -c -fmessage-length=0 -fno-builtin -ffunction-sections -mcpu=cortex-m3 -mthumb -D__REDLIB__ -specs=redlib.specs -MMD -MP -MF"main.d" -MT"main.o" -MT"main.d" -o "main.o" "../main.c"
In file included from c:\users\red\documents\lpcxpresso_8.1.4_606\testspace\freertos_library\include\portable.h:320:0,
                 from c:\users\red\documents\lpcxpresso_8.1.4_606\testspace\freertos_library\include\freertos.h:83,
                 from ../main.c:78:
C:\Users\Red\Documents\LPCXpresso_8.1.4_606\testSpace\FreeRTOS_Library\portable/portmacro.h: In function 'ucPortCountLeadingZeros':
C:\Users\Red\Documents\LPCXpresso_8.1.4_606\testSpace\FreeRTOS_Library\portable/portmacro.h:171:58: warning: type of 'ulBitmap' defaults to 'int' [-Wimplicit-int]
  __attribute__( ( always_inline ) ) static unsigned char ucPortCountLeadingZeros( ulBitmap )
                                                          ^
../main.c: In function 'auxEEPROMTest':
../main.c:129:19: warning: large integer implicitly truncated to unsigned type [-Woverflow]
  uint8_t addr[2]={0x100,0};
                   ^
../main.c: In function 'main':
../main.c:102:22: warning: implicit declaration of function 'EthernetTest' [-Wimplicit-function-declaration]
 #define EthernetTest EthernetTest();
                      ^
../main.c:109:14: note: in expansion of macro 'EthernetTest'
 #define test EthernetTest
              ^
../main.c:185:2: note: in expansion of macro 'test'
  test;
  ^
In file included from c:\users\red\documents\lpcxpresso_8.1.4_606\testspace\freertos_library\include\portable.h:320:0,
                 from c:\users\red\documents\lpcxpresso_8.1.4_606\testspace\freertos_library\include\freertos.h:83,
                 from ../main.c:78:
At top level:
C:\Users\Red\Documents\LPCXpresso_8.1.4_606\testSpace\FreeRTOS_Library\portable/portmacro.h:171:58: warning: always_inline function might not be inlinable [-Wattributes]
  __attribute__( ( always_inline ) ) static unsigned char ucPortCountLeadingZeros( ulBitmap )
                                                          ^
Finished building: ../main.c
 
Building target: SimpleDemo.axf
Invoking: MCU Linker
arm-none-eabi-gcc -nostdlib -L"C:\Users\Red\Documents\LPCXpresso_8.1.4_606\testSpace\CMSIS_CORE_LPC17xx\Debug" -L"C:\Users\Red\Documents\LPCXpresso_8.1.4_606\testSpace\uIPauxSE2" -L"C:\Users\Red\Documents\LPCXpresso_8.1.4_606\testSpace\FreeRTOS_Library\Debug" -Xlinker --gc-sections -Xlinker -Map=SimpleDemo.map -mcpu=cortex-m3 -mthumb -T "FreeRTOS-template_Debug.ld" -o "SimpleDemo.axf"  ./test/tests.o  ./Project/Environment_Tasks.o ./Project/Utils.o ./Project/proj.o  ./Modules/EEPROM.o ./Modules/Ethernet.o ./Modules/GPIO.o ./Modules/I2C.o ./Modules/KBD.o ./Modules/LCD.o ./Modules/LCD_Font.o ./Modules/LED.o ./Modules/RTC.o ./Modules/SPI.o ./Modules/tapdev.o  ./cr_startup_lpc17.o ./main.o   -lCMSIS_CORE_LPC17xx -luIPauxSE2 -lFreeRTOS_Library
./Modules/tapdev.o: In function `tapdev_read':
C:\Users\Red\Documents\LPCXpresso_8.1.4_606\testSpace\FreeRTOS-template\Debug/../Modules/tapdev.c:18: undefined reference to `Ethernet_ReadFromPHY'
./Modules/tapdev.o: In function `tapdev_send':
C:\Users\Red\Documents\LPCXpresso_8.1.4_606\testSpace\FreeRTOS-template\Debug/../Modules/tapdev.c:22: undefined reference to `Ethernet_WriteToPHY'
collect2.exe: error: ld returned 1 exit status
make: *** [SimpleDemo.axf] Error 1
18:12:30 **** Build of configuration Debug for project SE2 ****
make -r all 
Building target: SE2.axf
Invoking: MCU Linker
arm-none-eabi-gcc -nostdlib -L"C:\Users\Red\Documents\LPCXpresso_8.1.4_606\testSpace\CMSIS_CORE_LPC17xx\Debug" -L"C:\Users\Red\Documents\LPCXpresso_8.1.4_606\testSpace\FreeRTOS_Library\Debug" -Xlinker -Map="SE2.map" -Xlinker --gc-sections -Xlinker -print-memory-usage -mcpu=cortex-m3 -mthumb -T "SE2_Debug.ld" -o "SE2.axf"  ./src/cr_startup_lpc175x_6x.o ./src/crp.o ./src/main.o  ./inc/LCD_Font.o  ./Tests/FreeRTOS_Tests.o ./Tests/GPIO_Tests.o ./Tests/KBD_Tests.o  ./Modules/GPIO.o ./Modules/I2C.o ./Modules/KBD.o ./Modules/LCD.o ./Modules/SPI.o   -lFreeRTOS_Library -lCMSIS_CORE_LPC17xx
Memory region         Used Size  Region Size  %age Used
       MFlash512:        2844 B       512 KB      0.54%
        RamLoc32:         336 B        32 KB      1.03%
        RamAHB32:          0 GB        32 KB      0.00%
Finished building target: SE2.axf
 
make --no-print-directory post-build
Performing post-build steps
arm-none-eabi-size "SE2.axf"; # arm-none-eabi-objcopy -v -O binary "SE2.axf" "SE2.bin" ; # checksum -p LPC1769 -d "SE2.bin";
   text	   data	    bss	    dec	    hex	filename
   2844	      0	    336	   3180	    c6c	SE2.axf
 

**** Build of configuration Debug for project uIPauxSE2 ****

Nothing to build for project uIPauxSE2
18:13:14 **** Incremental Build of configuration Debug for project FreeRTOS_Library ****
make -r all 
make: Nothing to be done for `all'.
18:13:15 **** Incremental Build of configuration Debug for project FreeRTOS-template ****
make -r all 
Building file: ../Modules/tapdev.c
Invoking: MCU C Compiler
arm-none-eabi-gcc -DDEBUG -D__USE_CMSIS=CMSISv1p30_LPC17xx -D__CODE_RED -D__REDLIB__ -I"C:\Users\Red\Documents\LPCXpresso_8.1.4_606\testSpace\FreeRTOS-template" -I"C:\Users\Red\Documents\LPCXpresso_8.1.4_606\testSpace\CMSIS_CORE_LPC17xx\inc" -I"C:\Users\Red\Documents\LPCXpresso_8.1.4_606\testSpace\FreeRTOS_Library\include" -I"C:\Users\Red\Documents\LPCXpresso_8.1.4_606\testSpace\FreeRTOS_Library\portable" -O0 -g3 -fsigned-char -c -fmessage-length=0 -fno-builtin -ffunction-sections -mcpu=cortex-m3 -mthumb -D__REDLIB__ -specs=redlib.specs -MMD -MP -MF"Modules/tapdev.d" -MT"Modules/tapdev.o" -MT"Modules/tapdev.d" -o "Modules/tapdev.o" "../Modules/tapdev.c"
Finished building: ../Modules/tapdev.c
 
Building target: SimpleDemo.axf
Invoking: MCU Linker
arm-none-eabi-gcc -nostdlib -L"C:\Users\Red\Documents\LPCXpresso_8.1.4_606\testSpace\CMSIS_CORE_LPC17xx\Debug" -L"C:\Users\Red\Documents\LPCXpresso_8.1.4_606\testSpace\uIPauxSE2" -L"C:\Users\Red\Documents\LPCXpresso_8.1.4_606\testSpace\FreeRTOS_Library\Debug" -Xlinker --gc-sections -Xlinker -Map=SimpleDemo.map -mcpu=cortex-m3 -mthumb -T "FreeRTOS-template_Debug.ld" -o "SimpleDemo.axf"  ./test/tests.o  ./Project/Environment_Tasks.o ./Project/Utils.o ./Project/proj.o  ./Modules/EEPROM.o ./Modules/Ethernet.o ./Modules/GPIO.o ./Modules/I2C.o ./Modules/KBD.o ./Modules/LCD.o ./Modules/LCD_Font.o ./Modules/LED.o ./Modules/RTC.o ./Modules/SPI.o ./Modules/tapdev.o  ./cr_startup_lpc17.o ./main.o   -lCMSIS_CORE_LPC17xx -luIPauxSE2 -lFreeRTOS_Library
./Modules/tapdev.o: In function `tapdev_read':
C:\Users\Red\Documents\LPCXpresso_8.1.4_606\testSpace\FreeRTOS-template\Debug/../Modules/tapdev.c:18: undefined reference to `Ethernet_ReadFromPHY'
./Modules/tapdev.o: In function `tapdev_send':
C:\Users\Red\Documents\LPCXpresso_8.1.4_606\testSpace\FreeRTOS-template\Debug/../Modules/tapdev.c:22: undefined reference to `Ethernet_WriteToPHY'
collect2.exe: error: ld returned 1 exit status
make: *** [SimpleDemo.axf] Error 1
18:16:39 **** Clean-only build of configuration Debug for project FreeRTOS_Library ****
make -r clean 
rm -rf  ./portable/heap_4.o ./portable/port.o  ./demo_code/basic_io.o ./demo_code/consoleprint.o  ./list.o ./queue.o ./tasks.o ./timers.o  ./portable/heap_4.d ./portable/port.d  ./demo_code/basic_io.d ./demo_code/consoleprint.d  ./list.d ./queue.d ./tasks.d ./timers.d  libFreeRTOS_Library.a
 
18:16:39 **** Clean-only build of configuration Debug for project FreeRTOS-template ****
make -r clean 
rm -rf  ./test/tests.o  ./Project/Environment_Tasks.o ./Project/Utils.o ./Project/proj.o  ./Modules/EEPROM.o ./Modules/Ethernet.o ./Modules/GPIO.o ./Modules/I2C.o ./Modules/KBD.o ./Modules/LCD.o ./Modules/LCD_Font.o ./Modules/LED.o ./Modules/RTC.o ./Modules/SPI.o ./Modules/tapdev.o  ./cr_startup_lpc17.o ./main.o  ./test/tests.d  ./Project/Environment_Tasks.d ./Project/Utils.d ./Project/proj.d  ./Modules/EEPROM.d ./Modules/Ethernet.d ./Modules/GPIO.d ./Modules/I2C.d ./Modules/KBD.d ./Modules/LCD.d ./Modules/LCD_Font.d ./Modules/LED.d ./Modules/RTC.d ./Modules/SPI.d ./Modules/tapdev.d  ./cr_startup_lpc17.d ./main.d  SimpleDemo.axf
 
18:16:40 **** Build of configuration Debug for project FreeRTOS_Library ****
make -r all 
Building file: ../portable/heap_4.c
Invoking: MCU C Compiler
arm-none-eabi-gcc -D__REDLIB__ -I"C:\Users\Red\Documents\LPCXpresso_8.1.4_606\testSpace\FreeRTOS-template" -I"C:\Users\Red\Documents\LPCXpresso_8.1.4_606\testSpace\FreeRTOS_Library\include" -I"C:\Users\Red\Documents\LPCXpresso_8.1.4_606\testSpace\CMSIS_CORE_LPC17xx\inc" -I"C:\Users\Red\Documents\LPCXpresso_8.1.4_606\testSpace\FreeRTOS_Library\portable" -O1 -g3 -Wall -c -fmessage-length=0 -mcpu=cortex-m3 -mthumb -D__REDLIB__ -specs=redlib.specs -MMD -MP -MF"portable/heap_4.d" -MT"portable/heap_4.o" -MT"portable/heap_4.d" -o "portable/heap_4.o" "../portable/heap_4.c"
In file included from C:\Users\Red\Documents\LPCXpresso_8.1.4_606\testSpace\FreeRTOS_Library\include/portable.h:320:0,
                 from C:\Users\Red\Documents\LPCXpresso_8.1.4_606\testSpace\FreeRTOS_Library\include/FreeRTOS.h:83,
                 from ../portable/heap_4.c:82:
C:\Users\Red\Documents\LPCXpresso_8.1.4_606\testSpace\FreeRTOS_Library\portable/portmacro.h: In function 'ucPortCountLeadingZeros':
C:\Users\Red\Documents\LPCXpresso_8.1.4_606\testSpace\FreeRTOS_Library\portable/portmacro.h:171:58: warning: type of 'ulBitmap' defaults to 'int' [-Wimplicit-int]
  __attribute__( ( always_inline ) ) static unsigned char ucPortCountLeadingZeros( ulBitmap )
                                                          ^
../portable/heap_4.c: At top level:
C:\Users\Red\Documents\LPCXpresso_8.1.4_606\testSpace\FreeRTOS_Library\portable/portmacro.h:171:58: warning: 'ucPortCountLeadingZeros' defined but not used [-Wunused-function]
C:\Users\Red\Documents\LPCXpresso_8.1.4_606\testSpace\FreeRTOS_Library\portable/portmacro.h:171:58: warning: always_inline function might not be inlinable [-Wattributes]
Finished building: ../portable/heap_4.c
 
Building file: ../portable/port.c
Invoking: MCU C Compiler
arm-none-eabi-gcc -D__REDLIB__ -I"C:\Users\Red\Documents\LPCXpresso_8.1.4_606\testSpace\FreeRTOS-template" -I"C:\Users\Red\Documents\LPCXpresso_8.1.4_606\testSpace\FreeRTOS_Library\include" -I"C:\Users\Red\Documents\LPCXpresso_8.1.4_606\testSpace\CMSIS_CORE_LPC17xx\inc" -I"C:\Users\Red\Documents\LPCXpresso_8.1.4_606\testSpace\FreeRTOS_Library\portable" -O1 -g3 -Wall -c -fmessage-length=0 -mcpu=cortex-m3 -mthumb -D__REDLIB__ -specs=redlib.specs -MMD -MP -MF"portable/port.d" -MT"portable/port.o" -MT"portable/port.d" -o "portable/port.o" "../portable/port.c"
In file included from C:\Users\Red\Documents\LPCXpresso_8.1.4_606\testSpace\FreeRTOS_Library\include/portable.h:320:0,
                 from C:\Users\Red\Documents\LPCXpresso_8.1.4_606\testSpace\FreeRTOS_Library\include/FreeRTOS.h:83,
                 from ../portable/port.c:72:
C:\Users\Red\Documents\LPCXpresso_8.1.4_606\testSpace\FreeRTOS_Library\portable/portmacro.h: In function 'ucPortCountLeadingZeros':
C:\Users\Red\Documents\LPCXpresso_8.1.4_606\testSpace\FreeRTOS_Library\portable/portmacro.h:171:58: warning: type of 'ulBitmap' defaults to 'int' [-Wimplicit-int]
  __attribute__( ( always_inline ) ) static unsigned char ucPortCountLeadingZeros( ulBitmap )
                                                          ^
../portable/port.c: At top level:
C:\Users\Red\Documents\LPCXpresso_8.1.4_606\testSpace\FreeRTOS_Library\portable/portmacro.h:171:58: warning: 'ucPortCountLeadingZeros' defined but not used [-Wunused-function]
C:\Users\Red\Documents\LPCXpresso_8.1.4_606\testSpace\FreeRTOS_Library\portable/portmacro.h:171:58: warning: always_inline function might not be inlinable [-Wattributes]
Finished building: ../portable/port.c
 
Building file: ../demo_code/basic_io.c
Invoking: MCU C Compiler
arm-none-eabi-gcc -D__REDLIB__ -I"C:\Users\Red\Documents\LPCXpresso_8.1.4_606\testSpace\FreeRTOS-template" -I"C:\Users\Red\Documents\LPCXpresso_8.1.4_606\testSpace\FreeRTOS_Library\include" -I"C:\Users\Red\Documents\LPCXpresso_8.1.4_606\testSpace\CMSIS_CORE_LPC17xx\inc" -I"C:\Users\Red\Documents\LPCXpresso_8.1.4_606\testSpace\FreeRTOS_Library\portable" -O1 -g3 -Wall -c -fmessage-length=0 -mcpu=cortex-m3 -mthumb -D__REDLIB__ -specs=redlib.specs -MMD -MP -MF"demo_code/basic_io.d" -MT"demo_code/basic_io.o" -MT"demo_code/basic_io.d" -o "demo_code/basic_io.o" "../demo_code/basic_io.c"
In file included from C:\Users\Red\Documents\LPCXpresso_8.1.4_606\testSpace\FreeRTOS_Library\include/portable.h:320:0,
                 from C:\Users\Red\Documents\LPCXpresso_8.1.4_606\testSpace\FreeRTOS_Library\include/FreeRTOS.h:83,
                 from ../demo_code/basic_io.c:35:
C:\Users\Red\Documents\LPCXpresso_8.1.4_606\testSpace\FreeRTOS_Library\portable/portmacro.h: In function 'ucPortCountLeadingZeros':
C:\Users\Red\Documents\LPCXpresso_8.1.4_606\testSpace\FreeRTOS_Library\portable/portmacro.h:171:58: warning: type of 'ulBitmap' defaults to 'int' [-Wimplicit-int]
  __attribute__( ( always_inline ) ) static unsigned char ucPortCountLeadingZeros( ulBitmap )
                                                          ^
../demo_code/basic_io.c: At top level:
C:\Users\Red\Documents\LPCXpresso_8.1.4_606\testSpace\FreeRTOS_Library\portable/portmacro.h:171:58: warning: 'ucPortCountLeadingZeros' defined but not used [-Wunused-function]
[...]
arm-none-eabi-gcc -D__REDLIB__ -I"C:\Users\Red\Documents\LPCXpresso_8.1.4_606\testSpace\FreeRTOS-template" -I"C:\Users\Red\Documents\LPCXpresso_8.1.4_606\testSpace\FreeRTOS_Library\include" -I"C:\Users\Red\Documents\LPCXpresso_8.1.4_606\testSpace\CMSIS_CORE_LPC17xx\inc" -I"C:\Users\Red\Documents\LPCXpresso_8.1.4_606\testSpace\FreeRTOS_Library\portable" -O1 -g3 -Wall -c -fmessage-length=0 -mcpu=cortex-m3 -mthumb -D__REDLIB__ -specs=redlib.specs -MMD -MP -MF"demo_code/basic_io.d" -MT"demo_code/basic_io.o" -MT"demo_code/basic_io.d" -o "demo_code/basic_io.o" "../demo_code/basic_io.c"
In file included from C:\Users\Red\Documents\LPCXpresso_8.1.4_606\testSpace\FreeRTOS_Library\include/portable.h:320:0,
                 from C:\Users\Red\Documents\LPCXpresso_8.1.4_606\testSpace\FreeRTOS_Library\include/FreeRTOS.h:83,
                 from ../demo_code/basic_io.c:35:
C:\Users\Red\Documents\LPCXpresso_8.1.4_606\testSpace\FreeRTOS_Library\portable/portmacro.h: In function 'ucPortCountLeadingZeros':
C:\Users\Red\Documents\LPCXpresso_8.1.4_606\testSpace\FreeRTOS_Library\portable/portmacro.h:171:58: warning: type of 'ulBitmap' defaults to 'int' [-Wimplicit-int]
  __attribute__( ( always_inline ) ) static unsigned char ucPortCountLeadingZeros( ulBitmap )
                                                          ^
../demo_code/basic_io.c: At top level:
C:\Users\Red\Documents\LPCXpresso_8.1.4_606\testSpace\FreeRTOS_Library\portable/portmacro.h:171:58: warning: 'ucPortCountLeadingZeros' defined but not used [-Wunused-function]
C:\Users\Red\Documents\LPCXpresso_8.1.4_606\testSpace\FreeRTOS_Library\portable/portmacro.h:171:58: warning: always_inline function might not be inlinable [-Wattributes]
Finished building: ../demo_code/basic_io.c
 
Building file: ../list.c
Invoking: MCU C Compiler
arm-none-eabi-gcc -D__REDLIB__ -I"C:\Users\Red\Documents\LPCXpresso_8.1.4_606\testSpace\FreeRTOS-template" -I"C:\Users\Red\Documents\LPCXpresso_8.1.4_606\testSpace\FreeRTOS_Library\include" -I"C:\Users\Red\Documents\LPCXpresso_8.1.4_606\testSpace\CMSIS_CORE_LPC17xx\inc" -I"C:\Users\Red\Documents\LPCXpresso_8.1.4_606\testSpace\FreeRTOS_Library\portable" -O1 -g3 -Wall -c -fmessage-length=0 -mcpu=cortex-m3 -mthumb -D__REDLIB__ -specs=redlib.specs -MMD -MP -MF"list.d" -MT"list.o" -MT"list.d" -o "list.o" "../list.c"
In file included from C:\Users\Red\Documents\LPCXpresso_8.1.4_606\testSpace\FreeRTOS_Library\include/portable.h:320:0,
                 from C:\Users\Red\Documents\LPCXpresso_8.1.4_606\testSpace\FreeRTOS_Library\include/FreeRTOS.h:83,
                 from ../list.c:69:
C:\Users\Red\Documents\LPCXpresso_8.1.4_606\testSpace\FreeRTOS_Library\portable/portmacro.h: In function 'ucPortCountLeadingZeros':
C:\Users\Red\Documents\LPCXpresso_8.1.4_606\testSpace\FreeRTOS_Library\portable/portmacro.h:171:58: warning: type of 'ulBitmap' defaults to 'int' [-Wimplicit-int]
  __attribute__( ( always_inline ) ) static unsigned char ucPortCountLeadingZeros( ulBitmap )
                                                          ^
../list.c: At top level:
C:\Users\Red\Documents\LPCXpresso_8.1.4_606\testSpace\FreeRTOS_Library\portable/portmacro.h:171:58: warning: 'ucPortCountLeadingZeros' defined but not used [-Wunused-function]
C:\Users\Red\Documents\LPCXpresso_8.1.4_606\testSpace\FreeRTOS_Library\portable/portmacro.h:171:58: warning: always_inline function might not be inlinable [-Wattributes]
Finished building: ../list.c
 
Building file: ../queue.c
Invoking: MCU C Compiler
arm-none-eabi-gcc -D__REDLIB__ -I"C:\Users\Red\Documents\LPCXpresso_8.1.4_606\testSpace\FreeRTOS-template" -I"C:\Users\Red\Documents\LPCXpresso_8.1.4_606\testSpace\FreeRTOS_Library\include" -I"C:\Users\Red\Documents\LPCXpresso_8.1.4_606\testSpace\CMSIS_CORE_LPC17xx\inc" -I"C:\Users\Red\Documents\LPCXpresso_8.1.4_606\testSpace\FreeRTOS_Library\portable" -O1 -g3 -Wall -c -fmessage-length=0 -mcpu=cortex-m3 -mthumb -D__REDLIB__ -specs=redlib.specs -MMD -MP -MF"queue.d" -MT"queue.o" -MT"queue.d" -o "queue.o" "../queue.c"
In file included from C:\Users\Red\Documents\LPCXpresso_8.1.4_606\testSpace\FreeRTOS_Library\include/portable.h:320:0,
                 from C:\Users\Red\Documents\LPCXpresso_8.1.4_606\testSpace\FreeRTOS_Library\include/FreeRTOS.h:83,
                 from ../queue.c:75:
C:\Users\Red\Documents\LPCXpresso_8.1.4_606\testSpace\FreeRTOS_Library\portable/portmacro.h: In function 'ucPortCountLeadingZeros':
C:\Users\Red\Documents\LPCXpresso_8.1.4_606\testSpace\FreeRTOS_Library\portable/portmacro.h:171:58: warning: type of 'ulBitmap' defaults to 'int' [-Wimplicit-int]
  __attribute__( ( always_inline ) ) static unsigned char ucPortCountLeadingZeros( ulBitmap )
                                                          ^
../queue.c: At top level:
C:\Users\Red\Documents\LPCXpresso_8.1.4_606\testSpace\FreeRTOS_Library\portable/portmacro.h:171:58: warning: 'ucPortCountLeadingZeros' defined but not used [-Wunused-function]
C:\Users\Red\Documents\LPCXpresso_8.1.4_606\testSpace\FreeRTOS_Library\portable/portmacro.h:171:58: warning: always_inline function might not be inlinable [-Wattributes]
Finished building: ../queue.c
 
Building file: ../tasks.c
Invoking: MCU C Compiler
arm-none-eabi-gcc -D__REDLIB__ -I"C:\Users\Red\Documents\LPCXpresso_8.1.4_606\testSpace\FreeRTOS-template" -I"C:\Users\Red\Documents\LPCXpresso_8.1.4_606\testSpace\FreeRTOS_Library\include" -I"C:\Users\Red\Documents\LPCXpresso_8.1.4_606\testSpace\CMSIS_CORE_LPC17xx\inc" -I"C:\Users\Red\Documents\LPCXpresso_8.1.4_606\testSpace\FreeRTOS_Library\portable" -O1 -g3 -Wall -c -fmessage-length=0 -mcpu=cortex-m3 -mthumb -D__REDLIB__ -specs=redlib.specs -MMD -MP -MF"tasks.d" -MT"tasks.o" -MT"tasks.d" -o "tasks.o" "../tasks.c"
In file included from C:\Users\Red\Documents\LPCXpresso_8.1.4_606\testSpace\FreeRTOS_Library\include/portable.h:320:0,
                 from C:\Users\Red\Documents\LPCXpresso_8.1.4_606\testSpace\FreeRTOS_Library\include/FreeRTOS.h:83,
                 from ../tasks.c:77:
C:\Users\Red\Documents\LPCXpresso_8.1.4_606\testSpace\FreeRTOS_Library\portable/portmacro.h: In function 'ucPortCountLeadingZeros':
C:\Users\Red\Documents\LPCXpresso_8.1.4_606\testSpace\FreeRTOS_Library\portable/portmacro.h:171:58: warning: type of 'ulBitmap' defaults to 'int' [-Wimplicit-int]
  __attribute__( ( always_inline ) ) static unsigned char ucPortCountLeadingZeros( ulBitmap )
                                                          ^
At top level:
C:\Users\Red\Documents\LPCXpresso_8.1.4_606\testSpace\FreeRTOS_Library\portable/portmacro.h:171:58: warning: always_inline function might not be inlinable [-Wattributes]
Finished building: ../tasks.c
 
Building file: ../timers.c
Invoking: MCU C Compiler
arm-none-eabi-gcc -D__REDLIB__ -I"C:\Users\Red\Documents\LPCXpresso_8.1.4_606\testSpace\FreeRTOS-template" -I"C:\Users\Red\Documents\LPCXpresso_8.1.4_606\testSpace\FreeRTOS_Library\include" -I"C:\Users\Red\Documents\LPCXpresso_8.1.4_606\testSpace\CMSIS_CORE_LPC17xx\inc" -I"C:\Users\Red\Documents\LPCXpresso_8.1.4_606\testSpace\FreeRTOS_Library\portable" -O1 -g3 -Wall -c -fmessage-length=0 -mcpu=cortex-m3 -mthumb -D__REDLIB__ -specs=redlib.specs -MMD -MP -MF"timers.d" -MT"timers.o" -MT"timers.d" -o "timers.o" "../timers.c"
In file included from C:\Users\Red\Documents\LPCXpresso_8.1.4_606\testSpace\FreeRTOS_Library\include/portable.h:320:0,
                 from C:\Users\Red\Documents\LPCXpresso_8.1.4_606\testSpace\FreeRTOS_Library\include/FreeRTOS.h:83,
                 from ../timers.c:72:
C:\Users\Red\Documents\LPCXpresso_8.1.4_606\testSpace\FreeRTOS_Library\portable/portmacro.h: In function 'ucPortCountLeadingZeros':
C:\Users\Red\Documents\LPCXpresso_8.1.4_606\testSpace\FreeRTOS_Library\portable/portmacro.h:171:58: warning: type of 'ulBitmap' defaults to 'int' [-Wimplicit-int]
  __attribute__( ( always_inline ) ) static unsigned char ucPortCountLeadingZeros( ulBitmap )
                                                          ^
../timers.c: At top level:
C:\Users\Red\Documents\LPCXpresso_8.1.4_606\testSpace\FreeRTOS_Library\portable/portmacro.h:171:58: warning: 'ucPortCountLeadingZeros' defined but not used [-Wunused-function]
C:\Users\Red\Documents\LPCXpresso_8.1.4_606\testSpace\FreeRTOS_Library\portable/portmacro.h:171:58: warning: always_inline function might not be inlinable [-Wattributes]
Finished building: ../timers.c
 
Building target: libFreeRTOS_Library.a
Invoking: MCU Archiver
arm-none-eabi-ar -r  "libFreeRTOS_Library.a"  ./portable/heap_4.o ./portable/port.o  ./demo_code/basic_io.o ./demo_code/consoleprint.o  ./list.o ./queue.o ./tasks.o ./timers.o   
c:\nxp\LPCXpresso_8.1.4_606\lpcxpresso\tools\bin\arm-none-eabi-ar.exe: creating libFreeRTOS_Library.a
Finished building target: libFreeRTOS_Library.a
 
make --no-print-directory post-build
Performing post-build steps
arm-none-eabi-size libFreeRTOS_Library.a ; # arm-none-eabi-objdump -h -S libFreeRTOS_Library.a >libFreeRTOS_Library.lss
   text	   data	    bss	    dec	    hex	filename
    320	      4	   2064	   2388	    954	heap_4.o (ex libFreeRTOS_Library.a)
    332	      4	      0	    336	    150	port.o (ex libFreeRTOS_Library.a)
     88	      0	     50	    138	     8a	basic_io.o (ex libFreeRTOS_Library.a)
     20	      0	      0	     20	     14	consoleprint.o (ex libFreeRTOS_Library.a)
    156	      0	      0	    156	     9c	list.o (ex libFreeRTOS_Library.a)
   1320	      0	      0	   1320	    528	queue.o (ex libFreeRTOS_Library.a)
   3013	      4	    256	   3273	    cc9	tasks.o (ex libFreeRTOS_Library.a)
    792	      0	     56	    848	    350	timers.o (ex libFreeRTOS_Library.a)
 
22:25:15 **** Incremental Build of configuration Debug for project FreeRTOS-template ****
make -r all 
Building file: ../test/tests.c
Invoking: MCU C Compiler
arm-none-eabi-gcc -DDEBUG -D__USE_CMSIS=CMSISv1p30_LPC17xx -D__CODE_RED -D__REDLIB__ -I"C:\Users\Red\Documents\LPCXpresso_8.1.4_606\testSpace\FreeRTOS-template" -I"C:\Users\Red\Documents\LPCXpresso_8.1.4_606\testSpace\CMSIS_CORE_LPC17xx\inc" -I"C:\Users\Red\Documents\LPCXpresso_8.1.4_606\testSpace\FreeRTOS_Library\include" -I"C:\Users\Red\Documents\LPCXpresso_8.1.4_606\testSpace\FreeRTOS_Library\portable" -O0 -g3 -fsigned-char -c -fmessage-length=0 -fno-builtin -ffunction-sections -mcpu=cortex-m3 -mthumb -D__REDLIB__ -specs=redlib.specs -MMD -MP -MF"test/tests.d" -MT"test/tests.o" -MT"test/tests.d" -o "test/tests.o" "../test/tests.c"
In file included from ../test/../../FreeRTOS_Library/include/portable.h:320:0,
                 from ../test/../../FreeRTOS_Library/include/FreeRTOS.h:83,
                 from ../test/tests.c:8:
C:\Users\Red\Documents\LPCXpresso_8.1.4_606\testSpace\FreeRTOS_Library\portable/portmacro.h: In function 'ucPortCountLeadingZeros':
C:\Users\Red\Documents\LPCXpresso_8.1.4_606\testSpace\FreeRTOS_Library\portable/portmacro.h:171:58: warning: type of 'ulBitmap' defaults to 'int' [-Wimplicit-int]
  __attribute__( ( always_inline ) ) static unsigned char ucPortCountLeadingZeros( ulBitmap )
                                                          ^
In file included from ../test/tests.c:9:0:
../test/tests.c: In function 'RTCTest':
../test/../../FreeRTOS_Library/include/task.h:294:118: warning: passing argument 1 of 'xTaskGenericCreate' from incompatible pointer type [-Wincompatible-pointer-types]
 #define xTaskCreate( pvTaskCode, pcName, usStackDepth, pvParameters, uxPriority, pxCreatedTask ) xTaskGenericCreate( ( pvTaskCode ), ( pcName ), ( usStackDepth ), ( pvParameters ), ( uxPriority ), ( pxCreatedTask ), ( NULL ), ( NULL ) )
                                                                                                                      ^
../test/tests.c:78:2: note: in expansion of macro 'xTaskCreate'
  xTaskCreate(GetDatetimeTask, "RTC_GetDateTime", configMINIMAL_STACK_SIZE, NULL, 0 , NULL);
  ^
In file included from ../test/tests.c:9:0:
../test/../../FreeRTOS_Library/include/task.h:1310:22: note: expected 'pdTASK_CODE {aka void (*)(void *)}' but argument is of type 'void (*)(void)'
 signed portBASE_TYPE xTaskGenericCreate( pdTASK_CODE pxTaskCode, const signed char * const pcName, unsigned short usStackDepth, void *pvParameters, unsigned portBASE_TYPE uxPriority, xTaskHandle *pxCreatedTask, portSTACK_TYPE *puxStackBuffer, const xMemoryRegion * const xRegions ) PRIVILEGED_FUNCTION;
                      ^
In file included from ../test/tests.c:9:0:
../test/tests.c: In function 'ledTest':
../test/../../FreeRTOS_Library/include/task.h:294:118: warning: passing argument 1 of 'xTaskGenericCreate' from incompatible pointer type [-Wincompatible-pointer-types]
 #define xTaskCreate( pvTaskCode, pcName, usStackDepth, pvParameters, uxPriority, pxCreatedTask ) xTaskGenericCreate( ( pvTaskCode ), ( pcName ), ( usStackDepth ), ( pvParameters ), ( uxPriority ), ( pxCreatedTask ), ( NULL ), ( NULL ) )
                                                                                                                      ^
../test/tests.c:138:2: note: in expansion of macro 'xTaskCreate'
  xTaskCreate(blinkLedLib, "ledTest", configMINIMAL_STACK_SIZE, NULL, 0 , NULL );
  ^
In file included from ../test/tests.c:9:0:
../test/../../FreeRTOS_Library/include/task.h:1310:22: note: expected 'pdTASK_CODE {aka void (*)(void *)}' but argument is of type 'void (*)(void)'
 signed portBASE_TYPE xTaskGenericCreate( pdTASK_CODE pxTaskCode, const signed char * const pcName, unsigned short usStackDepth, void *pvParameters, unsigned portBASE_TYPE uxPriority, xTaskHandle *pxCreatedTask, portSTACK_TYPE *puxStackBuffer, const xMemoryRegion * const xRegions ) PRIVILEGED_FUNCTION;
                      ^
In file included from ../test/tests.c:9:0:
../test/tests.c: In function 'kbdTest':
../test/../../FreeRTOS_Library/include/task.h:294:118: warning: passing argument 1 of 'xTaskGenericCreate' from incompatible pointer type [-Wincompatible-pointer-types]
 #define xTaskCreate( pvTaskCode, pcName, usStackDepth, pvParameters, uxPriority, pxCreatedTask ) xTaskGenericCreate( ( pvTaskCode ), ( pcName ), ( usStackDepth ), ( pvParameters ), ( uxPriority ), ( pxCreatedTask ), ( NULL ), ( NULL ) )
                                                                                                                      ^
../test/tests.c:252:2: note: in expansion of macro 'xTaskCreate'
  xTaskCreate(setKey1, "setKey", configMINIMAL_STACK_SIZE, NULL, 0 , NULL );
  ^
In file included from ../test/tests.c:9:0:
../test/../../FreeRTOS_Library/include/task.h:1310:22: note: expected 'pdTASK_CODE {aka void (*)(void *)}' but argument is of type 'void (*)(void)'
 signed portBASE_TYPE xTaskGenericCreate( pdTASK_CODE pxTaskCode, const signed char * const pcName, unsigned short usStackDepth, void *pvParameters, unsigned portBASE_TYPE uxPriority, xTaskHandle *pxCreatedTask, portSTACK_TYPE *puxStackBuffer, const xMemoryRegion * const xRegions ) PRIVILEGED_FUNCTION;
                      ^
In file included from ../test/tests.c:9:0:
../test/../../FreeRTOS_Library/include/task.h:294:118: warning: passing argument 1 of 'xTaskGenericCreate' from incompatible pointer type [-Wincompatible-pointer-types]
 #define xTaskCreate( pvTaskCode, pcName, usStackDepth, pvParameters, uxPriority, pxCreatedTask ) xTaskGenericCreate( ( pvTaskCode ), ( pcName ), ( usStackDepth ), ( pvParameters ), ( uxPriority ), ( pxCreatedTask ), ( NULL ), ( NULL ) )
                                                                                                                      ^
../test/tests.c:253:2: note: in expansion of macro 'xTaskCreate'
  xTaskCreate(getKey1LCD, "getKey", configMINIMAL_STACK_SIZE, NULL, 0 , NULL );
  ^
In file included from ../test/tests.c:9:0:
../test/../../FreeRTOS_Library/include/task.h:1310:22: note: expected 'pdTASK_CODE {aka void (*)(void *)}' but argument is of type 'void (*)(void)'
 signed portBASE_TYPE xTaskGenericCreate( pdTASK_CODE pxTaskCode, const signed char * const pcName, unsigned short usStackDepth, void *pvParameters, unsigned portBASE_TYPE uxPriority, xTaskHandle *pxCreatedTask, portSTACK_TYPE *puxStackBuffer, const xMemoryRegion * const xRegions ) PRIVILEGED_FUNCTION;
                      ^
In file included from ../test/../../FreeRTOS_Library/include/portable.h:320:0,
                 from ../test/../../FreeRTOS_Library/include/FreeRTOS.h:83,
                 from ../test/tests.c:8:
At top level:
C:\Users\Red\Documents\LPCXpresso_8.1.4_606\testSpace\FreeRTOS_Library\portable/portmacro.h:171:58: warning: always_inline function might not be inlinable [-Wattributes]
  __attribute__( ( always_inline ) ) static unsigned char ucPortCountLeadingZeros( ulBitmap )
                                                          ^
Finished building: ../test/tests.c
 
Building file: ../Project/Environment_Tasks.c
Invoking: MCU C Compiler
arm-none-eabi-gcc -DDEBUG -D__USE_CMSIS=CMSISv1p30_LPC17xx -D__CODE_RED -D__REDLIB__ -I"C:\Users\Red\Documents\LPCXpresso_8.1.4_606\testSpace\FreeRTOS-template" -I"C:\Users\Red\Documents\LPCXpresso_8.1.4_606\testSpace\CMSIS_CORE_LPC17xx\inc" -I"C:\Users\Red\Documents\LPCXpresso_8.1.4_606\testSpace\FreeRTOS_Library\include" -I"C:\Users\Red\Documents\LPCXpresso_8.1.4_606\testSpace\FreeRTOS_Library\portable" -O0 -g3 -fsigned-char -c -fmessage-length=0 -fno-builtin -ffunction-sections -mcpu=cortex-m3 -mthumb -D__REDLIB__ -specs=redlib.specs -MMD -MP -MF"Project/Environment_Tasks.d" -MT"Project/Environment_Tasks.o" -MT"Project/Environment_Tasks.d" -o "Project/Environment_Tasks.o" "../Project/Environment_Tasks.c"
In file included from C:\Users\Red\Documents\LPCXpresso_8.1.4_606\testSpace\FreeRTOS_Library\include/portable.h:320:0,
                 from C:\Users\Red\Documents\LPCXpresso_8.1.4_606\testSpace\FreeRTOS_Library\include/FreeRTOS.h:83,
                 from ../Project/../Modules/KBD.h:19,
                 from ../Project/Utils.h:16,
                 from ../Project/Environment_Tasks.h:11,
                 from ../Project/Environment_Tasks.c:8:
C:\Users\Red\Documents\LPCXpresso_8.1.4_606\testSpace\FreeRTOS_Library\portable/portmacro.h: In function 'ucPortCountLeadingZeros':
C:\Users\Red\Documents\LPCXpresso_8.1.4_606\testSpace\FreeRTOS_Library\portable/portmacro.h:171:58: warning: type of 'ulBitmap' defaults to 'int' [-Wimplicit-int]
  __attribute__( ( always_inline ) ) static unsigned char ucPortCountLeadingZeros( ulBitmap )
                                                          ^
In file included from ../Project/Environment_Tasks.c:8:0:
../Project/Environment_Tasks.h: At top level:
../Project/Environment_Tasks.h:58:6: error: 'LED_OpenDoor' redeclared as different kind of symbol
 void LED_OpenDoor();
      ^
../Project/Environment_Tasks.h:28:13: note: previous declaration of 'LED_OpenDoor' was here
 xTaskHandle LED_OpenDoor;
             ^
../Project/Environment_Tasks.c: In function 'mainTaskFunc':
../Project/Environment_Tasks.c:20:5: warning: implicit declaration of function 'xTaskNotifyGive' [-Wimplicit-function-declaration]
     xTaskNotifyGive(UserModeTask);
     ^
../Project/Environment_Tasks.c:23:4: warning: implicit declaration of function 'ulTaskNotifyTake' [-Wimplicit-function-declaration]
    ulTaskNotifyTake(pdTRUE,portMAX_DELAY);
    ^
In file included from C:\Users\Red\Documents\LPCXpresso_8.1.4_606\testSpace\FreeRTOS_Library\include/portable.h:320:0,
                 from C:\Users\Red\Documents\LPCXpresso_8.1.4_606\testSpace\FreeRTOS_Library\include/FreeRTOS.h:83,
                 from ../Project/../Modules/KBD.h:19,
                 from ../Project/Utils.h:16,
                 from ../Project/Environment_Tasks.h:11,
                 from ../Project/Environment_Tasks.c:8:
At top level:
C:\Users\Red\Documents\LPCXpresso_8.1.4_606\testSpace\FreeRTOS_Library\portable/portmacro.h:171:58: warning: always_inline function might not be inlinable [-Wattributes]
  __attribute__( ( always_inline ) ) static unsigned char ucPortCountLeadingZeros( ulBitmap )
                                                          ^
make: *** [Project/Environment_Tasks.o] Error 1
