23:01:04 **** Build of configuration Debug for project FreeRTOS_Library ****
make -r all 
Building file: ../portable/BlockQ.c
Invoking: MCU C Compiler
arm-none-eabi-gcc -D__REDLIB__ -I"C:\Users\Red\Documents\LPCXpresso_8.1.4_606\testSpace\FreeRTOS-template" -I"C:\Users\Red\Documents\LPCXpresso_8.1.4_606\testSpace\FreeRTOS_Library\include" -I"C:\Users\Red\Documents\LPCXpresso_8.1.4_606\testSpace\CMSIS_CORE_LPC17xx\inc" -I"C:\Users\Red\Documents\LPCXpresso_8.1.4_606\testSpace\FreeRTOS_Library\portable\include" -I"C:\Users\Red\Documents\LPCXpresso_8.1.4_606\testSpace\FreeRTOS_Library\portable" -O1 -g3 -Wall -c -fmessage-length=0 -mcpu=cortex-m3 -mthumb -D__REDLIB__ -specs=redlib.specs -MMD -MP -MF"portable/BlockQ.d" -MT"portable/BlockQ.o" -MT"portable/BlockQ.d" -o "portable/BlockQ.o" "../portable/BlockQ.c"
Finished building: ../portable/BlockQ.c
 
Building file: ../portable/GenQTest.c
Invoking: MCU C Compiler
arm-none-eabi-gcc -D__REDLIB__ -I"C:\Users\Red\Documents\LPCXpresso_8.1.4_606\testSpace\FreeRTOS-template" -I"C:\Users\Red\Documents\LPCXpresso_8.1.4_606\testSpace\FreeRTOS_Library\include" -I"C:\Users\Red\Documents\LPCXpresso_8.1.4_606\testSpace\CMSIS_CORE_LPC17xx\inc" -I"C:\Users\Red\Documents\LPCXpresso_8.1.4_606\testSpace\FreeRTOS_Library\portable\include" -I"C:\Users\Red\Documents\LPCXpresso_8.1.4_606\testSpace\FreeRTOS_Library\portable" -O1 -g3 -Wall -c -fmessage-length=0 -mcpu=cortex-m3 -mthumb -D__REDLIB__ -specs=redlib.specs -MMD -MP -MF"portable/GenQTest.d" -MT"portable/GenQTest.o" -MT"portable/GenQTest.d" -o "portable/GenQTest.o" "../portable/GenQTest.c"
Finished building: ../portable/GenQTest.c
 
Building file: ../portable/PollQ.c
Invoking: MCU C Compiler
arm-none-eabi-gcc -D__REDLIB__ -I"C:\Users\Red\Documents\LPCXpresso_8.1.4_606\testSpace\FreeRTOS-template" -I"C:\Users\Red\Documents\LPCXpresso_8.1.4_606\testSpace\FreeRTOS_Library\include" -I"C:\Users\Red\Documents\LPCXpresso_8.1.4_606\testSpace\CMSIS_CORE_LPC17xx\inc" -I"C:\Users\Red\Documents\LPCXpresso_8.1.4_606\testSpace\FreeRTOS_Library\portable\include" -I"C:\Users\Red\Documents\LPCXpresso_8.1.4_606\testSpace\FreeRTOS_Library\portable" -O1 -g3 -Wall -c -fmessage-length=0 -mcpu=cortex-m3 -mthumb -D__REDLIB__ -specs=redlib.specs -MMD -MP -MF"portable/PollQ.d" -MT"portable/PollQ.o" -MT"portable/PollQ.d" -o "portable/PollQ.o" "../portable/PollQ.c"
Finished building: ../portable/PollQ.c
 
Building file: ../portable/QPeek.c
Invoking: MCU C Compiler
arm-none-eabi-gcc -D__REDLIB__ -I"C:\Users\Red\Documents\LPCXpresso_8.1.4_606\testSpace\FreeRTOS-template" -I"C:\Users\Red\Documents\LPCXpresso_8.1.4_606\testSpace\FreeRTOS_Library\include" -I"C:\Users\Red\Documents\LPCXpresso_8.1.4_606\testSpace\CMSIS_CORE_LPC17xx\inc" -I"C:\Users\Red\Documents\LPCXpresso_8.1.4_606\testSpace\FreeRTOS_Library\portable\include" -I"C:\Users\Red\Documents\LPCXpresso_8.1.4_606\testSpace\FreeRTOS_Library\portable" -O1 -g3 -Wall -c -fmessage-length=0 -mcpu=cortex-m3 -mthumb -D__REDLIB__ -specs=redlib.specs -MMD -MP -MF"portable/QPeek.d" -MT"portable/QPeek.o" -MT"portable/QPeek.d" -o "portable/QPeek.o" "../portable/QPeek.c"
Finished building: ../portable/QPeek.c
 
Building file: ../portable/blocktim.c
Invoking: MCU C Compiler
arm-none-eabi-gcc -D__REDLIB__ -I"C:\Users\Red\Documents\LPCXpresso_8.1.4_606\testSpace\FreeRTOS-template" -I"C:\Users\Red\Documents\LPCXpresso_8.1.4_606\testSpace\FreeRTOS_Library\include" -I"C:\Users\Red\Documents\LPCXpresso_8.1.4_606\testSpace\CMSIS_CORE_LPC17xx\inc" -I"C:\Users\Red\Documents\LPCXpresso_8.1.4_606\testSpace\FreeRTOS_Library\portable\include" -I"C:\Users\Red\Documents\LPCXpresso_8.1.4_606\testSpace\FreeRTOS_Library\portable" -O1 -g3 -Wall -c -fmessage-length=0 -mcpu=cortex-m3 -mthumb -D__REDLIB__ -specs=redlib.specs -MMD -MP -MF"portable/blocktim.d" -MT"portable/blocktim.o" -MT"portable/blocktim.d" -o "portable/blocktim.o" "../portable/blocktim.c"
Finished building: ../portable/blocktim.c
 
Building file: ../portable/flash.c
Invoking: MCU C Compiler
arm-none-eabi-gcc -D__REDLIB__ -I"C:\Users\Red\Documents\LPCXpresso_8.1.4_606\testSpace\FreeRTOS-template" -I"C:\Users\Red\Documents\LPCXpresso_8.1.4_606\testSpace\FreeRTOS_Library\include" -I"C:\Users\Red\Documents\LPCXpresso_8.1.4_606\testSpace\CMSIS_CORE_LPC17xx\inc" -I"C:\Users\Red\Documents\LPCXpresso_8.1.4_606\testSpace\FreeRTOS_Library\portable\include" -I"C:\Users\Red\Documents\LPCXpresso_8.1.4_606\testSpace\FreeRTOS_Library\portable" -O1 -g3 -Wall -c -fmessage-length=0 -mcpu=cortex-m3 -mthumb -D__REDLIB__ -specs=redlib.specs -MMD -MP -MF"portable/flash.d" -MT"portable/flash.o" -MT"portable/flash.d" -o "portable/flash.o" "../portable/flash.c"
In file included from ../portable/flash.c:91:0:
C:\Users\Red\Documents\LPCXpresso_8.1.4_606\testSpace\FreeRTOS_Library\portable\include/partest.h:77:1: warning: parameter names (without types) in function declaration
 void vParTestToggleLED(uxLED );
 ^
Finished building: ../portable/flash.c
 
Building file: ../portable/heap_4.c
Invoking: MCU C Compiler
arm-none-eabi-gcc -D__REDLIB__ -I"C:\Users\Red\Documents\LPCXpresso_8.1.4_606\testSpace\FreeRTOS-template" -I"C:\Users\Red\Documents\LPCXpresso_8.1.4_606\testSpace\FreeRTOS_Library\include" -I"C:\Users\Red\Documents\LPCXpresso_8.1.4_606\testSpace\CMSIS_CORE_LPC17xx\inc" -I"C:\Users\Red\Documents\LPCXpresso_8.1.4_606\testSpace\FreeRTOS_Library\portable\include" -I"C:\Users\Red\Documents\LPCXpresso_8.1.4_606\testSpace\FreeRTOS_Library\portable" -O1 -g3 -Wall -c -fmessage-length=0 -mcpu=cortex-m3 -mthumb -D__REDLIB__ -specs=redlib.specs -MMD -MP -MF"portable/heap_4.d" -MT"portable/heap_4.o" -MT"portable/heap_4.d" -o "portable/heap_4.o" "../portable/heap_4.c"
Finished building: ../portable/heap_4.c
 
Building file: ../portable/integer.c
Invoking: MCU C Compiler
arm-none-eabi-gcc -D__REDLIB__ -I"C:\Users\Red\Documents\LPCXpresso_8.1.4_606\testSpace\FreeRTOS-template" -I"C:\Users\Red\Documents\LPCXpresso_8.1.4_606\testSpace\FreeRTOS_Library\include" -I"C:\Users\Red\Documents\LPCXpresso_8.1.4_606\testSpace\CMSIS_CORE_LPC17xx\inc" -I"C:\Users\Red\Documents\LPCXpresso_8.1.4_606\testSpace\FreeRTOS_Library\portable\include" -I"C:\Users\Red\Documents\LPCXpresso_8.1.4_606\testSpace\FreeRTOS_Library\portable" -O1 -g3 -Wall -c -fmessage-length=0 -mcpu=cortex-m3 -mthumb -D__REDLIB__ -specs=redlib.specs -MMD -MP -MF"portable/integer.d" -MT"portable/integer.o" -MT"portable/integer.d" -o "portable/integer.o" "../portable/integer.c"
Finished building: ../portable/integer.c
 
Building file: ../portable/mpu_wrappers.c
Invoking: MCU C Compiler
arm-none-eabi-gcc -D__REDLIB__ -I"C:\Users\Red\Documents\LPCXpresso_8.1.4_606\testSpace\FreeRTOS-template" -I"C:\Users\Red\Documents\LPCXpresso_8.1.4_606\testSpace\FreeRTOS_Library\include" -I"C:\Users\Red\Documents\LPCXpresso_8.1.4_606\testSpace\CMSIS_CORE_LPC17xx\inc" -I"C:\Users\Red\Documents\LPCXpresso_8.1.4_606\testSpace\FreeRTOS_Library\portable\include" -I"C:\Users\Red\Documents\LPCXpresso_8.1.4_606\testSpace\FreeRTOS_Library\portable" -O1 -g3 -Wall -c -fmessage-length=0 -mcpu=cortex-m3 -mthumb -D__REDLIB__ -specs=redlib.specs -MMD -MP -MF"portable/mpu_wrappers.d" -MT"portable/mpu_wrappers.o" -MT"portable/mpu_wrappers.d" -o "portable/mpu_wrappers.o" "../portable/mpu_wrappers.c"
../portable/mpu_wrappers.c: In function 'MPU_xTaskCreateRestricted':
../portable/mpu_wrappers.c:104:12: warning: implicit declaration of function 'xTaskCreateRestricted' [-Wimplicit-function-declaration]
  xReturn = xTaskCreateRestricted( pxTaskDefinition, pxCreatedTask );
            ^
../portable/mpu_wrappers.c:105:2: warning: implicit declaration of function 'vPortResetPrivilege' [-Wimplicit-function-declaration]
  vPortResetPrivilege( xRunningPrivileged );
  ^
Finished building: ../portable/mpu_wrappers.c
 
Building file: ../portable/port.c
Invoking: MCU C Compiler
arm-none-eabi-gcc -D__REDLIB__ -I"C:\Users\Red\Documents\LPCXpresso_8.1.4_606\testSpace\FreeRTOS-template" -I"C:\Users\Red\Documents\LPCXpresso_8.1.4_606\testSpace\FreeRTOS_Library\include" -I"C:\Users\Red\Documents\LPCXpresso_8.1.4_606\testSpace\CMSIS_CORE_LPC17xx\inc" -I"C:\Users\Red\Documents\LPCXpresso_8.1.4_606\testSpace\FreeRTOS_Library\portable\include" -I"C:\Users\Red\Documents\LPCXpresso_8.1.4_606\testSpace\FreeRTOS_Library\portable" -O1 -g3 -Wall -c -fmessage-length=0 -mcpu=cortex-m3 -mthumb -D__REDLIB__ -specs=redlib.specs -MMD -MP -MF"portable/port.d" -MT"portable/port.o" -MT"portable/port.d" -o "portable/port.o" "../portable/port.c"
Finished building: ../portable/port.c
 
Building file: ../portable/recmutex.c
Invoking: MCU C Compiler
arm-none-eabi-gcc -D__REDLIB__ -I"C:\Users\Red\Documents\LPCXpresso_8.1.4_606\testSpace\FreeRTOS-template" -I"C:\Users\Red\Documents\LPCXpresso_8.1.4_606\testSpace\FreeRTOS_Library\include" -I"C:\Users\Red\Documents\LPCXpresso_8.1.4_606\testSpace\CMSIS_CORE_LPC17xx\inc" -I"C:\Users\Red\Documents\LPCXpresso_8.1.4_606\testSpace\FreeRTOS_Library\portable\include" -I"C:\Users\Red\Documents\LPCXpresso_8.1.4_606\testSpace\FreeRTOS_Library\portable" -O1 -g3 -Wall -c -fmessage-length=0 -mcpu=cortex-m3 -mthumb -D__REDLIB__ -specs=redlib.specs -MMD -MP -MF"portable/recmutex.d" -MT"portable/recmutex.o" -MT"portable/recmutex.d" -o "portable/recmutex.o" "../portable/recmutex.c"
Finished building: ../portable/recmutex.c
 
Building file: ../portable/semtest.c
Invoking: MCU C Compiler
arm-none-eabi-gcc -D__REDLIB__ -I"C:\Users\Red\Documents\LPCXpresso_8.1.4_606\testSpace\FreeRTOS-template" -I"C:\Users\Red\Documents\LPCXpresso_8.1.4_606\testSpace\FreeRTOS_Library\include" -I"C:\Users\Red\Documents\LPCXpresso_8.1.4_606\testSpace\CMSIS_CORE_LPC17xx\inc" -I"C:\Users\Red\Documents\LPCXpresso_8.1.4_606\testSpace\FreeRTOS_Library\portable\include" -I"C:\Users\Red\Documents\LPCXpresso_8.1.4_606\testSpace\FreeRTOS_Library\portable" -O1 -g3 -Wall -c -fmessage-length=0 -mcpu=cortex-m3 -mthumb -D__REDLIB__ -specs=redlib.specs -MMD -MP -MF"portable/semtest.d" -MT"portable/semtest.o" -MT"portable/semtest.d" -o "portable/semtest.o" "../portable/semtest.c"
Finished building: ../portable/semtest.c
 
Building file: ../croutine.c
Invoking: MCU C Compiler
arm-none-eabi-gcc -D__REDLIB__ -I"C:\Users\Red\Documents\LPCXpresso_8.1.4_606\testSpace\FreeRTOS-template" -I"C:\Users\Red\Documents\LPCXpresso_8.1.4_606\testSpace\FreeRTOS_Library\include" -I"C:\Users\Red\Documents\LPCXpresso_8.1.4_606\testSpace\CMSIS_CORE_LPC17xx\inc" -I"C:\Users\Red\Documents\LPCXpresso_8.1.4_606\testSpace\FreeRTOS_Library\portable\include" -I"C:\Users\Red\Documents\LPCXpresso_8.1.4_606\testSpace\FreeRTOS_Library\portable" -O1 -g3 -Wall -c -fmessage-length=0 -mcpu=cortex-m3 -mthumb -D__REDLIB__ -specs=redlib.specs -MMD -MP -MF"croutine.d" -MT"croutine.o" -MT"croutine.d" -o "croutine.o" "../croutine.c"
Finished building: ../croutine.c
 
Building file: ../event_groups.c
Invoking: MCU C Compiler
arm-none-eabi-gcc -D__REDLIB__ -I"C:\Users\Red\Documents\LPCXpresso_8.1.4_606\testSpace\FreeRTOS-template" -I"C:\Users\Red\Documents\LPCXpresso_8.1.4_606\testSpace\FreeRTOS_Library\include" -I"C:\Users\Red\Documents\LPCXpresso_8.1.4_606\testSpace\CMSIS_CORE_LPC17xx\inc" -I"C:\Users\Red\Documents\LPCXpresso_8.1.4_606\testSpace\FreeRTOS_Library\portable\include" -I"C:\Users\Red\Documents\LPCXpresso_8.1.4_606\testSpace\FreeRTOS_Library\portable" -O1 -g3 -Wall -c -fmessage-length=0 -mcpu=cortex-m3 -mthumb -D__REDLIB__ -specs=redlib.specs -MMD -MP -MF"event_groups.d" -MT"event_groups.o" -MT"event_groups.d" -o "event_groups.o" "../event_groups.c"
Finished building: ../event_groups.c
 
Building file: ../list.c
Invoking: MCU C Compiler
arm-none-eabi-gcc -D__REDLIB__ -I"C:\Users\Red\Documents\LPCXpresso_8.1.4_606\testSpace\FreeRTOS-template" -I"C:\Users\Red\Documents\LPCXpresso_8.1.4_606\testSpace\FreeRTOS_Library\include" -I"C:\Users\Red\Documents\LPCXpresso_8.1.4_606\testSpace\CMSIS_CORE_LPC17xx\inc" -I"C:\Users\Red\Documents\LPCXpresso_8.1.4_606\testSpace\FreeRTOS_Library\portable\include" -I"C:\Users\Red\Documents\LPCXpresso_8.1.4_606\testSpace\FreeRTOS_Library\portable" -O1 -g3 -Wall -c -fmessage-length=0 -mcpu=cortex-m3 -mthumb -D__REDLIB__ -specs=redlib.specs -MMD -MP -MF"list.d" -MT"list.o" -MT"list.d" -o "list.o" "../list.c"
Finished building: ../list.c
 
Building file: ../queue.c
Invoking: MCU C Compiler
arm-none-eabi-gcc -D__REDLIB__ -I"C:\Users\Red\Documents\LPCXpresso_8.1.4_606\testSpace\FreeRTOS-template" -I"C:\Users\Red\Documents\LPCXpresso_8.1.4_606\testSpace\FreeRTOS_Library\include" -I"C:\Users\Red\Documents\LPCXpresso_8.1.4_606\testSpace\CMSIS_CORE_LPC17xx\inc" -I"C:\Users\Red\Documents\LPCXpresso_8.1.4_606\testSpace\FreeRTOS_Library\portable\include" -I"C:\Users\Red\Documents\LPCXpresso_8.1.4_606\testSpace\FreeRTOS_Library\portable" -O1 -g3 -Wall -c -fmessage-length=0 -mcpu=cortex-m3 -mthumb -D__REDLIB__ -specs=redlib.specs -MMD -MP -MF"queue.d" -MT"queue.o" -MT"queue.d" -o "queue.o" "../queue.c"
Finished building: ../queue.c
 
Building file: ../tasks.c
Invoking: MCU C Compiler
arm-none-eabi-gcc -D__REDLIB__ -I"C:\Users\Red\Documents\LPCXpresso_8.1.4_606\testSpace\FreeRTOS-template" -I"C:\Users\Red\Documents\LPCXpresso_8.1.4_606\testSpace\FreeRTOS_Library\include" -I"C:\Users\Red\Documents\LPCXpresso_8.1.4_606\testSpace\CMSIS_CORE_LPC17xx\inc" -I"C:\Users\Red\Documents\LPCXpresso_8.1.4_606\testSpace\FreeRTOS_Library\portable\include" -I"C:\Users\Red\Documents\LPCXpresso_8.1.4_606\testSpace\FreeRTOS_Library\portable" -O1 -g3 -Wall -c -fmessage-length=0 -mcpu=cortex-m3 -mthumb -D__REDLIB__ -specs=redlib.specs -MMD -MP -MF"tasks.d" -MT"tasks.o" -MT"tasks.d" -o "tasks.o" "../tasks.c"
Finished building: ../tasks.c
 
Building file: ../timers.c
Invoking: MCU C Compiler
arm-none-eabi-gcc -D__REDLIB__ -I"C:\Users\Red\Documents\LPCXpresso_8.1.4_606\testSpace\FreeRTOS-template" -I"C:\Users\Red\Documents\LPCXpresso_8.1.4_606\testSpace\FreeRTOS_Library\include" -I"C:\Users\Red\Documents\LPCXpresso_8.1.4_606\testSpace\CMSIS_CORE_LPC17xx\inc" -I"C:\Users\Red\Documents\LPCXpresso_8.1.4_606\testSpace\FreeRTOS_Library\portable\include" -I"C:\Users\Red\Documents\LPCXpresso_8.1.4_606\testSpace\FreeRTOS_Library\portable" -O1 -g3 -Wall -c -fmessage-length=0 -mcpu=cortex-m3 -mthumb -D__REDLIB__ -specs=redlib.specs -MMD -MP -MF"timers.d" -MT"timers.o" -MT"timers.d" -o "timers.o" "../timers.c"
Finished building: ../timers.c
 
Building target: libFreeRTOS_Library.a
Invoking: MCU Archiver
arm-none-eabi-ar -r  "libFreeRTOS_Library.a"  ./portable/BlockQ.o ./portable/GenQTest.o ./portable/PollQ.o ./portable/QPeek.o ./portable/blocktim.o ./portable/flash.o ./portable/heap_4.o ./portable/integer.o ./portable/mpu_wrappers.o ./portable/port.o ./portable/recmutex.o ./portable/semtest.o  ./croutine.o ./event_groups.o ./list.o ./queue.o ./tasks.o ./timers.o   
c:\nxp\LPCXpresso_8.1.4_606\lpcxpresso\tools\bin\arm-none-eabi-ar.exe: creating libFreeRTOS_Library.a
Finished building target: libFreeRTOS_Library.a
 
make --no-print-directory post-build
Performing post-build steps
arm-none-eabi-size libFreeRTOS_Library.a ; # arm-none-eabi-objdump -h -S libFreeRTOS_Library.a >libFreeRTOS_Library.lss
   text	   data	    bss	    dec	    hex	filename
    572	      0	     30	    602	    25a	BlockQ.o (ex libFreeRTOS_Library.a)
   1311	      0	     32	   1343	    53f	GenQTest.o (ex libFreeRTOS_Library.a)
    360	      0	     12	    372	    174	PollQ.o (ex libFreeRTOS_Library.a)
    883	      0	     12	    895	    37f	QPeek.o (ex libFreeRTOS_Library.a)
    987	      0	     32	   1019	    3fb	blocktim.o (ex libFreeRTOS_Library.a)
      4	      0	      4	      8	      8	flash.o (ex libFreeRTOS_Library.a)
    444	      0	  19480	  19924	   4dd4	heap_4.o (ex libFreeRTOS_Library.a)
    160	      0	      4	    164	     a4	integer.o (ex libFreeRTOS_Library.a)
   1812	      0	      0	   1812	    714	mpu_wrappers.o (ex libFreeRTOS_Library.a)
    380	      4	      0	    384	    180	port.o (ex libFreeRTOS_Library.a)
    533	      0	     48	    581	    245	recmutex.o (ex libFreeRTOS_Library.a)
    551	      0	     20	    571	    23b	semtest.o (ex libFreeRTOS_Library.a)
      0	      0	      0	      0	      0	croutine.o (ex libFreeRTOS_Library.a)
    604	      0	      0	    604	    25c	event_groups.o (ex libFreeRTOS_Library.a)
    144	      0	      0	    144	     90	list.o (ex libFreeRTOS_Library.a)
   1916	      0	      0	   1916	    77c	queue.o (ex libFreeRTOS_Library.a)
   4891	      0	    260	   5151	   141f	tasks.o (ex libFreeRTOS_Library.a)
    908	      0	     60	    968	    3c8	timers.o (ex libFreeRTOS_Library.a)
 
23:01:08 **** Build of configuration Debug for project FreeRTOS-template ****
make -r all 
Building file: ../test/tests.c
Invoking: MCU C Compiler
arm-none-eabi-gcc -DDEBUG -D__USE_CMSIS=CMSISv1p30_LPC17xx -D__CODE_RED -D__REDLIB__ -I"C:\Users\Red\Documents\LPCXpresso_8.1.4_606\testSpace\FreeRTOS-template" -I"C:\Users\Red\Documents\LPCXpresso_8.1.4_606\testSpace\CMSIS_CORE_LPC17xx\inc" -I"C:\Users\Red\Documents\LPCXpresso_8.1.4_606\testSpace\FreeRTOS_Library\include" -I"C:\Users\Red\Documents\LPCXpresso_8.1.4_606\testSpace\FreeRTOS_Library\portable" -O0 -g3 -fsigned-char -c -fmessage-length=0 -fno-builtin -ffunction-sections -mcpu=cortex-m3 -mthumb -D__REDLIB__ -specs=redlib.specs -MMD -MP -MF"test/tests.d" -MT"test/tests.o" -MT"test/tests.d" -o "test/tests.o" "../test/tests.c"
../test/tests.c: In function 'RTCTest':
../test/tests.c:78:14: warning: passing argument 1 of 'xTaskCreate' from incompatible pointer type [-Wincompatible-pointer-types]
  xTaskCreate(GetDatetimeTask, "RTC_GetDateTime", configMINIMAL_STACK_SIZE, NULL, 0 , NULL);
              ^
In file included from ../test/tests.c:9:0:
../test/../../FreeRTOS_Library/include/task.h:360:13: note: expected 'TaskFunction_t {aka void (*)(void *)}' but argument is of type 'void (*)(void)'
  BaseType_t xTaskCreate( TaskFunction_t pxTaskCode,
             ^
../test/tests.c: In function 'ledTest':
../test/tests.c:138:14: warning: passing argument 1 of 'xTaskCreate' from incompatible pointer type [-Wincompatible-pointer-types]
  xTaskCreate(blinkLedLib, "ledTest", configMINIMAL_STACK_SIZE, NULL, 0 , NULL );
              ^
In file included from ../test/tests.c:9:0:
../test/../../FreeRTOS_Library/include/task.h:360:13: note: expected 'TaskFunction_t {aka void (*)(void *)}' but argument is of type 'void (*)(void)'
  BaseType_t xTaskCreate( TaskFunction_t pxTaskCode,
             ^
../test/tests.c: In function 'kbdTest':
../test/tests.c:252:14: warning: passing argument 1 of 'xTaskCreate' from incompatible pointer type [-Wincompatible-pointer-types]
  xTaskCreate(setKey1, "setKey", configMINIMAL_STACK_SIZE, NULL, 0 , NULL );
              ^
In file included from ../test/tests.c:9:0:
../test/../../FreeRTOS_Library/include/task.h:360:13: note: expected 'TaskFunction_t {aka void (*)(void *)}' but argument is of type 'void (*)(void)'
  BaseType_t xTaskCreate( TaskFunction_t pxTaskCode,
             ^
../test/tests.c:253:14: warning: passing argument 1 of 'xTaskCreate' from incompatible pointer type [-Wincompatible-pointer-types]
  xTaskCreate(getKey1LCD, "getKey", configMINIMAL_STACK_SIZE, NULL, 0 , NULL );
              ^
In file included from ../test/tests.c:9:0:
../test/../../FreeRTOS_Library/include/task.h:360:13: note: expected 'TaskFunction_t {aka void (*)(void *)}' but argument is of type 'void (*)(void)'
  BaseType_t xTaskCreate( TaskFunction_t pxTaskCode,
             ^
Finished building: ../test/tests.c
 
Building file: ../Project/Environment_Tasks.c
Invoking: MCU C Compiler
arm-none-eabi-gcc -DDEBUG -D__USE_CMSIS=CMSISv1p30_LPC17xx -D__CODE_RED -D__REDLIB__ -I"C:\Users\Red\Documents\LPCXpresso_8.1.4_606\testSpace\FreeRTOS-template" -I"C:\Users\Red\Documents\LPCXpresso_8.1.4_606\testSpace\CMSIS_CORE_LPC17xx\inc" -I"C:\Users\Red\Documents\LPCXpresso_8.1.4_606\testSpace\FreeRTOS_Library\include" -I"C:\Users\Red\Documents\LPCXpresso_8.1.4_606\testSpace\FreeRTOS_Library\portable" -O0 -g3 -fsigned-char -c -fmessage-length=0 -fno-builtin -ffunction-sections -mcpu=cortex-m3 -mthumb -D__REDLIB__ -specs=redlib.specs -MMD -MP -MF"Project/Environment_Tasks.d" -MT"Project/Environment_Tasks.o" -MT"Project/Environment_Tasks.d" -o "Project/Environment_Tasks.o" "../Project/Environment_Tasks.c"
Finished building: ../Project/Environment_Tasks.c
 
Building file: ../Project/Utils.c
Invoking: MCU C Compiler
arm-none-eabi-gcc -DDEBUG -D__USE_CMSIS=CMSISv1p30_LPC17xx -D__CODE_RED -D__REDLIB__ -I"C:\Users\Red\Documents\LPCXpresso_8.1.4_606\testSpace\FreeRTOS-template" -I"C:\Users\Red\Documents\LPCXpresso_8.1.4_606\testSpace\CMSIS_CORE_LPC17xx\inc" -I"C:\Users\Red\Documents\LPCXpresso_8.1.4_606\testSpace\FreeRTOS_Library\include" -I"C:\Users\Red\Documents\LPCXpresso_8.1.4_606\testSpace\FreeRTOS_Library\portable" -O0 -g3 -fsigned-char -c -fmessage-length=0 -fno-builtin -ffunction-sections -mcpu=cortex-m3 -mthumb -D__REDLIB__ -specs=redlib.specs -MMD -MP -MF"Project/Utils.d" -MT"Project/Utils.o" -MT"Project/Utils.d" -o "Project/Utils.o" "../Project/Utils.c"
Finished building: ../Project/Utils.c
 
Building file: ../Project/proj.c
Invoking: MCU C Compiler
arm-none-eabi-gcc -DDEBUG -D__USE_CMSIS=CMSISv1p30_LPC17xx -D__CODE_RED -D__REDLIB__ -I"C:\Users\Red\Documents\LPCXpresso_8.1.4_606\testSpace\FreeRTOS-template" -I"C:\Users\Red\Documents\LPCXpresso_8.1.4_606\testSpace\CMSIS_CORE_LPC17xx\inc" -I"C:\Users\Red\Documents\LPCXpresso_8.1.4_606\testSpace\FreeRTOS_Library\include" -I"C:\Users\Red\Documents\LPCXpresso_8.1.4_606\testSpace\FreeRTOS_Library\portable" -O0 -g3 -fsigned-char -c -fmessage-length=0 -fno-builtin -ffunction-sections -mcpu=cortex-m3 -mthumb -D__REDLIB__ -specs=redlib.specs -MMD -MP -MF"Project/proj.d" -MT"Project/proj.o" -MT"Project/proj.d" -o "Project/proj.o" "../Project/proj.c"
Finished building: ../Project/proj.c
 
Building file: ../Modules/EEPROM.c
Invoking: MCU C Compiler
arm-none-eabi-gcc -DDEBUG -D__USE_CMSIS=CMSISv1p30_LPC17xx -D__CODE_RED -D__REDLIB__ -I"C:\Users\Red\Documents\LPCXpresso_8.1.4_606\testSpace\FreeRTOS-template" -I"C:\Users\Red\Documents\LPCXpresso_8.1.4_606\testSpace\CMSIS_CORE_LPC17xx\inc" -I"C:\Users\Red\Documents\LPCXpresso_8.1.4_606\testSpace\FreeRTOS_Library\include" -I"C:\Users\Red\Documents\LPCXpresso_8.1.4_606\testSpace\FreeRTOS_Library\portable" -O0 -g3 -fsigned-char -c -fmessage-length=0 -fno-builtin -ffunction-sections -mcpu=cortex-m3 -mthumb -D__REDLIB__ -specs=redlib.specs -MMD -MP -MF"Modules/EEPROM.d" -MT"Modules/EEPROM.o" -MT"Modules/EEPROM.d" -o "Modules/EEPROM.o" "../Modules/EEPROM.c"
../Modules/EEPROM.c: In function 'EEPROM_Write':
../Modules/EEPROM.c:18:2: warning: implicit declaration of function 'merge' [-Wimplicit-function-declaration]
  merge(aux, addr_buffer, ADDRESS_SIZE, buffer, size);
  ^
Finished building: ../Modules/EEPROM.c
 
Building file: ../Modules/Ethernet.c
Invoking: MCU C Compiler
arm-none-eabi-gcc -DDEBUG -D__USE_CMSIS=CMSISv1p30_LPC17xx -D__CODE_RED -D__REDLIB__ -I"C:\Users\Red\Documents\LPCXpresso_8.1.4_606\testSpace\FreeRTOS-template" -I"C:\Users\Red\Documents\LPCXpresso_8.1.4_606\testSpace\CMSIS_CORE_LPC17xx\inc" -I"C:\Users\Red\Documents\LPCXpresso_8.1.4_606\testSpace\FreeRTOS_Library\include" -I"C:\Users\Red\Documents\LPCXpresso_8.1.4_606\testSpace\FreeRTOS_Library\portable" -O0 -g3 -fsigned-char -c -fmessage-length=0 -fno-builtin -ffunction-sections -mcpu=cortex-m3 -mthumb -D__REDLIB__ -specs=redlib.specs -MMD -MP -MF"Modules/Ethernet.d" -MT"Modules/Ethernet.o" -MT"Modules/Ethernet.d" -o "Modules/Ethernet.o" "../Modules/Ethernet.c"
../Modules/Ethernet.c: In function 'Ethernet_init':
../Modules/Ethernet.c:55:2: warning: implicit declaration of function 'WriteToPHY' [-Wimplicit-function-declaration]
  WriteToPHY (0, 1<<15);
  ^
../Modules/Ethernet.c: At top level:
../Modules/Ethernet.c:75:6: warning: conflicting types for 'WriteToPHY'
 void WriteToPHY (int reg, int writeval){
      ^
../Modules/Ethernet.c:55:2: note: previous implicit declaration of 'WriteToPHY' was here
  WriteToPHY (0, 1<<15);
  ^
Finished building: ../Modules/Ethernet.c
 
Building file: ../Modules/GPIO.c
Invoking: MCU C Compiler
arm-none-eabi-gcc -DDEBUG -D__USE_CMSIS=CMSISv1p30_LPC17xx -D__CODE_RED -D__REDLIB__ -I"C:\Users\Red\Documents\LPCXpresso_8.1.4_606\testSpace\FreeRTOS-template" -I"C:\Users\Red\Documents\LPCXpresso_8.1.4_606\testSpace\CMSIS_CORE_LPC17xx\inc" -I"C:\Users\Red\Documents\LPCXpresso_8.1.4_606\testSpace\FreeRTOS_Library\include" -I"C:\Users\Red\Documents\LPCXpresso_8.1.4_606\testSpace\FreeRTOS_Library\portable" -O0 -g3 -fsigned-char -c -fmessage-length=0 -fno-builtin -ffunction-sections -mcpu=cortex-m3 -mthumb -D__REDLIB__ -specs=redlib.specs -MMD -MP -MF"Modules/GPIO.d" -MT"Modules/GPIO.o" -MT"Modules/GPIO.d" -o "Modules/GPIO.o" "../Modules/GPIO.c"
Finished building: ../Modules/GPIO.c
 
Building file: ../Modules/I2C.c
Invoking: MCU C Compiler
arm-none-eabi-gcc -DDEBUG -D__USE_CMSIS=CMSISv1p30_LPC17xx -D__CODE_RED -D__REDLIB__ -I"C:\Users\Red\Documents\LPCXpresso_8.1.4_606\testSpace\FreeRTOS-template" -I"C:\Users\Red\Documents\LPCXpresso_8.1.4_606\testSpace\CMSIS_CORE_LPC17xx\inc" -I"C:\Users\Red\Documents\LPCXpresso_8.1.4_606\testSpace\FreeRTOS_Library\include" -I"C:\Users\Red\Documents\LPCXpresso_8.1.4_606\testSpace\FreeRTOS_Library\portable" -O0 -g3 -fsigned-char -c -fmessage-length=0 -fno-builtin -ffunction-sections -mcpu=cortex-m3 -mthumb -D__REDLIB__ -specs=redlib.specs -MMD -MP -MF"Modules/I2C.d" -MT"Modules/I2C.o" -MT"Modules/I2C.d" -o "Modules/I2C.o" "../Modules/I2C.c"
Finished building: ../Modules/I2C.c
 
Building file: ../Modules/KBD.c
Invoking: MCU C Compiler
arm-none-eabi-gcc -DDEBUG -D__USE_CMSIS=CMSISv1p30_LPC17xx -D__CODE_RED -D__REDLIB__ -I"C:\Users\Red\Documents\LPCXpresso_8.1.4_606\testSpace\FreeRTOS-template" -I"C:\Users\Red\Documents\LPCXpresso_8.1.4_606\testSpace\CMSIS_CORE_LPC17xx\inc" -I"C:\Users\Red\Documents\LPCXpresso_8.1.4_606\testSpace\FreeRTOS_Library\include" -I"C:\Users\Red\Documents\LPCXpresso_8.1.4_606\testSpace\FreeRTOS_Library\portable" -O0 -g3 -fsigned-char -c -fmessage-length=0 -fno-builtin -ffunction-sections -mcpu=cortex-m3 -mthumb -D__REDLIB__ -specs=redlib.specs -MMD -MP -MF"Modules/KBD.d" -MT"Modules/KBD.o" -MT"Modules/KBD.d" -o "Modules/KBD.o" "../Modules/KBD.c"
Finished building: ../Modules/KBD.c
 
Building file: ../Modules/LCD.c
Invoking: MCU C Compiler
arm-none-eabi-gcc -DDEBUG -D__USE_CMSIS=CMSISv1p30_LPC17xx -D__CODE_RED -D__REDLIB__ -I"C:\Users\Red\Documents\LPCXpresso_8.1.4_606\testSpace\FreeRTOS-template" -I"C:\Users\Red\Documents\LPCXpresso_8.1.4_606\testSpace\CMSIS_CORE_LPC17xx\inc" -I"C:\Users\Red\Documents\LPCXpresso_8.1.4_606\testSpace\FreeRTOS_Library\include" -I"C:\Users\Red\Documents\LPCXpresso_8.1.4_606\testSpace\FreeRTOS_Library\portable" -O0 -g3 -fsigned-char -c -fmessage-length=0 -fno-builtin -ffunction-sections -mcpu=cortex-m3 -mthumb -D__REDLIB__ -specs=redlib.specs -MMD -MP -MF"Modules/LCD.d" -MT"Modules/LCD.o" -MT"Modules/LCD.d" -o "Modules/LCD.o" "../Modules/LCD.c"
Finished building: ../Modules/LCD.c
 
Building file: ../Modules/LCD_Font.c
Invoking: MCU C Compiler
arm-none-eabi-gcc -DDEBUG -D__USE_CMSIS=CMSISv1p30_LPC17xx -D__CODE_RED -D__REDLIB__ -I"C:\Users\Red\Documents\LPCXpresso_8.1.4_606\testSpace\FreeRTOS-template" -I"C:\Users\Red\Documents\LPCXpresso_8.1.4_606\testSpace\CMSIS_CORE_LPC17xx\inc" -I"C:\Users\Red\Documents\LPCXpresso_8.1.4_606\testSpace\FreeRTOS_Library\include" -I"C:\Users\Red\Documents\LPCXpresso_8.1.4_606\testSpace\FreeRTOS_Library\portable" -O0 -g3 -fsigned-char -c -fmessage-length=0 -fno-builtin -ffunction-sections -mcpu=cortex-m3 -mthumb -D__REDLIB__ -specs=redlib.specs -MMD -MP -MF"Modules/LCD_Font.d" -MT"Modules/LCD_Font.o" -MT"Modules/LCD_Font.d" -o "Modules/LCD_Font.o" "../Modules/LCD_Font.c"
Finished building: ../Modules/LCD_Font.c
 
Building file: ../Modules/LED.c
Invoking: MCU C Compiler
arm-none-eabi-gcc -DDEBUG -D__USE_CMSIS=CMSISv1p30_LPC17xx -D__CODE_RED -D__REDLIB__ -I"C:\Users\Red\Documents\LPCXpresso_8.1.4_606\testSpace\FreeRTOS-template" -I"C:\Users\Red\Documents\LPCXpresso_8.1.4_606\testSpace\CMSIS_CORE_LPC17xx\inc" -I"C:\Users\Red\Documents\LPCXpresso_8.1.4_606\testSpace\FreeRTOS_Library\include" -I"C:\Users\Red\Documents\LPCXpresso_8.1.4_606\testSpace\FreeRTOS_Library\portable" -O0 -g3 -fsigned-char -c -fmessage-length=0 -fno-builtin -ffunction-sections -mcpu=cortex-m3 -mthumb -D__REDLIB__ -specs=redlib.specs -MMD -MP -MF"Modules/LED.d" -MT"Modules/LED.o" -MT"Modules/LED.d" -o "Modules/LED.o" "../Modules/LED.c"
Finished building: ../Modules/LED.c
 
Building file: ../Modules/RTC.c
Invoking: MCU C Compiler
arm-none-eabi-gcc -DDEBUG -D__USE_CMSIS=CMSISv1p30_LPC17xx -D__CODE_RED -D__REDLIB__ -I"C:\Users\Red\Documents\LPCXpresso_8.1.4_606\testSpace\FreeRTOS-template" -I"C:\Users\Red\Documents\LPCXpresso_8.1.4_606\testSpace\CMSIS_CORE_LPC17xx\inc" -I"C:\Users\Red\Documents\LPCXpresso_8.1.4_606\testSpace\FreeRTOS_Library\include" -I"C:\Users\Red\Documents\LPCXpresso_8.1.4_606\testSpace\FreeRTOS_Library\portable" -O0 -g3 -fsigned-char -c -fmessage-length=0 -fno-builtin -ffunction-sections -mcpu=cortex-m3 -mthumb -D__REDLIB__ -specs=redlib.specs -MMD -MP -MF"Modules/RTC.d" -MT"Modules/RTC.o" -MT"Modules/RTC.d" -o "Modules/RTC.o" "../Modules/RTC.c"
Finished building: ../Modules/RTC.c
 
Building file: ../Modules/SPI.c
Invoking: MCU C Compiler
arm-none-eabi-gcc -DDEBUG -D__USE_CMSIS=CMSISv1p30_LPC17xx -D__CODE_RED -D__REDLIB__ -I"C:\Users\Red\Documents\LPCXpresso_8.1.4_606\testSpace\FreeRTOS-template" -I"C:\Users\Red\Documents\LPCXpresso_8.1.4_606\testSpace\CMSIS_CORE_LPC17xx\inc" -I"C:\Users\Red\Documents\LPCXpresso_8.1.4_606\testSpace\FreeRTOS_Library\include" -I"C:\Users\Red\Documents\LPCXpresso_8.1.4_606\testSpace\FreeRTOS_Library\portable" -O0 -g3 -fsigned-char -c -fmessage-length=0 -fno-builtin -ffunction-sections -mcpu=cortex-m3 -mthumb -D__REDLIB__ -specs=redlib.specs -MMD -MP -MF"Modules/SPI.d" -MT"Modules/SPI.o" -MT"Modules/SPI.d" -o "Modules/SPI.o" "../Modules/SPI.c"
Finished building: ../Modules/SPI.c
 
Building file: ../Modules/tapdev.c
Invoking: MCU C Compiler
arm-none-eabi-gcc -DDEBUG -D__USE_CMSIS=CMSISv1p30_LPC17xx -D__CODE_RED -D__REDLIB__ -I"C:\Users\Red\Documents\LPCXpresso_8.1.4_606\testSpace\FreeRTOS-template" -I"C:\Users\Red\Documents\LPCXpresso_8.1.4_606\testSpace\CMSIS_CORE_LPC17xx\inc" -I"C:\Users\Red\Documents\LPCXpresso_8.1.4_606\testSpace\FreeRTOS_Library\include" -I"C:\Users\Red\Documents\LPCXpresso_8.1.4_606\testSpace\FreeRTOS_Library\portable" -O0 -g3 -fsigned-char -c -fmessage-length=0 -fno-builtin -ffunction-sections -mcpu=cortex-m3 -mthumb -D__REDLIB__ -specs=redlib.specs -MMD -MP -MF"Modules/tapdev.d" -MT"Modules/tapdev.o" -MT"Modules/tapdev.d" -o "Modules/tapdev.o" "../Modules/tapdev.c"
Finished building: ../Modules/tapdev.c
 
Building file: ../cr_startup_lpc17.c
Invoking: MCU C Compiler
arm-none-eabi-gcc -DDEBUG -D__USE_CMSIS=CMSISv1p30_LPC17xx -D__CODE_RED -D__REDLIB__ -I"C:\Users\Red\Documents\LPCXpresso_8.1.4_606\testSpace\FreeRTOS-template" -I"C:\Users\Red\Documents\LPCXpresso_8.1.4_606\testSpace\CMSIS_CORE_LPC17xx\inc" -I"C:\Users\Red\Documents\LPCXpresso_8.1.4_606\testSpace\FreeRTOS_Library\include" -I"C:\Users\Red\Documents\LPCXpresso_8.1.4_606\testSpace\FreeRTOS_Library\portable" -O0 -g3 -fsigned-char -c -fmessage-length=0 -fno-builtin -ffunction-sections -mcpu=cortex-m3 -mthumb -D__REDLIB__ -specs=redlib.specs -MMD -MP -MF"cr_startup_lpc17.d" -MT"cr_startup_lpc17.o" -MT"cr_startup_lpc17.d" -o "cr_startup_lpc17.o" "../cr_startup_lpc17.c"
Finished building: ../cr_startup_lpc17.c
 
Building file: ../main.c
Invoking: MCU C Compiler
arm-none-eabi-gcc -DDEBUG -D__USE_CMSIS=CMSISv1p30_LPC17xx -D__CODE_RED -D__REDLIB__ -I"C:\Users\Red\Documents\LPCXpresso_8.1.4_606\testSpace\FreeRTOS-template" -I"C:\Users\Red\Documents\LPCXpresso_8.1.4_606\testSpace\CMSIS_CORE_LPC17xx\inc" -I"C:\Users\Red\Documents\LPCXpresso_8.1.4_606\testSpace\FreeRTOS_Library\include" -I"C:\Users\Red\Documents\LPCXpresso_8.1.4_606\testSpace\FreeRTOS_Library\portable" -O0 -g3 -fsigned-char -c -fmessage-length=0 -fno-builtin -ffunction-sections -mcpu=cortex-m3 -mthumb -D__REDLIB__ -specs=redlib.specs -MMD -MP -MF"main.d" -MT"main.o" -MT"main.d" -o "main.o" "../main.c"
Finished building: ../main.c
 
Building target: SimpleDemo.axf
Invoking: MCU Linker
arm-none-eabi-gcc -nostdlib -L"C:\Users\Red\Documents\LPCXpresso_8.1.4_606\testSpace\CMSIS_CORE_LPC17xx\Debug" -L"C:\Users\Red\Documents\LPCXpresso_8.1.4_606\testSpace\uIPauxSE2" -L"C:\Users\Red\Documents\LPCXpresso_8.1.4_606\testSpace\FreeRTOS_Library\Debug" -Xlinker --gc-sections -Xlinker -Map=SimpleDemo.map -mcpu=cortex-m3 -mthumb -T "FreeRTOS-template_Debug.ld" -o "SimpleDemo.axf"  ./test/tests.o  ./Project/Environment_Tasks.o ./Project/Utils.o ./Project/proj.o  ./Modules/EEPROM.o ./Modules/Ethernet.o ./Modules/GPIO.o ./Modules/I2C.o ./Modules/KBD.o ./Modules/LCD.o ./Modules/LCD_Font.o ./Modules/LED.o ./Modules/RTC.o ./Modules/SPI.o ./Modules/tapdev.o  ./cr_startup_lpc17.o ./main.o   -lCMSIS_CORE_LPC17xx -luIPauxSE2 -lFreeRTOS_Library
Finished building target: SimpleDemo.axf
 
make --no-print-directory post-build
Performing post-build steps
arm-none-eabi-size SimpleDemo.axf; # arm-none-eabi-objcopy -O ihex SimpleDemo.axf SimpleDemo.hex ;
   text	   data	    bss	    dec	    hex	filename
  28448	     96	  20452	  48996	   bf64	SimpleDemo.axf
 
01:48:11 **** Clean-only build of configuration Debug for project FreeRTOS_Library ****
make -r clean 
rm -rf  ./portable/BlockQ.o ./portable/GenQTest.o ./portable/PollQ.o ./portable/QPeek.o ./portable/blocktim.o ./portable/flash.o ./portable/heap_4.o ./portable/integer.o ./portable/mpu_wrappers.o ./portable/port.o ./portable/recmutex.o ./portable/semtest.o  ./croutine.o ./event_groups.o ./list.o ./queue.o ./tasks.o ./timers.o  ./portable/BlockQ.d ./portable/GenQTest.d ./portable/PollQ.d ./portable/QPeek.d ./portable/blocktim.d ./portable/flash.d ./portable/heap_4.d ./portable/integer.d ./portable/mpu_wrappers.d ./portable/port.d ./portable/recmutex.d ./portable/semtest.d  ./croutine.d ./event_groups.d ./list.d ./queue.d ./tasks.d ./timers.d  libFreeRTOS_Library.a
 
01:48:12 **** Clean-only build of configuration Debug for project FreeRTOS-template ****
make -r clean 
rm -rf  ./test/tests.o  ./Project/Environment_Tasks.o ./Project/Utils.o ./Project/proj.o  ./Modules/EEPROM.o ./Modules/Ethernet.o ./Modules/GPIO.o ./Modules/I2C.o ./Modules/KBD.o ./Modules/LCD.o ./Modules/LCD_Font.o ./Modules/LED.o ./Modules/RTC.o ./Modules/SPI.o ./Modules/tapdev.o  ./cr_startup_lpc17.o ./main.o  ./test/tests.d  ./Project/Environment_Tasks.d ./Project/Utils.d ./Project/proj.d  ./Modules/EEPROM.d ./Modules/Ethernet.d ./Modules/GPIO.d ./Modules/I2C.d ./Modules/KBD.d ./Modules/LCD.d ./Modules/LCD_Font.d ./Modules/LED.d ./Modules/RTC.d ./Modules/SPI.d ./Modules/tapdev.d  ./cr_startup_lpc17.d ./main.d  SimpleDemo.axf
 
01:48:13 **** Clean-only build of configuration Debug for project FreeRTOS_Library ****
make -r clean 
rm -rf  ./portable/BlockQ.o ./portable/GenQTest.o ./portable/PollQ.o ./portable/QPeek.o ./portable/blocktim.o ./portable/flash.o ./portable/heap_4.o ./portable/integer.o ./portable/mpu_wrappers.o ./portable/port.o ./portable/recmutex.o ./portable/semtest.o  ./croutine.o ./event_groups.o ./list.o ./queue.o ./tasks.o ./timers.o  ./portable/BlockQ.d ./portable/GenQTest.d ./portable/PollQ.d ./portable/QPeek.d ./portable/blocktim.d ./portable/flash.d ./portable/heap_4.d ./portable/integer.d ./portable/mpu_wrappers.d ./portable/port.d ./portable/recmutex.d ./portable/semtest.d  ./croutine.d ./event_groups.d ./list.d ./queue.d ./tasks.d ./timers.d  libFreeRTOS_Library.a
 
01:48:14 **** Build of configuration Debug for project FreeRTOS_Library ****
make -r all 
Building file: ../portable/BlockQ.c
Invoking: MCU C Compiler
arm-none-eabi-gcc -D__REDLIB__ -I"C:\Users\Red\Documents\LPCXpresso_8.1.4_606\testSpace\FreeRTOS-template" -I"C:\Users\Red\Documents\LPCXpresso_8.1.4_606\testSpace\FreeRTOS_Library\include" -I"C:\Users\Red\Documents\LPCXpresso_8.1.4_606\testSpace\CMSIS_CORE_LPC17xx\inc" -I"C:\Users\Red\Documents\LPCXpresso_8.1.4_606\testSpace\FreeRTOS_Library\portable\include" -I"C:\Users\Red\Documents\LPCXpresso_8.1.4_606\testSpace\FreeRTOS_Library\portable" -O1 -g3 -Wall -c -fmessage-length=0 -mcpu=cortex-m3 -mthumb -D__REDLIB__ -specs=redlib.specs -MMD -MP -MF"portable/BlockQ.d" -MT"portable/BlockQ.o" -MT"portable/BlockQ.d" -o "portable/BlockQ.o" "../portable/BlockQ.c"
Finished building: ../portable/BlockQ.c
 
Building file: ../portable/GenQTest.c
Invoking: MCU C Compiler
arm-none-eabi-gcc -D__REDLIB__ -I"C:\Users\Red\Documents\LPCXpresso_8.1.4_606\testSpace\FreeRTOS-template" -I"C:\Users\Red\Documents\LPCXpresso_8.1.4_606\testSpace\FreeRTOS_Library\include" -I"C:\Users\Red\Documents\LPCXpresso_8.1.4_606\testSpace\CMSIS_CORE_LPC17xx\inc" -I"C:\Users\Red\Documents\LPCXpresso_8.1.4_606\testSpace\FreeRTOS_Library\portable\include" -I"C:\Users\Red\Documents\LPCXpresso_8.1.4_606\testSpace\FreeRTOS_Library\portable" -O1 -g3 -Wall -c -fmessage-length=0 -mcpu=cortex-m3 -mthumb -D__REDLIB__ -specs=redlib.specs -MMD -MP -MF"portable/GenQTest.d" -MT"portable/GenQTest.o" -MT"portable/GenQTest.d" -o "portable/GenQTest.o" "../portable/GenQTest.c"
Finished building: ../portable/GenQTest.c
 
Building file: ../portable/PollQ.c
Invoking: MCU C Compiler
arm-none-eabi-gcc -D__REDLIB__ -I"C:\Users\Red\Documents\LPCXpresso_8.1.4_606\testSpace\FreeRTOS-template" -I"C:\Users\Red\Documents\LPCXpresso_8.1.4_606\testSpace\FreeRTOS_Library\include" -I"C:\Users\Red\Documents\LPCXpresso_8.1.4_606\testSpace\CMSIS_CORE_LPC17xx\inc" -I"C:\Users\Red\Documents\LPCXpresso_8.1.4_606\testSpace\FreeRTOS_Library\portable\include" -I"C:\Users\Red\Documents\LPCXpresso_8.1.4_606\testSpace\FreeRTOS_Library\portable" -O1 -g3 -Wall -c -fmessage-length=0 -mcpu=cortex-m3 -mthumb -D__REDLIB__ -specs=redlib.specs -MMD -MP -MF"portable/PollQ.d" -MT"portable/PollQ.o" -MT"portable/PollQ.d" -o "portable/PollQ.o" "../portable/PollQ.c"
Finished building: ../portable/PollQ.c
 
Building file: ../portable/QPeek.c
Invoking: MCU C Compiler
arm-none-eabi-gcc -D__REDLIB__ -I"C:\Users\Red\Documents\LPCXpresso_8.1.4_606\testSpace\FreeRTOS-template" -I"C:\Users\Red\Documents\LPCXpresso_8.1.4_606\testSpace\FreeRTOS_Library\include" -I"C:\Users\Red\Documents\LPCXpresso_8.1.4_606\testSpace\CMSIS_CORE_LPC17xx\inc" -I"C:\Users\Red\Documents\LPCXpresso_8.1.4_606\testSpace\FreeRTOS_Library\portable\include" -I"C:\Users\Red\Documents\LPCXpresso_8.1.4_606\testSpace\FreeRTOS_Library\portable" -O1 -g3 -Wall -c -fmessage-length=0 -mcpu=cortex-m3 -mthumb -D__REDLIB__ -specs=redlib.specs -MMD -MP -MF"portable/QPeek.d" -MT"portable/QPeek.o" -MT"portable/QPeek.d" -o "portable/QPeek.o" "../portable/QPeek.c"
Finished building: ../portable/QPeek.c
 
Building file: ../portable/blocktim.c
Invoking: MCU C Compiler
arm-none-eabi-gcc -D__REDLIB__ -I"C:\Users\Red\Documents\LPCXpresso_8.1.4_606\testSpace\FreeRTOS-template" -I"C:\Users\Red\Documents\LPCXpresso_8.1.4_606\testSpace\FreeRTOS_Library\include" -I"C:\Users\Red\Documents\LPCXpresso_8.1.4_606\testSpace\CMSIS_CORE_LPC17xx\inc" -I"C:\Users\Red\Documents\LPCXpresso_8.1.4_606\testSpace\FreeRTOS_Library\portable\include" -I"C:\Users\Red\Documents\LPCXpresso_8.1.4_606\testSpace\FreeRTOS_Library\portable" -O1 -g3 -Wall -c -fmessage-length=0 -mcpu=cortex-m3 -mthumb -D__REDLIB__ -specs=redlib.specs -MMD -MP -MF"portable/blocktim.d" -MT"portable/blocktim.o" -MT"portable/blocktim.d" -o "portable/blocktim.o" "../portable/blocktim.c"
Finished building: ../portable/blocktim.c
 
Building file: ../portable/flash.c
Invoking: MCU C Compiler
arm-none-eabi-gcc -D__REDLIB__ -I"C:\Users\Red\Documents\LPCXpresso_8.1.4_606\testSpace\FreeRTOS-template" -I"C:\Users\Red\Documents\LPCXpresso_8.1.4_606\testSpace\FreeRTOS_Library\include" -I"C:\Users\Red\Documents\LPCXpresso_8.1.4_606\testSpace\CMSIS_CORE_LPC17xx\inc" -I"C:\Users\Red\Documents\LPCXpresso_8.1.4_606\testSpace\FreeRTOS_Library\portable\include" -I"C:\Users\Red\Documents\LPCXpresso_8.1.4_606\testSpace\FreeRTOS_Library\portable" -O1 -g3 -Wall -c -fmessage-length=0 -mcpu=cortex-m3 -mthumb -D__REDLIB__ -specs=redlib.specs -MMD -MP -MF"portable/flash.d" -MT"portable/flash.o" -MT"portable/flash.d" -o "portable/flash.o" "../portable/flash.c"
In file included from ../portable/flash.c:91:0:
C:\Users\Red\Documents\LPCXpresso_8.1.4_606\testSpace\FreeRTOS_Library\portable\include/partest.h:77:1: warning: parameter names (without types) in function declaration
 void vParTestToggleLED(uxLED );
 ^
Finished building: ../portable/flash.c
 
Building file: ../portable/heap_4.c
Invoking: MCU C Compiler
arm-none-eabi-gcc -D__REDLIB__ -I"C:\Users\Red\Documents\LPCXpresso_8.1.4_606\testSpace\FreeRTOS-template" -I"C:\Users\Red\Documents\LPCXpresso_8.1.4_606\testSpace\FreeRTOS_Library\include" -I"C:\Users\Red\Documents\LPCXpresso_8.1.4_606\testSpace\CMSIS_CORE_LPC17xx\inc" -I"C:\Users\Red\Documents\LPCXpresso_8.1.4_606\testSpace\FreeRTOS_Library\portable\include" -I"C:\Users\Red\Documents\LPCXpresso_8.1.4_606\testSpace\FreeRTOS_Library\portable" -O1 -g3 -Wall -c -fmessage-length=0 -mcpu=cortex-m3 -mthumb -D__REDLIB__ -specs=redlib.specs -MMD -MP -MF"portable/heap_4.d" -MT"portable/heap_4.o" -MT"portable/heap_4.d" -o "portable/heap_4.o" "../portable/heap_4.c"
Finished building: ../portable/heap_4.c
 
Building file: ../portable/integer.c
Invoking: MCU C Compiler
arm-none-eabi-gcc -D__REDLIB__ -I"C:\Users\Red\Documents\LPCXpresso_8.1.4_606\testSpace\FreeRTOS-template" -I"C:\Users\Red\Documents\LPCXpresso_8.1.4_606\testSpace\FreeRTOS_Library\include" -I"C:\Users\Red\Documents\LPCXpresso_8.1.4_606\testSpace\CMSIS_CORE_LPC17xx\inc" -I"C:\Users\Red\Documents\LPCXpresso_8.1.4_606\testSpace\FreeRTOS_Library\portable\include" -I"C:\Users\Red\Documents\LPCXpresso_8.1.4_606\testSpace\FreeRTOS_Library\portable" -O1 -g3 -Wall -c -fmessage-length=0 -mcpu=cortex-m3 -mthumb -D__REDLIB__ -specs=redlib.specs -MMD -MP -MF"portable/integer.d" -MT"portable/integer.o" -MT"portable/integer.d" -o "portable/integer.o" "../portable/integer.c"
Finished building: ../portable/integer.c
 
Building file: ../portable/mpu_wrappers.c
Invoking: MCU C Compiler
arm-none-eabi-gcc -D__REDLIB__ -I"C:\Users\Red\Documents\LPCXpresso_8.1.4_606\testSpace\FreeRTOS-template" -I"C:\Users\Red\Documents\LPCXpresso_8.1.4_606\testSpace\FreeRTOS_Library\include" -I"C:\Users\Red\Documents\LPCXpresso_8.1.4_606\testSpace\CMSIS_CORE_LPC17xx\inc" -I"C:\Users\Red\Documents\LPCXpresso_8.1.4_606\testSpace\FreeRTOS_Library\portable\include" -I"C:\Users\Red\Documents\LPCXpresso_8.1.4_606\testSpace\FreeRTOS_Library\portable" -O1 -g3 -Wall -c -fmessage-length=0 -mcpu=cortex-m3 -mthumb -D__REDLIB__ -specs=redlib.specs -MMD -MP -MF"portable/mpu_wrappers.d" -MT"portable/mpu_wrappers.o" -MT"portable/mpu_wrappers.d" -o "portable/mpu_wrappers.o" "../portable/mpu_wrappers.c"
../portable/mpu_wrappers.c: In function 'MPU_xTaskCreateRestricted':
../portable/mpu_wrappers.c:104:12: warning: implicit declaration of function 'xTaskCreateRestricted' [-Wimplicit-function-declaration]
  xReturn = xTaskCreateRestricted( pxTaskDefinition, pxCreatedTask );
            ^
../portable/mpu_wrappers.c:105:2: warning: implicit declaration of function 'vPortResetPrivilege' [-Wimplicit-function-declaration]
  vPortResetPrivilege( xRunningPrivileged );
  ^
Finished building: ../portable/mpu_wrappers.c
 
Building file: ../portable/port.c
Invoking: MCU C Compiler
arm-none-eabi-gcc -D__REDLIB__ -I"C:\Users\Red\Documents\LPCXpresso_8.1.4_606\testSpace\FreeRTOS-template" -I"C:\Users\Red\Documents\LPCXpresso_8.1.4_606\testSpace\FreeRTOS_Library\include" -I"C:\Users\Red\Documents\LPCXpresso_8.1.4_606\testSpace\CMSIS_CORE_LPC17xx\inc" -I"C:\Users\Red\Documents\LPCXpresso_8.1.4_606\testSpace\FreeRTOS_Library\portable\include" -I"C:\Users\Red\Documents\LPCXpresso_8.1.4_606\testSpace\FreeRTOS_Library\portable" -O1 -g3 -Wall -c -fmessage-length=0 -mcpu=cortex-m3 -mthumb -D__REDLIB__ -specs=redlib.specs -MMD -MP -MF"portable/port.d" -MT"portable/port.o" -MT"portable/port.d" -o "portable/port.o" "../portable/port.c"
Finished building: ../portable/port.c
 
Building file: ../portable/recmutex.c
Invoking: MCU C Compiler
arm-none-eabi-gcc -D__REDLIB__ -I"C:\Users\Red\Documents\LPCXpresso_8.1.4_606\testSpace\FreeRTOS-template" -I"C:\Users\Red\Documents\LPCXpresso_8.1.4_606\testSpace\FreeRTOS_Library\include" -I"C:\Users\Red\Documents\LPCXpresso_8.1.4_606\testSpace\CMSIS_CORE_LPC17xx\inc" -I"C:\Users\Red\Documents\LPCXpresso_8.1.4_606\testSpace\FreeRTOS_Library\portable\include" -I"C:\Users\Red\Documents\LPCXpresso_8.1.4_606\testSpace\FreeRTOS_Library\portable" -O1 -g3 -Wall -c -fmessage-length=0 -mcpu=cortex-m3 -mthumb -D__REDLIB__ -specs=redlib.specs -MMD -MP -MF"portable/recmutex.d" -MT"portable/recmutex.o" -MT"portable/recmutex.d" -o "portable/recmutex.o" "../portable/recmutex.c"
Finished building: ../portable/recmutex.c
 
Building file: ../portable/semtest.c
Invoking: MCU C Compiler
arm-none-eabi-gcc -D__REDLIB__ -I"C:\Users\Red\Documents\LPCXpresso_8.1.4_606\testSpace\FreeRTOS-template" -I"C:\Users\Red\Documents\LPCXpresso_8.1.4_606\testSpace\FreeRTOS_Library\include" -I"C:\Users\Red\Documents\LPCXpresso_8.1.4_606\testSpace\CMSIS_CORE_LPC17xx\inc" -I"C:\Users\Red\Documents\LPCXpresso_8.1.4_606\testSpace\FreeRTOS_Library\portable\include" -I"C:\Users\Red\Documents\LPCXpresso_8.1.4_606\testSpace\FreeRTOS_Library\portable" -O1 -g3 -Wall -c -fmessage-length=0 -mcpu=cortex-m3 -mthumb -D__REDLIB__ -specs=redlib.specs -MMD -MP -MF"portable/semtest.d" -MT"portable/semtest.o" -MT"portable/semtest.d" -o "portable/semtest.o" "../portable/semtest.c"
Finished building: ../portable/semtest.c
 
Building file: ../croutine.c
Invoking: MCU C Compiler
arm-none-eabi-gcc -D__REDLIB__ -I"C:\Users\Red\Documents\LPCXpresso_8.1.4_606\testSpace\FreeRTOS-template" -I"C:\Users\Red\Documents\LPCXpresso_8.1.4_606\testSpace\FreeRTOS_Library\include" -I"C:\Users\Red\Documents\LPCXpresso_8.1.4_606\testSpace\CMSIS_CORE_LPC17xx\inc" -I"C:\Users\Red\Documents\LPCXpresso_8.1.4_606\testSpace\FreeRTOS_Library\portable\include" -I"C:\Users\Red\Documents\LPCXpresso_8.1.4_606\testSpace\FreeRTOS_Library\portable" -O1 -g3 -Wall -c -fmessage-length=0 -mcpu=cortex-m3 -mthumb -D__REDLIB__ -specs=redlib.specs -MMD -MP -MF"croutine.d" -MT"croutine.o" -MT"croutine.d" -o "croutine.o" "../croutine.c"
Finished building: ../croutine.c
 
Building file: ../event_groups.c
Invoking: MCU C Compiler
arm-none-eabi-gcc -D__REDLIB__ -I"C:\Users\Red\Documents\LPCXpresso_8.1.4_606\testSpace\FreeRTOS-template" -I"C:\Users\Red\Documents\LPCXpresso_8.1.4_606\testSpace\FreeRTOS_Library\include" -I"C:\Users\Red\Documents\LPCXpresso_8.1.4_606\testSpace\CMSIS_CORE_LPC17xx\inc" -I"C:\Users\Red\Documents\LPCXpresso_8.1.4_606\testSpace\FreeRTOS_Library\portable\include" -I"C:\Users\Red\Documents\LPCXpresso_8.1.4_606\testSpace\FreeRTOS_Library\portable" -O1 -g3 -Wall -c -fmessage-length=0 -mcpu=cortex-m3 -mthumb -D__REDLIB__ -specs=redlib.specs -MMD -MP -MF"event_groups.d" -MT"event_groups.o" -MT"event_groups.d" -o "event_groups.o" "../event_groups.c"
Finished building: ../event_groups.c
 
Building file: ../list.c
Invoking: MCU C Compiler
arm-none-eabi-gcc -D__REDLIB__ -I"C:\Users\Red\Documents\LPCXpresso_8.1.4_606\testSpace\FreeRTOS-template" -I"C:\Users\Red\Documents\LPCXpresso_8.1.4_606\testSpace\FreeRTOS_Library\include" -I"C:\Users\Red\Documents\LPCXpresso_8.1.4_606\testSpace\CMSIS_CORE_LPC17xx\inc" -I"C:\Users\Red\Documents\LPCXpresso_8.1.4_606\testSpace\FreeRTOS_Library\portable\include" -I"C:\Users\Red\Documents\LPCXpresso_8.1.4_606\testSpace\FreeRTOS_Library\portable" -O1 -g3 -Wall -c -fmessage-length=0 -mcpu=cortex-m3 -mthumb -D__REDLIB__ -specs=redlib.specs -MMD -MP -MF"list.d" -MT"list.o" -MT"list.d" -o "list.o" "../list.c"
Finished building: ../list.c
 
Building file: ../queue.c
Invoking: MCU C Compiler
arm-none-eabi-gcc -D__REDLIB__ -I"C:\Users\Red\Documents\LPCXpresso_8.1.4_606\testSpace\FreeRTOS-template" -I"C:\Users\Red\Documents\LPCXpresso_8.1.4_606\testSpace\FreeRTOS_Library\include" -I"C:\Users\Red\Documents\LPCXpresso_8.1.4_606\testSpace\CMSIS_CORE_LPC17xx\inc" -I"C:\Users\Red\Documents\LPCXpresso_8.1.4_606\testSpace\FreeRTOS_Library\portable\include" -I"C:\Users\Red\Documents\LPCXpresso_8.1.4_606\testSpace\FreeRTOS_Library\portable" -O1 -g3 -Wall -c -fmessage-length=0 -mcpu=cortex-m3 -mthumb -D__REDLIB__ -specs=redlib.specs -MMD -MP -MF"queue.d" -MT"queue.o" -MT"queue.d" -o "queue.o" "../queue.c"
Finished building: ../queue.c
 
Building file: ../tasks.c
Invoking: MCU C Compiler
arm-none-eabi-gcc -D__REDLIB__ -I"C:\Users\Red\Documents\LPCXpresso_8.1.4_606\testSpace\FreeRTOS-template" -I"C:\Users\Red\Documents\LPCXpresso_8.1.4_606\testSpace\FreeRTOS_Library\include" -I"C:\Users\Red\Documents\LPCXpresso_8.1.4_606\testSpace\CMSIS_CORE_LPC17xx\inc" -I"C:\Users\Red\Documents\LPCXpresso_8.1.4_606\testSpace\FreeRTOS_Library\portable\include" -I"C:\Users\Red\Documents\LPCXpresso_8.1.4_606\testSpace\FreeRTOS_Library\portable" -O1 -g3 -Wall -c -fmessage-length=0 -mcpu=cortex-m3 -mthumb -D__REDLIB__ -specs=redlib.specs -MMD -MP -MF"tasks.d" -MT"tasks.o" -MT"tasks.d" -o "tasks.o" "../tasks.c"
Finished building: ../tasks.c
 
Building file: ../timers.c
Invoking: MCU C Compiler
arm-none-eabi-gcc -D__REDLIB__ -I"C:\Users\Red\Documents\LPCXpresso_8.1.4_606\testSpace\FreeRTOS-template" -I"C:\Users\Red\Documents\LPCXpresso_8.1.4_606\testSpace\FreeRTOS_Library\include" -I"C:\Users\Red\Documents\LPCXpresso_8.1.4_606\testSpace\CMSIS_CORE_LPC17xx\inc" -I"C:\Users\Red\Documents\LPCXpresso_8.1.4_606\testSpace\FreeRTOS_Library\portable\include" -I"C:\Users\Red\Documents\LPCXpresso_8.1.4_606\testSpace\FreeRTOS_Library\portable" -O1 -g3 -Wall -c -fmessage-length=0 -mcpu=cortex-m3 -mthumb -D__REDLIB__ -specs=redlib.specs -MMD -MP -MF"timers.d" -MT"timers.o" -MT"timers.d" -o "timers.o" "../timers.c"
Finished building: ../timers.c
 
Building target: libFreeRTOS_Library.a
Invoking: MCU Archiver
arm-none-eabi-ar -r  "libFreeRTOS_Library.a"  ./portable/BlockQ.o ./portable/GenQTest.o ./portable/PollQ.o ./portable/QPeek.o ./portable/blocktim.o ./portable/flash.o ./portable/heap_4.o ./portable/integer.o ./portable/mpu_wrappers.o ./portable/port.o ./portable/recmutex.o ./portable/semtest.o  ./croutine.o ./event_groups.o ./list.o ./queue.o ./tasks.o ./timers.o   
c:\nxp\LPCXpresso_8.1.4_606\lpcxpresso\tools\bin\arm-none-eabi-ar.exe: creating libFreeRTOS_Library.a
Finished building target: libFreeRTOS_Library.a
 
make --no-print-directory post-build
Performing post-build steps
arm-none-eabi-size libFreeRTOS_Library.a ; # arm-none-eabi-objdump -h -S libFreeRTOS_Library.a >libFreeRTOS_Library.lss
   text	   data	    bss	    dec	    hex	filename
    572	      0	     30	    602	    25a	BlockQ.o (ex libFreeRTOS_Library.a)
   1311	      0	     32	   1343	    53f	GenQTest.o (ex libFreeRTOS_Library.a)
    360	      0	     12	    372	    174	PollQ.o (ex libFreeRTOS_Library.a)
    883	      0	     12	    895	    37f	QPeek.o (ex libFreeRTOS_Library.a)
    987	      0	     32	   1019	    3fb	blocktim.o (ex libFreeRTOS_Library.a)
      4	      0	      4	      8	      8	flash.o (ex libFreeRTOS_Library.a)
    444	      0	  19480	  19924	   4dd4	heap_4.o (ex libFreeRTOS_Library.a)
    160	      0	      4	    164	     a4	integer.o (ex libFreeRTOS_Library.a)
   1812	      0	      0	   1812	    714	mpu_wrappers.o (ex libFreeRTOS_Library.a)
    380	      4	      0	    384	    180	port.o (ex libFreeRTOS_Library.a)
    533	      0	     48	    581	    245	recmutex.o (ex libFreeRTOS_Library.a)
    551	      0	     20	    571	    23b	semtest.o (ex libFreeRTOS_Library.a)
      0	      0	      0	      0	      0	croutine.o (ex libFreeRTOS_Library.a)
    604	      0	      0	    604	    25c	event_groups.o (ex libFreeRTOS_Library.a)
    144	      0	      0	    144	     90	list.o (ex libFreeRTOS_Library.a)
   1916	      0	      0	   1916	    77c	queue.o (ex libFreeRTOS_Library.a)
   4891	      0	    260	   5151	   141f	tasks.o (ex libFreeRTOS_Library.a)
    908	      0	     60	    968	    3c8	timers.o (ex libFreeRTOS_Library.a)
 
01:48:18 **** Build of configuration Debug for project FreeRTOS-template ****
make -r all 
Building file: ../test/tests.c
Invoking: MCU C Compiler
arm-none-eabi-gcc -DDEBUG -D__USE_CMSIS=CMSISv1p30_LPC17xx -D__CODE_RED -D__REDLIB__ -I"C:\Users\Red\Documents\LPCXpresso_8.1.4_606\testSpace\FreeRTOS-template" -I"C:\Users\Red\Documents\LPCXpresso_8.1.4_606\testSpace\CMSIS_CORE_LPC17xx\inc" -I"C:\Users\Red\Documents\LPCXpresso_8.1.4_606\testSpace\FreeRTOS_Library\include" -I"C:\Users\Red\Documents\LPCXpresso_8.1.4_606\testSpace\FreeRTOS_Library\portable" -O0 -g3 -fsigned-char -c -fmessage-length=0 -fno-builtin -ffunction-sections -mcpu=cortex-m3 -mthumb -D__REDLIB__ -specs=redlib.specs -MMD -MP -MF"test/tests.d" -MT"test/tests.o" -MT"test/tests.d" -o "test/tests.o" "../test/tests.c"
../test/tests.c: In function 'RTCTest':
../test/tests.c:78:14: warning: passing argument 1 of 'xTaskCreate' from incompatible pointer type [-Wincompatible-pointer-types]
  xTaskCreate(GetDatetimeTask, "RTC_GetDateTime", configMINIMAL_STACK_SIZE, NULL, 0 , NULL);
              ^
In file included from ../test/tests.c:9:0:
../test/../../FreeRTOS_Library/include/task.h:360:13: note: expected 'TaskFunction_t {aka void (*)(void *)}' but argument is of type 'void (*)(void)'
  BaseType_t xTaskCreate( TaskFunction_t pxTaskCode,
             ^
../test/tests.c: In function 'ledTest':
../test/tests.c:138:14: warning: passing argument 1 of 'xTaskCreate' from incompatible pointer type [-Wincompatible-pointer-types]
  xTaskCreate(blinkLedLib, "ledTest", configMINIMAL_STACK_SIZE, NULL, 0 , NULL );
              ^
In file included from ../test/tests.c:9:0:
../test/../../FreeRTOS_Library/include/task.h:360:13: note: expected 'TaskFunction_t {aka void (*)(void *)}' but argument is of type 'void (*)(void)'
  BaseType_t xTaskCreate( TaskFunction_t pxTaskCode,
             ^
../test/tests.c: In function 'kbdTest':
../test/tests.c:252:14: warning: passing argument 1 of 'xTaskCreate' from incompatible pointer type [-Wincompatible-pointer-types]
  xTaskCreate(setKey1, "setKey", configMINIMAL_STACK_SIZE, NULL, 0 , NULL );
              ^
In file included from ../test/tests.c:9:0:
../test/../../FreeRTOS_Library/include/task.h:360:13: note: expected 'TaskFunction_t {aka void (*)(void *)}' but argument is of type 'void (*)(void)'
  BaseType_t xTaskCreate( TaskFunction_t pxTaskCode,
             ^
../test/tests.c:253:14: warning: passing argument 1 of 'xTaskCreate' from incompatible pointer type [-Wincompatible-pointer-types]
  xTaskCreate(getKey1LCD, "getKey", configMINIMAL_STACK_SIZE, NULL, 0 , NULL );
              ^
In file included from ../test/tests.c:9:0:
../test/../../FreeRTOS_Library/include/task.h:360:13: note: expected 'TaskFunction_t {aka void (*)(void *)}' but argument is of type 'void (*)(void)'
  BaseType_t xTaskCreate( TaskFunction_t pxTaskCode,
             ^
Finished building: ../test/tests.c
 
Building file: ../Project/Environment_Tasks.c
Invoking: MCU C Compiler
arm-none-eabi-gcc -DDEBUG -D__USE_CMSIS=CMSISv1p30_LPC17xx -D__CODE_RED -D__REDLIB__ -I"C:\Users\Red\Documents\LPCXpresso_8.1.4_606\testSpace\FreeRTOS-template" -I"C:\Users\Red\Documents\LPCXpresso_8.1.4_606\testSpace\CMSIS_CORE_LPC17xx\inc" -I"C:\Users\Red\Documents\LPCXpresso_8.1.4_606\testSpace\FreeRTOS_Library\include" -I"C:\Users\Red\Documents\LPCXpresso_8.1.4_606\testSpace\FreeRTOS_Library\portable" -O0 -g3 -fsigned-char -c -fmessage-length=0 -fno-builtin -ffunction-sections -mcpu=cortex-m3 -mthumb -D__REDLIB__ -specs=redlib.specs -MMD -MP -MF"Project/Environment_Tasks.d" -MT"Project/Environment_Tasks.o" -MT"Project/Environment_Tasks.d" -o "Project/Environment_Tasks.o" "../Project/Environment_Tasks.c"
Finished building: ../Project/Environment_Tasks.c
 
Building file: ../Project/Utils.c
Invoking: MCU C Compiler
arm-none-eabi-gcc -DDEBUG -D__USE_CMSIS=CMSISv1p30_LPC17xx -D__CODE_RED -D__REDLIB__ -I"C:\Users\Red\Documents\LPCXpresso_8.1.4_606\testSpace\FreeRTOS-template" -I"C:\Users\Red\Documents\LPCXpresso_8.1.4_606\testSpace\CMSIS_CORE_LPC17xx\inc" -I"C:\Users\Red\Documents\LPCXpresso_8.1.4_606\testSpace\FreeRTOS_Library\include" -I"C:\Users\Red\Documents\LPCXpresso_8.1.4_606\testSpace\FreeRTOS_Library\portable" -O0 -g3 -fsigned-char -c -fmessage-length=0 -fno-builtin -ffunction-sections -mcpu=cortex-m3 -mthumb -D__REDLIB__ -specs=redlib.specs -MMD -MP -MF"Project/Utils.d" -MT"Project/Utils.o" -MT"Project/Utils.d" -o "Project/Utils.o" "../Project/Utils.c"
Finished building: ../Project/Utils.c
 
Building file: ../Project/proj.c
Invoking: MCU C Compiler
arm-none-eabi-gcc -DDEBUG -D__USE_CMSIS=CMSISv1p30_LPC17xx -D__CODE_RED -D__REDLIB__ -I"C:\Users\Red\Documents\LPCXpresso_8.1.4_606\testSpace\FreeRTOS-template" -I"C:\Users\Red\Documents\LPCXpresso_8.1.4_606\testSpace\CMSIS_CORE_LPC17xx\inc" -I"C:\Users\Red\Documents\LPCXpresso_8.1.4_606\testSpace\FreeRTOS_Library\include" -I"C:\Users\Red\Documents\LPCXpresso_8.1.4_606\testSpace\FreeRTOS_Library\portable" -O0 -g3 -fsigned-char -c -fmessage-length=0 -fno-builtin -ffunction-sections -mcpu=cortex-m3 -mthumb -D__REDLIB__ -specs=redlib.specs -MMD -MP -MF"Project/proj.d" -MT"Project/proj.o" -MT"Project/proj.d" -o "Project/proj.o" "../Project/proj.c"
Finished building: ../Project/proj.c
 
Building file: ../Modules/EEPROM.c
Invoking: MCU C Compiler
arm-none-eabi-gcc -DDEBUG -D__USE_CMSIS=CMSISv1p30_LPC17xx -D__CODE_RED -D__REDLIB__ -I"C:\Users\Red\Documents\LPCXpresso_8.1.4_606\testSpace\FreeRTOS-template" -I"C:\Users\Red\Documents\LPCXpresso_8.1.4_606\testSpace\CMSIS_CORE_LPC17xx\inc" -I"C:\Users\Red\Documents\LPCXpresso_8.1.4_606\testSpace\FreeRTOS_Library\include" -I"C:\Users\Red\Documents\LPCXpresso_8.1.4_606\testSpace\FreeRTOS_Library\portable" -O0 -g3 -fsigned-char -c -fmessage-length=0 -fno-builtin -ffunction-sections -mcpu=cortex-m3 -mthumb -D__REDLIB__ -specs=redlib.specs -MMD -MP -MF"Modules/EEPROM.d" -MT"Modules/EEPROM.o" -MT"Modules/EEPROM.d" -o "Modules/EEPROM.o" "../Modules/EEPROM.c"
../Modules/EEPROM.c: In function 'EEPROM_Write':
../Modules/EEPROM.c:18:2: warning: implicit declaration of function 'merge' [-Wimplicit-function-declaration]
  merge(aux, addr_buffer, ADDRESS_SIZE, buffer, size);
  ^
Finished building: ../Modules/EEPROM.c
 
Building file: ../Modules/Ethernet.c
Invoking: MCU C Compiler
arm-none-eabi-gcc -DDEBUG -D__USE_CMSIS=CMSISv1p30_LPC17xx -D__CODE_RED -D__REDLIB__ -I"C:\Users\Red\Documents\LPCXpresso_8.1.4_606\testSpace\FreeRTOS-template" -I"C:\Users\Red\Documents\LPCXpresso_8.1.4_606\testSpace\CMSIS_CORE_LPC17xx\inc" -I"C:\Users\Red\Documents\LPCXpresso_8.1.4_606\testSpace\FreeRTOS_Library\include" -I"C:\Users\Red\Documents\LPCXpresso_8.1.4_606\testSpace\FreeRTOS_Library\portable" -O0 -g3 -fsigned-char -c -fmessage-length=0 -fno-builtin -ffunction-sections -mcpu=cortex-m3 -mthumb -D__REDLIB__ -specs=redlib.specs -MMD -MP -MF"Modules/Ethernet.d" -MT"Modules/Ethernet.o" -MT"Modules/Ethernet.d" -o "Modules/Ethernet.o" "../Modules/Ethernet.c"
../Modules/Ethernet.c: In function 'Ethernet_init':
../Modules/Ethernet.c:55:2: warning: implicit declaration of function 'WriteToPHY' [-Wimplicit-function-declaration]
  WriteToPHY (0, 1<<15);
  ^
../Modules/Ethernet.c:61:6: warning: implicit declaration of function 'ReadFromPHY' [-Wimplicit-function-declaration]
   if(ReadFromPHY(0) && 1<<15)
      ^
../Modules/Ethernet.c: At top level:
../Modules/Ethernet.c:81:6: warning: conflicting types for 'WriteToPHY'
 void WriteToPHY (int reg, int writeval){
      ^
../Modules/Ethernet.c:55:2: note: previous implicit declaration of 'WriteToPHY' was here
  WriteToPHY (0, 1<<15);
  ^
../Modules/Ethernet.c:93:16: error: conflicting types for 'ReadFromPHY'
 unsigned short ReadFromPHY (unsigned char reg){
                ^
../Modules/Ethernet.c:61:6: note: previous implicit declaration of 'ReadFromPHY' was here
   if(ReadFromPHY(0) && 1<<15)
      ^
make: *** [Modules/Ethernet.o] Error 1
01:49:19 **** Incremental Build of configuration Debug for project FreeRTOS_Library ****
make -r all 
make: Nothing to be done for `all'.
01:49:20 **** Incremental Build of configuration Debug for project FreeRTOS-template ****
make -r all 
Building file: ../Modules/Ethernet.c
Invoking: MCU C Compiler
arm-none-eabi-gcc -DDEBUG -D__USE_CMSIS=CMSISv1p30_LPC17xx -D__CODE_RED -D__REDLIB__ -I"C:\Users\Red\Documents\LPCXpresso_8.1.4_606\testSpace\FreeRTOS-template" -I"C:\Users\Red\Documents\LPCXpresso_8.1.4_606\testSpace\CMSIS_CORE_LPC17xx\inc" -I"C:\Users\Red\Documents\LPCXpresso_8.1.4_606\testSpace\FreeRTOS_Library\include" -I"C:\Users\Red\Documents\LPCXpresso_8.1.4_606\testSpace\FreeRTOS_Library\portable" -O0 -g3 -fsigned-char -c -fmessage-length=0 -fno-builtin -ffunction-sections -mcpu=cortex-m3 -mthumb -D__REDLIB__ -specs=redlib.specs -MMD -MP -MF"Modules/Ethernet.d" -MT"Modules/Ethernet.o" -MT"Modules/Ethernet.d" -o "Modules/Ethernet.o" "../Modules/Ethernet.c"
../Modules/Ethernet.c: In function 'Ethernet_init':
../Modules/Ethernet.c:55:2: warning: implicit declaration of function 'WriteToPHY' [-Wimplicit-function-declaration]
  WriteToPHY (0, 1<<15);
  ^
../Modules/Ethernet.c:61:6: warning: implicit declaration of function 'ReadFromPHY' [-Wimplicit-function-declaration]
   if(ReadFromPHY(0) && 1<<15)
      ^
Finished building: ../Modules/Ethernet.c
 
Building file: ../Modules/GPIO.c
Invoking: MCU C Compiler
arm-none-eabi-gcc -DDEBUG -D__USE_CMSIS=CMSISv1p30_LPC17xx -D__CODE_RED -D__REDLIB__ -I"C:\Users\Red\Documents\LPCXpresso_8.1.4_606\testSpace\FreeRTOS-template" -I"C:\Users\Red\Documents\LPCXpresso_8.1.4_606\testSpace\CMSIS_CORE_LPC17xx\inc" -I"C:\Users\Red\Documents\LPCXpresso_8.1.4_606\testSpace\FreeRTOS_Library\include" -I"C:\Users\Red\Documents\LPCXpresso_8.1.4_606\testSpace\FreeRTOS_Library\portable" -O0 -g3 -fsigned-char -c -fmessage-length=0 -fno-builtin -ffunction-sections -mcpu=cortex-m3 -mthumb -D__REDLIB__ -specs=redlib.specs -MMD -MP -MF"Modules/GPIO.d" -MT"Modules/GPIO.o" -MT"Modules/GPIO.d" -o "Modules/GPIO.o" "../Modules/GPIO.c"
Finished building: ../Modules/GPIO.c
 
Building file: ../Modules/I2C.c
Invoking: MCU C Compiler
arm-none-eabi-gcc -DDEBUG -D__USE_CMSIS=CMSISv1p30_LPC17xx -D__CODE_RED -D__REDLIB__ -I"C:\Users\Red\Documents\LPCXpresso_8.1.4_606\testSpace\FreeRTOS-template" -I"C:\Users\Red\Documents\LPCXpresso_8.1.4_606\testSpace\CMSIS_CORE_LPC17xx\inc" -I"C:\Users\Red\Documents\LPCXpresso_8.1.4_606\testSpace\FreeRTOS_Library\include" -I"C:\Users\Red\Documents\LPCXpresso_8.1.4_606\testSpace\FreeRTOS_Library\portable" -O0 -g3 -fsigned-char -c -fmessage-length=0 -fno-builtin -ffunction-sections -mcpu=cortex-m3 -mthumb -D__REDLIB__ -specs=redlib.specs -MMD -MP -MF"Modules/I2C.d" -MT"Modules/I2C.o" -MT"Modules/I2C.d" -o "Modules/I2C.o" "../Modules/I2C.c"
Finished building: ../Modules/I2C.c
 
Building file: ../Modules/KBD.c
Invoking: MCU C Compiler
arm-none-eabi-gcc -DDEBUG -D__USE_CMSIS=CMSISv1p30_LPC17xx -D__CODE_RED -D__REDLIB__ -I"C:\Users\Red\Documents\LPCXpresso_8.1.4_606\testSpace\FreeRTOS-template" -I"C:\Users\Red\Documents\LPCXpresso_8.1.4_606\testSpace\CMSIS_CORE_LPC17xx\inc" -I"C:\Users\Red\Documents\LPCXpresso_8.1.4_606\testSpace\FreeRTOS_Library\include" -I"C:\Users\Red\Documents\LPCXpresso_8.1.4_606\testSpace\FreeRTOS_Library\portable" -O0 -g3 -fsigned-char -c -fmessage-length=0 -fno-builtin -ffunction-sections -mcpu=cortex-m3 -mthumb -D__REDLIB__ -specs=redlib.specs -MMD -MP -MF"Modules/KBD.d" -MT"Modules/KBD.o" -MT"Modules/KBD.d" -o "Modules/KBD.o" "../Modules/KBD.c"
Finished building: ../Modules/KBD.c
 
Building file: ../Modules/LCD.c
Invoking: MCU C Compiler
arm-none-eabi-gcc -DDEBUG -D__USE_CMSIS=CMSISv1p30_LPC17xx -D__CODE_RED -D__REDLIB__ -I"C:\Users\Red\Documents\LPCXpresso_8.1.4_606\testSpace\FreeRTOS-template" -I"C:\Users\Red\Documents\LPCXpresso_8.1.4_606\testSpace\CMSIS_CORE_LPC17xx\inc" -I"C:\Users\Red\Documents\LPCXpresso_8.1.4_606\testSpace\FreeRTOS_Library\include" -I"C:\Users\Red\Documents\LPCXpresso_8.1.4_606\testSpace\FreeRTOS_Library\portable" -O0 -g3 -fsigned-char -c -fmessage-length=0 -fno-builtin -ffunction-sections -mcpu=cortex-m3 -mthumb -D__REDLIB__ -specs=redlib.specs -MMD -MP -MF"Modules/LCD.d" -MT"Modules/LCD.o" -MT"Modules/LCD.d" -o "Modules/LCD.o" "../Modules/LCD.c"
Finished building: ../Modules/LCD.c
 
Building file: ../Modules/LCD_Font.c
Invoking: MCU C Compiler
arm-none-eabi-gcc -DDEBUG -D__USE_CMSIS=CMSISv1p30_LPC17xx -D__CODE_RED -D__REDLIB__ -I"C:\Users\Red\Documents\LPCXpresso_8.1.4_606\testSpace\FreeRTOS-template" -I"C:\Users\Red\Documents\LPCXpresso_8.1.4_606\testSpace\CMSIS_CORE_LPC17xx\inc" -I"C:\Users\Red\Documents\LPCXpresso_8.1.4_606\testSpace\FreeRTOS_Library\include" -I"C:\Users\Red\Documents\LPCXpresso_8.1.4_606\testSpace\FreeRTOS_Library\portable" -O0 -g3 -fsigned-char -c -fmessage-length=0 -fno-builtin -ffunction-sections -mcpu=cortex-m3 -mthumb -D__REDLIB__ -specs=redlib.specs -MMD -MP -MF"Modules/LCD_Font.d" -MT"Modules/LCD_Font.o" -MT"Modules/LCD_Font.d" -o "Modules/LCD_Font.o" "../Modules/LCD_Font.c"
Finished building: ../Modules/LCD_Font.c
 
Building file: ../Modules/LED.c
Invoking: MCU C Compiler
arm-none-eabi-gcc -DDEBUG -D__USE_CMSIS=CMSISv1p30_LPC17xx -D__CODE_RED -D__REDLIB__ -I"C:\Users\Red\Documents\LPCXpresso_8.1.4_606\testSpace\FreeRTOS-template" -I"C:\Users\Red\Documents\LPCXpresso_8.1.4_606\testSpace\CMSIS_CORE_LPC17xx\inc" -I"C:\Users\Red\Documents\LPCXpresso_8.1.4_606\testSpace\FreeRTOS_Library\include" -I"C:\Users\Red\Documents\LPCXpresso_8.1.4_606\testSpace\FreeRTOS_Library\portable" -O0 -g3 -fsigned-char -c -fmessage-length=0 -fno-builtin -ffunction-sections -mcpu=cortex-m3 -mthumb -D__REDLIB__ -specs=redlib.specs -MMD -MP -MF"Modules/LED.d" -MT"Modules/LED.o" -MT"Modules/LED.d" -o "Modules/LED.o" "../Modules/LED.c"
Finished building: ../Modules/LED.c
 
Building file: ../Modules/RTC.c
Invoking: MCU C Compiler
arm-none-eabi-gcc -DDEBUG -D__USE_CMSIS=CMSISv1p30_LPC17xx -D__CODE_RED -D__REDLIB__ -I"C:\Users\Red\Documents\LPCXpresso_8.1.4_606\testSpace\FreeRTOS-template" -I"C:\Users\Red\Documents\LPCXpresso_8.1.4_606\testSpace\CMSIS_CORE_LPC17xx\inc" -I"C:\Users\Red\Documents\LPCXpresso_8.1.4_606\testSpace\FreeRTOS_Library\include" -I"C:\Users\Red\Documents\LPCXpresso_8.1.4_606\testSpace\FreeRTOS_Library\portable" -O0 -g3 -fsigned-char -c -fmessage-length=0 -fno-builtin -ffunction-sections -mcpu=cortex-m3 -mthumb -D__REDLIB__ -specs=redlib.specs -MMD -MP -MF"Modules/RTC.d" -MT"Modules/RTC.o" -MT"Modules/RTC.d" -o "Modules/RTC.o" "../Modules/RTC.c"
Finished building: ../Modules/RTC.c
 
Building file: ../Modules/SPI.c
Invoking: MCU C Compiler
arm-none-eabi-gcc -DDEBUG -D__USE_CMSIS=CMSISv1p30_LPC17xx -D__CODE_RED -D__REDLIB__ -I"C:\Users\Red\Documents\LPCXpresso_8.1.4_606\testSpace\FreeRTOS-template" -I"C:\Users\Red\Documents\LPCXpresso_8.1.4_606\testSpace\CMSIS_CORE_LPC17xx\inc" -I"C:\Users\Red\Documents\LPCXpresso_8.1.4_606\testSpace\FreeRTOS_Library\include" -I"C:\Users\Red\Documents\LPCXpresso_8.1.4_606\testSpace\FreeRTOS_Library\portable" -O0 -g3 -fsigned-char -c -fmessage-length=0 -fno-builtin -ffunction-sections -mcpu=cortex-m3 -mthumb -D__REDLIB__ -specs=redlib.specs -MMD -MP -MF"Modules/SPI.d" -MT"Modules/SPI.o" -MT"Modules/SPI.d" -o "Modules/SPI.o" "../Modules/SPI.c"
Finished building: ../Modules/SPI.c
 
Building file: ../Modules/tapdev.c
Invoking: MCU C Compiler
arm-none-eabi-gcc -DDEBUG -D__USE_CMSIS=CMSISv1p30_LPC17xx -D__CODE_RED -D__REDLIB__ -I"C:\Users\Red\Documents\LPCXpresso_8.1.4_606\testSpace\FreeRTOS-template" -I"C:\Users\Red\Documents\LPCXpresso_8.1.4_606\testSpace\CMSIS_CORE_LPC17xx\inc" -I"C:\Users\Red\Documents\LPCXpresso_8.1.4_606\testSpace\FreeRTOS_Library\include" -I"C:\Users\Red\Documents\LPCXpresso_8.1.4_606\testSpace\FreeRTOS_Library\portable" -O0 -g3 -fsigned-char -c -fmessage-length=0 -fno-builtin -ffunction-sections -mcpu=cortex-m3 -mthumb -D__REDLIB__ -specs=redlib.specs -MMD -MP -MF"Modules/tapdev.d" -MT"Modules/tapdev.o" -MT"Modules/tapdev.d" -o "Modules/tapdev.o" "../Modules/tapdev.c"
Finished building: ../Modules/tapdev.c
 
Building file: ../cr_startup_lpc17.c
Invoking: MCU C Compiler
arm-none-eabi-gcc -DDEBUG -D__USE_CMSIS=CMSISv1p30_LPC17xx -D__CODE_RED -D__REDLIB__ -I"C:\Users\Red\Documents\LPCXpresso_8.1.4_606\testSpace\FreeRTOS-template" -I"C:\Users\Red\Documents\LPCXpresso_8.1.4_606\testSpace\CMSIS_CORE_LPC17xx\inc" -I"C:\Users\Red\Documents\LPCXpresso_8.1.4_606\testSpace\FreeRTOS_Library\include" -I"C:\Users\Red\Documents\LPCXpresso_8.1.4_606\testSpace\FreeRTOS_Library\portable" -O0 -g3 -fsigned-char -c -fmessage-length=0 -fno-builtin -ffunction-sections -mcpu=cortex-m3 -mthumb -D__REDLIB__ -specs=redlib.specs -MMD -MP -MF"cr_startup_lpc17.d" -MT"cr_startup_lpc17.o" -MT"cr_startup_lpc17.d" -o "cr_startup_lpc17.o" "../cr_startup_lpc17.c"
Finished building: ../cr_startup_lpc17.c
 
Building file: ../main.c
Invoking: MCU C Compiler
arm-none-eabi-gcc -DDEBUG -D__USE_CMSIS=CMSISv1p30_LPC17xx -D__CODE_RED -D__REDLIB__ -I"C:\Users\Red\Documents\LPCXpresso_8.1.4_606\testSpace\FreeRTOS-template" -I"C:\Users\Red\Documents\LPCXpresso_8.1.4_606\testSpace\CMSIS_CORE_LPC17xx\inc" -I"C:\Users\Red\Documents\LPCXpresso_8.1.4_606\testSpace\FreeRTOS_Library\include" -I"C:\Users\Red\Documents\LPCXpresso_8.1.4_606\testSpace\FreeRTOS_Library\portable" -O0 -g3 -fsigned-char -c -fmessage-length=0 -fno-builtin -ffunction-sections -mcpu=cortex-m3 -mthumb -D__REDLIB__ -specs=redlib.specs -MMD -MP -MF"main.d" -MT"main.o" -MT"main.d" -o "main.o" "../main.c"
Finished building: ../main.c
 
Building target: SimpleDemo.axf
Invoking: MCU Linker
arm-none-eabi-gcc -nostdlib -L"C:\Users\Red\Documents\LPCXpresso_8.1.4_606\testSpace\CMSIS_CORE_LPC17xx\Debug" -L"C:\Users\Red\Documents\LPCXpresso_8.1.4_606\testSpace\uIPauxSE2" -L"C:\Users\Red\Documents\LPCXpresso_8.1.4_606\testSpace\FreeRTOS_Library\Debug" -Xlinker --gc-sections -Xlinker -Map=SimpleDemo.map -mcpu=cortex-m3 -mthumb -T "FreeRTOS-template_Debug.ld" -o "SimpleDemo.axf"  ./test/tests.o  ./Project/Environment_Tasks.o ./Project/Utils.o ./Project/proj.o  ./Modules/EEPROM.o ./Modules/Ethernet.o ./Modules/GPIO.o ./Modules/I2C.o ./Modules/KBD.o ./Modules/LCD.o ./Modules/LCD_Font.o ./Modules/LED.o ./Modules/RTC.o ./Modules/SPI.o ./Modules/tapdev.o  ./cr_startup_lpc17.o ./main.o   -lCMSIS_CORE_LPC17xx -luIPauxSE2 -lFreeRTOS_Library
Finished building target: SimpleDemo.axf
 
make --no-print-directory post-build
Performing post-build steps
arm-none-eabi-size SimpleDemo.axf; # arm-none-eabi-objcopy -O ihex SimpleDemo.axf SimpleDemo.hex ;
   text	   data	    bss	    dec	    hex	filename
  28448	     96	  20452	  48996	   bf64	SimpleDemo.axf
 
01:49:56 **** Incremental Build of configuration Debug for project FreeRTOS_Library ****
make -r all 
make: Nothing to be done for `all'.
01:49:56 **** Incremental Build of configuration Debug for project FreeRTOS-template ****
make -r all 
Building file: ../Modules/Ethernet.c
Invoking: MCU C Compiler
arm-none-eabi-gcc -DDEBUG -D__USE_CMSIS=CMSISv1p30_LPC17xx -D__CODE_RED -D__REDLIB__ -I"C:\Users\Red\Documents\LPCXpresso_8.1.4_606\testSpace\FreeRTOS-template" -I"C:\Users\Red\Documents\LPCXpresso_8.1.4_606\testSpace\CMSIS_CORE_LPC17xx\inc" -I"C:\Users\Red\Documents\LPCXpresso_8.1.4_606\testSpace\FreeRTOS_Library\include" -I"C:\Users\Red\Documents\LPCXpresso_8.1.4_606\testSpace\FreeRTOS_Library\portable" -O0 -g3 -fsigned-char -c -fmessage-length=0 -fno-builtin -ffunction-sections -mcpu=cortex-m3 -mthumb -D__REDLIB__ -specs=redlib.specs -MMD -MP -MF"Modules/Ethernet.d" -MT"Modules/Ethernet.o" -MT"Modules/Ethernet.d" -o "Modules/Ethernet.o" "../Modules/Ethernet.c"
Finished building: ../Modules/Ethernet.c
 
Building target: SimpleDemo.axf
Invoking: MCU Linker
arm-none-eabi-gcc -nostdlib -L"C:\Users\Red\Documents\LPCXpresso_8.1.4_606\testSpace\CMSIS_CORE_LPC17xx\Debug" -L"C:\Users\Red\Documents\LPCXpresso_8.1.4_606\testSpace\uIPauxSE2" -L"C:\Users\Red\Documents\LPCXpresso_8.1.4_606\testSpace\FreeRTOS_Library\Debug" -Xlinker --gc-sections -Xlinker -Map=SimpleDemo.map -mcpu=cortex-m3 -mthumb -T "FreeRTOS-template_Debug.ld" -o "SimpleDemo.axf"  ./test/tests.o  ./Project/Environment_Tasks.o ./Project/Utils.o ./Project/proj.o  ./Modules/EEPROM.o ./Modules/Ethernet.o ./Modules/GPIO.o ./Modules/I2C.o ./Modules/KBD.o ./Modules/LCD.o ./Modules/LCD_Font.o ./Modules/LED.o ./Modules/RTC.o ./Modules/SPI.o ./Modules/tapdev.o  ./cr_startup_lpc17.o ./main.o   -lCMSIS_CORE_LPC17xx -luIPauxSE2 -lFreeRTOS_Library
Finished building target: SimpleDemo.axf
 
make --no-print-directory post-build
Performing post-build steps
arm-none-eabi-size SimpleDemo.axf; # arm-none-eabi-objcopy -O ihex SimpleDemo.axf SimpleDemo.hex ;
   text	   data	    bss	    dec	    hex	filename
  28448	     96	  20452	  48996	   bf64	SimpleDemo.axf
 
01:50:01 **** Clean-only build of configuration Debug for project FreeRTOS_Library ****
make -r clean 
rm -rf  ./portable/BlockQ.o ./portable/GenQTest.o ./portable/PollQ.o ./portable/QPeek.o ./portable/blocktim.o ./portable/flash.o ./portable/heap_4.o ./portable/integer.o ./portable/mpu_wrappers.o ./portable/port.o ./portable/recmutex.o ./portable/semtest.o  ./croutine.o ./event_groups.o ./list.o ./queue.o ./tasks.o ./timers.o  ./portable/BlockQ.d ./portable/GenQTest.d ./portable/PollQ.d ./portable/QPeek.d ./portable/blocktim.d ./portable/flash.d ./portable/heap_4.d ./portable/integer.d ./portable/mpu_wrappers.d ./portable/port.d ./portable/recmutex.d ./portable/semtest.d  ./croutine.d ./event_groups.d ./list.d ./queue.d ./tasks.d ./timers.d  libFreeRTOS_Library.a
 
01:50:01 **** Clean-only build of configuration Debug for project FreeRTOS-template ****
make -r clean 
rm -rf  ./test/tests.o  ./Project/Environment_Tasks.o ./Project/Utils.o ./Project/proj.o  ./Modules/EEPROM.o ./Modules/Ethernet.o ./Modules/GPIO.o ./Modules/I2C.o ./Modules/KBD.o ./Modules/LCD.o ./Modules/LCD_Font.o ./Modules/LED.o ./Modules/RTC.o ./Modules/SPI.o ./Modules/tapdev.o  ./cr_startup_lpc17.o ./main.o  ./test/tests.d  ./Project/Environment_Tasks.d ./Project/Utils.d ./Project/proj.d  ./Modules/EEPROM.d ./Modules/Ethernet.d ./Modules/GPIO.d ./Modules/I2C.d ./Modules/KBD.d ./Modules/LCD.d ./Modules/LCD_Font.d ./Modules/LED.d ./Modules/RTC.d ./Modules/SPI.d ./Modules/tapdev.d  ./cr_startup_lpc17.d ./main.d  SimpleDemo.axf
 
01:50:02 **** Build of configuration Debug for project FreeRTOS_Library ****
make -r all 
Building file: ../portable/BlockQ.c
Invoking: MCU C Compiler
arm-none-eabi-gcc -D__REDLIB__ -I"C:\Users\Red\Documents\LPCXpresso_8.1.4_606\testSpace\FreeRTOS-template" -I"C:\Users\Red\Documents\LPCXpresso_8.1.4_606\testSpace\FreeRTOS_Library\include" -I"C:\Users\Red\Documents\LPCXpresso_8.1.4_606\testSpace\CMSIS_CORE_LPC17xx\inc" -I"C:\Users\Red\Documents\LPCXpresso_8.1.4_606\testSpace\FreeRTOS_Library\portable\include" -I"C:\Users\Red\Documents\LPCXpresso_8.1.4_606\testSpace\FreeRTOS_Library\portable" -O1 -g3 -Wall -c -fmessage-length=0 -mcpu=cortex-m3 -mthumb -D__REDLIB__ -specs=redlib.specs -MMD -MP -MF"portable/BlockQ.d" -MT"portable/BlockQ.o" -MT"portable/BlockQ.d" -o "portable/BlockQ.o" "../portable/BlockQ.c"
Finished building: ../portable/BlockQ.c
 
Building file: ../portable/GenQTest.c
Invoking: MCU C Compiler
arm-none-eabi-gcc -D__REDLIB__ -I"C:\Users\Red\Documents\LPCXpresso_8.1.4_606\testSpace\FreeRTOS-template" -I"C:\Users\Red\Documents\LPCXpresso_8.1.4_606\testSpace\FreeRTOS_Library\include" -I"C:\Users\Red\Documents\LPCXpresso_8.1.4_606\testSpace\CMSIS_CORE_LPC17xx\inc" -I"C:\Users\Red\Documents\LPCXpresso_8.1.4_606\testSpace\FreeRTOS_Library\portable\include" -I"C:\Users\Red\Documents\LPCXpresso_8.1.4_606\testSpace\FreeRTOS_Library\portable" -O1 -g3 -Wall -c -fmessage-length=0 -mcpu=cortex-m3 -mthumb -D__REDLIB__ -specs=redlib.specs -MMD -MP -MF"portable/GenQTest.d" -MT"portable/GenQTest.o" -MT"portable/GenQTest.d" -o "portable/GenQTest.o" "../portable/GenQTest.c"
Finished building: ../portable/GenQTest.c
 
Building file: ../portable/PollQ.c
Invoking: MCU C Compiler
arm-none-eabi-gcc -D__REDLIB__ -I"C:\Users\Red\Documents\LPCXpresso_8.1.4_606\testSpace\FreeRTOS-template" -I"C:\Users\Red\Documents\LPCXpresso_8.1.4_606\testSpace\FreeRTOS_Library\include" -I"C:\Users\Red\Documents\LPCXpresso_8.1.4_606\testSpace\CMSIS_CORE_LPC17xx\inc" -I"C:\Users\Red\Documents\LPCXpresso_8.1.4_606\testSpace\FreeRTOS_Library\portable\include" -I"C:\Users\Red\Documents\LPCXpresso_8.1.4_606\testSpace\FreeRTOS_Library\portable" -O1 -g3 -Wall -c -fmessage-length=0 -mcpu=cortex-m3 -mthumb -D__REDLIB__ -specs=redlib.specs -MMD -MP -MF"portable/PollQ.d" -MT"portable/PollQ.o" -MT"portable/PollQ.d" -o "portable/PollQ.o" "../portable/PollQ.c"
Finished building: ../portable/PollQ.c
 
Building file: ../portable/QPeek.c
Invoking: MCU C Compiler
arm-none-eabi-gcc -D__REDLIB__ -I"C:\Users\Red\Documents\LPCXpresso_8.1.4_606\testSpace\FreeRTOS-template" -I"C:\Users\Red\Documents\LPCXpresso_8.1.4_606\testSpace\FreeRTOS_Library\include" -I"C:\Users\Red\Documents\LPCXpresso_8.1.4_606\testSpace\CMSIS_CORE_LPC17xx\inc" -I"C:\Users\Red\Documents\LPCXpresso_8.1.4_606\testSpace\FreeRTOS_Library\portable\include" -I"C:\Users\Red\Documents\LPCXpresso_8.1.4_606\testSpace\FreeRTOS_Library\portable" -O1 -g3 -Wall -c -fmessage-length=0 -mcpu=cortex-m3 -mthumb -D__REDLIB__ -specs=redlib.specs -MMD -MP -MF"portable/QPeek.d" -MT"portable/QPeek.o" -MT"portable/QPeek.d" -o "portable/QPeek.o" "../portable/QPeek.c"
Finished building: ../portable/QPeek.c
 
Building file: ../portable/blocktim.c
Invoking: MCU C Compiler
arm-none-eabi-gcc -D__REDLIB__ -I"C:\Users\Red\Documents\LPCXpresso_8.1.4_606\testSpace\FreeRTOS-template" -I"C:\Users\Red\Documents\LPCXpresso_8.1.4_606\testSpace\FreeRTOS_Library\include" -I"C:\Users\Red\Documents\LPCXpresso_8.1.4_606\testSpace\CMSIS_CORE_LPC17xx\inc" -I"C:\Users\Red\Documents\LPCXpresso_8.1.4_606\testSpace\FreeRTOS_Library\portable\include" -I"C:\Users\Red\Documents\LPCXpresso_8.1.4_606\testSpace\FreeRTOS_Library\portable" -O1 -g3 -Wall -c -fmessage-length=0 -mcpu=cortex-m3 -mthumb -D__REDLIB__ -specs=redlib.specs -MMD -MP -MF"portable/blocktim.d" -MT"portable/blocktim.o" -MT"portable/blocktim.d" -o "portable/blocktim.o" "../portable/blocktim.c"
Finished building: ../portable/blocktim.c
 
Building file: ../portable/flash.c
Invoking: MCU C Compiler
arm-none-eabi-gcc -D__REDLIB__ -I"C:\Users\Red\Documents\LPCXpresso_8.1.4_606\testSpace\FreeRTOS-template" -I"C:\Users\Red\Documents\LPCXpresso_8.1.4_606\testSpace\FreeRTOS_Library\include" -I"C:\Users\Red\Documents\LPCXpresso_8.1.4_606\testSpace\CMSIS_CORE_LPC17xx\inc" -I"C:\Users\Red\Documents\LPCXpresso_8.1.4_606\testSpace\FreeRTOS_Library\portable\include" -I"C:\Users\Red\Documents\LPCXpresso_8.1.4_606\testSpace\FreeRTOS_Library\portable" -O1 -g3 -Wall -c -fmessage-length=0 -mcpu=cortex-m3 -mthumb -D__REDLIB__ -specs=redlib.specs -MMD -MP -MF"portable/flash.d" -MT"portable/flash.o" -MT"portable/flash.d" -o "portable/flash.o" "../portable/flash.c"
In file included from ../portable/flash.c:91:0:
C:\Users\Red\Documents\LPCXpresso_8.1.4_606\testSpace\FreeRTOS_Library\portable\include/partest.h:77:1: warning: parameter names (without types) in function declaration
 void vParTestToggleLED(uxLED );
 ^
Finished building: ../portable/flash.c
 
Building file: ../portable/heap_4.c
Invoking: MCU C Compiler
[...]
Finished building: ../queue.c
 
Building file: ../tasks.c
Invoking: MCU C Compiler
arm-none-eabi-gcc -D__REDLIB__ -I"C:\Users\Red\Documents\LPCXpresso_8.1.4_606\testSpace\FreeRTOS-template" -I"C:\Users\Red\Documents\LPCXpresso_8.1.4_606\testSpace\FreeRTOS_Library\include" -I"C:\Users\Red\Documents\LPCXpresso_8.1.4_606\testSpace\CMSIS_CORE_LPC17xx\inc" -I"C:\Users\Red\Documents\LPCXpresso_8.1.4_606\testSpace\FreeRTOS_Library\portable\include" -I"C:\Users\Red\Documents\LPCXpresso_8.1.4_606\testSpace\FreeRTOS_Library\portable" -O1 -g3 -Wall -c -fmessage-length=0 -mcpu=cortex-m3 -mthumb -D__REDLIB__ -specs=redlib.specs -MMD -MP -MF"tasks.d" -MT"tasks.o" -MT"tasks.d" -o "tasks.o" "../tasks.c"
Finished building: ../tasks.c
 
Building file: ../timers.c
Invoking: MCU C Compiler
arm-none-eabi-gcc -D__REDLIB__ -I"C:\Users\Red\Documents\LPCXpresso_8.1.4_606\testSpace\FreeRTOS-template" -I"C:\Users\Red\Documents\LPCXpresso_8.1.4_606\testSpace\FreeRTOS_Library\include" -I"C:\Users\Red\Documents\LPCXpresso_8.1.4_606\testSpace\CMSIS_CORE_LPC17xx\inc" -I"C:\Users\Red\Documents\LPCXpresso_8.1.4_606\testSpace\FreeRTOS_Library\portable\include" -I"C:\Users\Red\Documents\LPCXpresso_8.1.4_606\testSpace\FreeRTOS_Library\portable" -O1 -g3 -Wall -c -fmessage-length=0 -mcpu=cortex-m3 -mthumb -D__REDLIB__ -specs=redlib.specs -MMD -MP -MF"timers.d" -MT"timers.o" -MT"timers.d" -o "timers.o" "../timers.c"
Finished building: ../timers.c
 
Building target: libFreeRTOS_Library.a
Invoking: MCU Archiver
arm-none-eabi-ar -r  "libFreeRTOS_Library.a"  ./portable/BlockQ.o ./portable/GenQTest.o ./portable/PollQ.o ./portable/QPeek.o ./portable/blocktim.o ./portable/flash.o ./portable/heap_4.o ./portable/integer.o ./portable/mpu_wrappers.o ./portable/port.o ./portable/recmutex.o ./portable/semtest.o  ./croutine.o ./event_groups.o ./list.o ./queue.o ./tasks.o ./timers.o   
c:\nxp\LPCXpresso_8.1.4_606\lpcxpresso\tools\bin\arm-none-eabi-ar.exe: creating libFreeRTOS_Library.a
Finished building target: libFreeRTOS_Library.a
 
make --no-print-directory post-build
Performing post-build steps
arm-none-eabi-size libFreeRTOS_Library.a ; # arm-none-eabi-objdump -h -S libFreeRTOS_Library.a >libFreeRTOS_Library.lss
   text	   data	    bss	    dec	    hex	filename
    572	      0	     30	    602	    25a	BlockQ.o (ex libFreeRTOS_Library.a)
   1311	      0	     32	   1343	    53f	GenQTest.o (ex libFreeRTOS_Library.a)
    360	      0	     12	    372	    174	PollQ.o (ex libFreeRTOS_Library.a)
    883	      0	     12	    895	    37f	QPeek.o (ex libFreeRTOS_Library.a)
    987	      0	     32	   1019	    3fb	blocktim.o (ex libFreeRTOS_Library.a)
      4	      0	      4	      8	      8	flash.o (ex libFreeRTOS_Library.a)
    444	      0	  19480	  19924	   4dd4	heap_4.o (ex libFreeRTOS_Library.a)
    160	      0	      4	    164	     a4	integer.o (ex libFreeRTOS_Library.a)
   1812	      0	      0	   1812	    714	mpu_wrappers.o (ex libFreeRTOS_Library.a)
    380	      4	      0	    384	    180	port.o (ex libFreeRTOS_Library.a)
    533	      0	     48	    581	    245	recmutex.o (ex libFreeRTOS_Library.a)
    551	      0	     20	    571	    23b	semtest.o (ex libFreeRTOS_Library.a)
      0	      0	      0	      0	      0	croutine.o (ex libFreeRTOS_Library.a)
    604	      0	      0	    604	    25c	event_groups.o (ex libFreeRTOS_Library.a)
    144	      0	      0	    144	     90	list.o (ex libFreeRTOS_Library.a)
   1916	      0	      0	   1916	    77c	queue.o (ex libFreeRTOS_Library.a)
   4891	      0	    260	   5151	   141f	tasks.o (ex libFreeRTOS_Library.a)
    908	      0	     60	    968	    3c8	timers.o (ex libFreeRTOS_Library.a)
 
02:57:10 **** Build of configuration Debug for project FreeRTOS-template ****
make -r all 
Building file: ../test/tests.c
Invoking: MCU C Compiler
arm-none-eabi-gcc -DDEBUG -D__USE_CMSIS=CMSISv1p30_LPC17xx -D__CODE_RED -D__REDLIB__ -I"C:\Users\Red\Documents\LPCXpresso_8.1.4_606\testSpace\FreeRTOS-template" -I"C:\Users\Red\Documents\LPCXpresso_8.1.4_606\testSpace\CMSIS_CORE_LPC17xx\inc" -I"C:\Users\Red\Documents\LPCXpresso_8.1.4_606\testSpace\FreeRTOS_Library\include" -I"C:\Users\Red\Documents\LPCXpresso_8.1.4_606\testSpace\FreeRTOS_Library\portable" -O0 -g3 -fsigned-char -c -fmessage-length=0 -fno-builtin -ffunction-sections -mcpu=cortex-m3 -mthumb -D__REDLIB__ -specs=redlib.specs -MMD -MP -MF"test/tests.d" -MT"test/tests.o" -MT"test/tests.d" -o "test/tests.o" "../test/tests.c"
../test/tests.c: In function 'RTCTest':
../test/tests.c:78:14: warning: passing argument 1 of 'xTaskCreate' from incompatible pointer type [-Wincompatible-pointer-types]
  xTaskCreate(GetDatetimeTask, "RTC_GetDateTime", configMINIMAL_STACK_SIZE, NULL, 0 , NULL);
              ^
In file included from ../test/tests.c:9:0:
../test/../../FreeRTOS_Library/include/task.h:360:13: note: expected 'TaskFunction_t {aka void (*)(void *)}' but argument is of type 'void (*)(void)'
  BaseType_t xTaskCreate( TaskFunction_t pxTaskCode,
             ^
../test/tests.c: In function 'ledTest':
../test/tests.c:138:14: warning: passing argument 1 of 'xTaskCreate' from incompatible pointer type [-Wincompatible-pointer-types]
  xTaskCreate(blinkLedLib, "ledTest", configMINIMAL_STACK_SIZE, NULL, 0 , NULL );
              ^
In file included from ../test/tests.c:9:0:
../test/../../FreeRTOS_Library/include/task.h:360:13: note: expected 'TaskFunction_t {aka void (*)(void *)}' but argument is of type 'void (*)(void)'
  BaseType_t xTaskCreate( TaskFunction_t pxTaskCode,
             ^
../test/tests.c: In function 'kbdTest':
../test/tests.c:252:14: warning: passing argument 1 of 'xTaskCreate' from incompatible pointer type [-Wincompatible-pointer-types]
  xTaskCreate(setKey1, "setKey", configMINIMAL_STACK_SIZE, NULL, 0 , NULL );
              ^
In file included from ../test/tests.c:9:0:
../test/../../FreeRTOS_Library/include/task.h:360:13: note: expected 'TaskFunction_t {aka void (*)(void *)}' but argument is of type 'void (*)(void)'
  BaseType_t xTaskCreate( TaskFunction_t pxTaskCode,
             ^
../test/tests.c:253:14: warning: passing argument 1 of 'xTaskCreate' from incompatible pointer type [-Wincompatible-pointer-types]
  xTaskCreate(getKey1LCD, "getKey", configMINIMAL_STACK_SIZE, NULL, 0 , NULL );
              ^
In file included from ../test/tests.c:9:0:
../test/../../FreeRTOS_Library/include/task.h:360:13: note: expected 'TaskFunction_t {aka void (*)(void *)}' but argument is of type 'void (*)(void)'
  BaseType_t xTaskCreate( TaskFunction_t pxTaskCode,
             ^
Finished building: ../test/tests.c
 
Building file: ../Project/Environment_Tasks.c
Invoking: MCU C Compiler
arm-none-eabi-gcc -DDEBUG -D__USE_CMSIS=CMSISv1p30_LPC17xx -D__CODE_RED -D__REDLIB__ -I"C:\Users\Red\Documents\LPCXpresso_8.1.4_606\testSpace\FreeRTOS-template" -I"C:\Users\Red\Documents\LPCXpresso_8.1.4_606\testSpace\CMSIS_CORE_LPC17xx\inc" -I"C:\Users\Red\Documents\LPCXpresso_8.1.4_606\testSpace\FreeRTOS_Library\include" -I"C:\Users\Red\Documents\LPCXpresso_8.1.4_606\testSpace\FreeRTOS_Library\portable" -O0 -g3 -fsigned-char -c -fmessage-length=0 -fno-builtin -ffunction-sections -mcpu=cortex-m3 -mthumb -D__REDLIB__ -specs=redlib.specs -MMD -MP -MF"Project/Environment_Tasks.d" -MT"Project/Environment_Tasks.o" -MT"Project/Environment_Tasks.d" -o "Project/Environment_Tasks.o" "../Project/Environment_Tasks.c"
Finished building: ../Project/Environment_Tasks.c
 
Building file: ../Project/Utils.c
Invoking: MCU C Compiler
arm-none-eabi-gcc -DDEBUG -D__USE_CMSIS=CMSISv1p30_LPC17xx -D__CODE_RED -D__REDLIB__ -I"C:\Users\Red\Documents\LPCXpresso_8.1.4_606\testSpace\FreeRTOS-template" -I"C:\Users\Red\Documents\LPCXpresso_8.1.4_606\testSpace\CMSIS_CORE_LPC17xx\inc" -I"C:\Users\Red\Documents\LPCXpresso_8.1.4_606\testSpace\FreeRTOS_Library\include" -I"C:\Users\Red\Documents\LPCXpresso_8.1.4_606\testSpace\FreeRTOS_Library\portable" -O0 -g3 -fsigned-char -c -fmessage-length=0 -fno-builtin -ffunction-sections -mcpu=cortex-m3 -mthumb -D__REDLIB__ -specs=redlib.specs -MMD -MP -MF"Project/Utils.d" -MT"Project/Utils.o" -MT"Project/Utils.d" -o "Project/Utils.o" "../Project/Utils.c"
Finished building: ../Project/Utils.c
 
Building file: ../Project/proj.c
Invoking: MCU C Compiler
arm-none-eabi-gcc -DDEBUG -D__USE_CMSIS=CMSISv1p30_LPC17xx -D__CODE_RED -D__REDLIB__ -I"C:\Users\Red\Documents\LPCXpresso_8.1.4_606\testSpace\FreeRTOS-template" -I"C:\Users\Red\Documents\LPCXpresso_8.1.4_606\testSpace\CMSIS_CORE_LPC17xx\inc" -I"C:\Users\Red\Documents\LPCXpresso_8.1.4_606\testSpace\FreeRTOS_Library\include" -I"C:\Users\Red\Documents\LPCXpresso_8.1.4_606\testSpace\FreeRTOS_Library\portable" -O0 -g3 -fsigned-char -c -fmessage-length=0 -fno-builtin -ffunction-sections -mcpu=cortex-m3 -mthumb -D__REDLIB__ -specs=redlib.specs -MMD -MP -MF"Project/proj.d" -MT"Project/proj.o" -MT"Project/proj.d" -o "Project/proj.o" "../Project/proj.c"
Finished building: ../Project/proj.c
 
Building file: ../Modules/EEPROM.c
Invoking: MCU C Compiler
arm-none-eabi-gcc -DDEBUG -D__USE_CMSIS=CMSISv1p30_LPC17xx -D__CODE_RED -D__REDLIB__ -I"C:\Users\Red\Documents\LPCXpresso_8.1.4_606\testSpace\FreeRTOS-template" -I"C:\Users\Red\Documents\LPCXpresso_8.1.4_606\testSpace\CMSIS_CORE_LPC17xx\inc" -I"C:\Users\Red\Documents\LPCXpresso_8.1.4_606\testSpace\FreeRTOS_Library\include" -I"C:\Users\Red\Documents\LPCXpresso_8.1.4_606\testSpace\FreeRTOS_Library\portable" -O0 -g3 -fsigned-char -c -fmessage-length=0 -fno-builtin -ffunction-sections -mcpu=cortex-m3 -mthumb -D__REDLIB__ -specs=redlib.specs -MMD -MP -MF"Modules/EEPROM.d" -MT"Modules/EEPROM.o" -MT"Modules/EEPROM.d" -o "Modules/EEPROM.o" "../Modules/EEPROM.c"
../Modules/EEPROM.c: In function 'EEPROM_Write':
../Modules/EEPROM.c:18:2: warning: implicit declaration of function 'merge' [-Wimplicit-function-declaration]
  merge(aux, addr_buffer, ADDRESS_SIZE, buffer, size);
  ^
Finished building: ../Modules/EEPROM.c
 
Building file: ../Modules/Ethernet.c
Invoking: MCU C Compiler
arm-none-eabi-gcc -DDEBUG -D__USE_CMSIS=CMSISv1p30_LPC17xx -D__CODE_RED -D__REDLIB__ -I"C:\Users\Red\Documents\LPCXpresso_8.1.4_606\testSpace\FreeRTOS-template" -I"C:\Users\Red\Documents\LPCXpresso_8.1.4_606\testSpace\CMSIS_CORE_LPC17xx\inc" -I"C:\Users\Red\Documents\LPCXpresso_8.1.4_606\testSpace\FreeRTOS_Library\include" -I"C:\Users\Red\Documents\LPCXpresso_8.1.4_606\testSpace\FreeRTOS_Library\portable" -O0 -g3 -fsigned-char -c -fmessage-length=0 -fno-builtin -ffunction-sections -mcpu=cortex-m3 -mthumb -D__REDLIB__ -specs=redlib.specs -MMD -MP -MF"Modules/Ethernet.d" -MT"Modules/Ethernet.o" -MT"Modules/Ethernet.d" -o "Modules/Ethernet.o" "../Modules/Ethernet.c"
Finished building: ../Modules/Ethernet.c
 
Building file: ../Modules/GPIO.c
Invoking: MCU C Compiler
arm-none-eabi-gcc -DDEBUG -D__USE_CMSIS=CMSISv1p30_LPC17xx -D__CODE_RED -D__REDLIB__ -I"C:\Users\Red\Documents\LPCXpresso_8.1.4_606\testSpace\FreeRTOS-template" -I"C:\Users\Red\Documents\LPCXpresso_8.1.4_606\testSpace\CMSIS_CORE_LPC17xx\inc" -I"C:\Users\Red\Documents\LPCXpresso_8.1.4_606\testSpace\FreeRTOS_Library\include" -I"C:\Users\Red\Documents\LPCXpresso_8.1.4_606\testSpace\FreeRTOS_Library\portable" -O0 -g3 -fsigned-char -c -fmessage-length=0 -fno-builtin -ffunction-sections -mcpu=cortex-m3 -mthumb -D__REDLIB__ -specs=redlib.specs -MMD -MP -MF"Modules/GPIO.d" -MT"Modules/GPIO.o" -MT"Modules/GPIO.d" -o "Modules/GPIO.o" "../Modules/GPIO.c"
Finished building: ../Modules/GPIO.c
 
Building file: ../Modules/I2C.c
Invoking: MCU C Compiler
arm-none-eabi-gcc -DDEBUG -D__USE_CMSIS=CMSISv1p30_LPC17xx -D__CODE_RED -D__REDLIB__ -I"C:\Users\Red\Documents\LPCXpresso_8.1.4_606\testSpace\FreeRTOS-template" -I"C:\Users\Red\Documents\LPCXpresso_8.1.4_606\testSpace\CMSIS_CORE_LPC17xx\inc" -I"C:\Users\Red\Documents\LPCXpresso_8.1.4_606\testSpace\FreeRTOS_Library\include" -I"C:\Users\Red\Documents\LPCXpresso_8.1.4_606\testSpace\FreeRTOS_Library\portable" -O0 -g3 -fsigned-char -c -fmessage-length=0 -fno-builtin -ffunction-sections -mcpu=cortex-m3 -mthumb -D__REDLIB__ -specs=redlib.specs -MMD -MP -MF"Modules/I2C.d" -MT"Modules/I2C.o" -MT"Modules/I2C.d" -o "Modules/I2C.o" "../Modules/I2C.c"
Finished building: ../Modules/I2C.c
 
Building file: ../Modules/KBD.c
Invoking: MCU C Compiler
arm-none-eabi-gcc -DDEBUG -D__USE_CMSIS=CMSISv1p30_LPC17xx -D__CODE_RED -D__REDLIB__ -I"C:\Users\Red\Documents\LPCXpresso_8.1.4_606\testSpace\FreeRTOS-template" -I"C:\Users\Red\Documents\LPCXpresso_8.1.4_606\testSpace\CMSIS_CORE_LPC17xx\inc" -I"C:\Users\Red\Documents\LPCXpresso_8.1.4_606\testSpace\FreeRTOS_Library\include" -I"C:\Users\Red\Documents\LPCXpresso_8.1.4_606\testSpace\FreeRTOS_Library\portable" -O0 -g3 -fsigned-char -c -fmessage-length=0 -fno-builtin -ffunction-sections -mcpu=cortex-m3 -mthumb -D__REDLIB__ -specs=redlib.specs -MMD -MP -MF"Modules/KBD.d" -MT"Modules/KBD.o" -MT"Modules/KBD.d" -o "Modules/KBD.o" "../Modules/KBD.c"
Finished building: ../Modules/KBD.c
 
Building file: ../Modules/LCD.c
Invoking: MCU C Compiler
arm-none-eabi-gcc -DDEBUG -D__USE_CMSIS=CMSISv1p30_LPC17xx -D__CODE_RED -D__REDLIB__ -I"C:\Users\Red\Documents\LPCXpresso_8.1.4_606\testSpace\FreeRTOS-template" -I"C:\Users\Red\Documents\LPCXpresso_8.1.4_606\testSpace\CMSIS_CORE_LPC17xx\inc" -I"C:\Users\Red\Documents\LPCXpresso_8.1.4_606\testSpace\FreeRTOS_Library\include" -I"C:\Users\Red\Documents\LPCXpresso_8.1.4_606\testSpace\FreeRTOS_Library\portable" -O0 -g3 -fsigned-char -c -fmessage-length=0 -fno-builtin -ffunction-sections -mcpu=cortex-m3 -mthumb -D__REDLIB__ -specs=redlib.specs -MMD -MP -MF"Modules/LCD.d" -MT"Modules/LCD.o" -MT"Modules/LCD.d" -o "Modules/LCD.o" "../Modules/LCD.c"
Finished building: ../Modules/LCD.c
 
Building file: ../Modules/LCD_Font.c
Invoking: MCU C Compiler
arm-none-eabi-gcc -DDEBUG -D__USE_CMSIS=CMSISv1p30_LPC17xx -D__CODE_RED -D__REDLIB__ -I"C:\Users\Red\Documents\LPCXpresso_8.1.4_606\testSpace\FreeRTOS-template" -I"C:\Users\Red\Documents\LPCXpresso_8.1.4_606\testSpace\CMSIS_CORE_LPC17xx\inc" -I"C:\Users\Red\Documents\LPCXpresso_8.1.4_606\testSpace\FreeRTOS_Library\include" -I"C:\Users\Red\Documents\LPCXpresso_8.1.4_606\testSpace\FreeRTOS_Library\portable" -O0 -g3 -fsigned-char -c -fmessage-length=0 -fno-builtin -ffunction-sections -mcpu=cortex-m3 -mthumb -D__REDLIB__ -specs=redlib.specs -MMD -MP -MF"Modules/LCD_Font.d" -MT"Modules/LCD_Font.o" -MT"Modules/LCD_Font.d" -o "Modules/LCD_Font.o" "../Modules/LCD_Font.c"
Finished building: ../Modules/LCD_Font.c
 
Building file: ../Modules/LED.c
Invoking: MCU C Compiler
arm-none-eabi-gcc -DDEBUG -D__USE_CMSIS=CMSISv1p30_LPC17xx -D__CODE_RED -D__REDLIB__ -I"C:\Users\Red\Documents\LPCXpresso_8.1.4_606\testSpace\FreeRTOS-template" -I"C:\Users\Red\Documents\LPCXpresso_8.1.4_606\testSpace\CMSIS_CORE_LPC17xx\inc" -I"C:\Users\Red\Documents\LPCXpresso_8.1.4_606\testSpace\FreeRTOS_Library\include" -I"C:\Users\Red\Documents\LPCXpresso_8.1.4_606\testSpace\FreeRTOS_Library\portable" -O0 -g3 -fsigned-char -c -fmessage-length=0 -fno-builtin -ffunction-sections -mcpu=cortex-m3 -mthumb -D__REDLIB__ -specs=redlib.specs -MMD -MP -MF"Modules/LED.d" -MT"Modules/LED.o" -MT"Modules/LED.d" -o "Modules/LED.o" "../Modules/LED.c"
Finished building: ../Modules/LED.c
 
Building file: ../Modules/RTC.c
Invoking: MCU C Compiler
arm-none-eabi-gcc -DDEBUG -D__USE_CMSIS=CMSISv1p30_LPC17xx -D__CODE_RED -D__REDLIB__ -I"C:\Users\Red\Documents\LPCXpresso_8.1.4_606\testSpace\FreeRTOS-template" -I"C:\Users\Red\Documents\LPCXpresso_8.1.4_606\testSpace\CMSIS_CORE_LPC17xx\inc" -I"C:\Users\Red\Documents\LPCXpresso_8.1.4_606\testSpace\FreeRTOS_Library\include" -I"C:\Users\Red\Documents\LPCXpresso_8.1.4_606\testSpace\FreeRTOS_Library\portable" -O0 -g3 -fsigned-char -c -fmessage-length=0 -fno-builtin -ffunction-sections -mcpu=cortex-m3 -mthumb -D__REDLIB__ -specs=redlib.specs -MMD -MP -MF"Modules/RTC.d" -MT"Modules/RTC.o" -MT"Modules/RTC.d" -o "Modules/RTC.o" "../Modules/RTC.c"
Finished building: ../Modules/RTC.c
 
Building file: ../Modules/SPI.c
Invoking: MCU C Compiler
arm-none-eabi-gcc -DDEBUG -D__USE_CMSIS=CMSISv1p30_LPC17xx -D__CODE_RED -D__REDLIB__ -I"C:\Users\Red\Documents\LPCXpresso_8.1.4_606\testSpace\FreeRTOS-template" -I"C:\Users\Red\Documents\LPCXpresso_8.1.4_606\testSpace\CMSIS_CORE_LPC17xx\inc" -I"C:\Users\Red\Documents\LPCXpresso_8.1.4_606\testSpace\FreeRTOS_Library\include" -I"C:\Users\Red\Documents\LPCXpresso_8.1.4_606\testSpace\FreeRTOS_Library\portable" -O0 -g3 -fsigned-char -c -fmessage-length=0 -fno-builtin -ffunction-sections -mcpu=cortex-m3 -mthumb -D__REDLIB__ -specs=redlib.specs -MMD -MP -MF"Modules/SPI.d" -MT"Modules/SPI.o" -MT"Modules/SPI.d" -o "Modules/SPI.o" "../Modules/SPI.c"
Finished building: ../Modules/SPI.c
 
Building file: ../Modules/tapdev.c
Invoking: MCU C Compiler
arm-none-eabi-gcc -DDEBUG -D__USE_CMSIS=CMSISv1p30_LPC17xx -D__CODE_RED -D__REDLIB__ -I"C:\Users\Red\Documents\LPCXpresso_8.1.4_606\testSpace\FreeRTOS-template" -I"C:\Users\Red\Documents\LPCXpresso_8.1.4_606\testSpace\CMSIS_CORE_LPC17xx\inc" -I"C:\Users\Red\Documents\LPCXpresso_8.1.4_606\testSpace\FreeRTOS_Library\include" -I"C:\Users\Red\Documents\LPCXpresso_8.1.4_606\testSpace\FreeRTOS_Library\portable" -O0 -g3 -fsigned-char -c -fmessage-length=0 -fno-builtin -ffunction-sections -mcpu=cortex-m3 -mthumb -D__REDLIB__ -specs=redlib.specs -MMD -MP -MF"Modules/tapdev.d" -MT"Modules/tapdev.o" -MT"Modules/tapdev.d" -o "Modules/tapdev.o" "../Modules/tapdev.c"
Finished building: ../Modules/tapdev.c
 
Building file: ../cr_startup_lpc17.c
Invoking: MCU C Compiler
arm-none-eabi-gcc -DDEBUG -D__USE_CMSIS=CMSISv1p30_LPC17xx -D__CODE_RED -D__REDLIB__ -I"C:\Users\Red\Documents\LPCXpresso_8.1.4_606\testSpace\FreeRTOS-template" -I"C:\Users\Red\Documents\LPCXpresso_8.1.4_606\testSpace\CMSIS_CORE_LPC17xx\inc" -I"C:\Users\Red\Documents\LPCXpresso_8.1.4_606\testSpace\FreeRTOS_Library\include" -I"C:\Users\Red\Documents\LPCXpresso_8.1.4_606\testSpace\FreeRTOS_Library\portable" -O0 -g3 -fsigned-char -c -fmessage-length=0 -fno-builtin -ffunction-sections -mcpu=cortex-m3 -mthumb -D__REDLIB__ -specs=redlib.specs -MMD -MP -MF"cr_startup_lpc17.d" -MT"cr_startup_lpc17.o" -MT"cr_startup_lpc17.d" -o "cr_startup_lpc17.o" "../cr_startup_lpc17.c"
Finished building: ../cr_startup_lpc17.c
 
Building file: ../main.c
Invoking: MCU C Compiler
arm-none-eabi-gcc -DDEBUG -D__USE_CMSIS=CMSISv1p30_LPC17xx -D__CODE_RED -D__REDLIB__ -I"C:\Users\Red\Documents\LPCXpresso_8.1.4_606\testSpace\FreeRTOS-template" -I"C:\Users\Red\Documents\LPCXpresso_8.1.4_606\testSpace\CMSIS_CORE_LPC17xx\inc" -I"C:\Users\Red\Documents\LPCXpresso_8.1.4_606\testSpace\FreeRTOS_Library\include" -I"C:\Users\Red\Documents\LPCXpresso_8.1.4_606\testSpace\FreeRTOS_Library\portable" -O0 -g3 -fsigned-char -c -fmessage-length=0 -fno-builtin -ffunction-sections -mcpu=cortex-m3 -mthumb -D__REDLIB__ -specs=redlib.specs -MMD -MP -MF"main.d" -MT"main.o" -MT"main.d" -o "main.o" "../main.c"
Finished building: ../main.c
 
Building target: SimpleDemo.axf
Invoking: MCU Linker
arm-none-eabi-gcc -nostdlib -L"C:\Users\Red\Documents\LPCXpresso_8.1.4_606\testSpace\CMSIS_CORE_LPC17xx\Debug" -L"C:\Users\Red\Documents\LPCXpresso_8.1.4_606\testSpace\uIPauxSE2" -L"C:\Users\Red\Documents\LPCXpresso_8.1.4_606\testSpace\FreeRTOS_Library\Debug" -Xlinker --gc-sections -Xlinker -Map=SimpleDemo.map -mcpu=cortex-m3 -mthumb -T "FreeRTOS-template_Debug.ld" -o "SimpleDemo.axf"  ./test/tests.o  ./Project/Environment_Tasks.o ./Project/Utils.o ./Project/proj.o  ./Modules/EEPROM.o ./Modules/Ethernet.o ./Modules/GPIO.o ./Modules/I2C.o ./Modules/KBD.o ./Modules/LCD.o ./Modules/LCD_Font.o ./Modules/LED.o ./Modules/RTC.o ./Modules/SPI.o ./Modules/tapdev.o  ./cr_startup_lpc17.o ./main.o   -lCMSIS_CORE_LPC17xx -luIPauxSE2 -lFreeRTOS_Library
Finished building target: SimpleDemo.axf
 
make --no-print-directory post-build
Performing post-build steps
arm-none-eabi-size SimpleDemo.axf; # arm-none-eabi-objcopy -O ihex SimpleDemo.axf SimpleDemo.hex ;
   text	   data	    bss	    dec	    hex	filename
  28448	     96	  20452	  48996	   bf64	SimpleDemo.axf
 
