15:42:50 **** Build of configuration Debug for project SE2 ****
make -r all 
Building target: SE2.axf
Invoking: MCU Linker
arm-none-eabi-gcc -nostdlib -L"C:\Users\Red\Documents\LPCXpresso_8.1.4_606\testSpace\CMSIS_CORE_LPC17xx\Debug" -L"C:\Users\Red\Documents\LPCXpresso_8.1.4_606\testSpace\FreeRTOS_Library\Debug" -Xlinker -Map="SE2.map" -Xlinker --gc-sections -Xlinker -print-memory-usage -mcpu=cortex-m3 -mthumb -T "SE2_Debug.ld" -o "SE2.axf"  ./src/cr_startup_lpc175x_6x.o ./src/crp.o ./src/main.o  ./inc/LCD_Font.o  ./Tests/FreeRTOS_Tests.o ./Tests/GPIO_Tests.o ./Tests/KBD_Tests.o  ./Modules/GPIO.o ./Modules/I2C.o ./Modules/KBD.o ./Modules/LCD.o ./Modules/SPI.o   -lFreeRTOS_Library -lCMSIS_CORE_LPC17xx
Memory region         Used Size  Region Size  %age Used
       MFlash512:        2844 B       512 KB      0.54%
        RamLoc32:         336 B        32 KB      1.03%
        RamAHB32:          0 GB        32 KB      0.00%
Finished building target: SE2.axf
 
make --no-print-directory post-build
Performing post-build steps
arm-none-eabi-size "SE2.axf"; # arm-none-eabi-objcopy -v -O binary "SE2.axf" "SE2.bin" ; # checksum -p LPC1769 -d "SE2.bin";
   text	   data	    bss	    dec	    hex	filename
   2844	      0	    336	   3180	    c6c	SE2.axf
 

15:42:51 Build Finished (took 321ms)

