21:24:35 **** Build of configuration Debug for project SimpleDemo ****
make -r all 
Building file: ../cr_startup_lpc17.c
Invoking: MCU C Compiler
arm-none-eabi-gcc -DDEBUG -D__USE_CMSIS=CMSISv1p30_LPC17xx -D__CODE_RED -D__REDLIB__ -I"C:\Users\Red\Documents\LPCXpresso_8.1.4_606\testSpace\SimpleDemo" -I"C:\Users\Red\Documents\LPCXpresso_8.1.4_606\testSpace\CMSIS_CORE_LPC17xx\inc" -I"C:\Users\Red\Documents\LPCXpresso_8.1.4_606\testSpace\FreeRTOS_Library\include" -I"C:\Users\Red\Documents\LPCXpresso_8.1.4_606\testSpace\FreeRTOS_Library\portable" -O0 -g3 -fsigned-char -c -fmessage-length=0 -fno-builtin -ffunction-sections -mcpu=cortex-m3 -mthumb -D__REDLIB__ -specs=redlib.specs -MMD -MP -MF"cr_startup_lpc17.d" -MT"cr_startup_lpc17.o" -MT"cr_startup_lpc17.d" -o "cr_startup_lpc17.o" "../cr_startup_lpc17.c"
Finished building: ../cr_startup_lpc17.c
 
Building file: ../main.c
Invoking: MCU C Compiler
arm-none-eabi-gcc -DDEBUG -D__USE_CMSIS=CMSISv1p30_LPC17xx -D__CODE_RED -D__REDLIB__ -I"C:\Users\Red\Documents\LPCXpresso_8.1.4_606\testSpace\SimpleDemo" -I"C:\Users\Red\Documents\LPCXpresso_8.1.4_606\testSpace\CMSIS_CORE_LPC17xx\inc" -I"C:\Users\Red\Documents\LPCXpresso_8.1.4_606\testSpace\FreeRTOS_Library\include" -I"C:\Users\Red\Documents\LPCXpresso_8.1.4_606\testSpace\FreeRTOS_Library\portable" -O0 -g3 -fsigned-char -c -fmessage-length=0 -fno-builtin -ffunction-sections -mcpu=cortex-m3 -mthumb -D__REDLIB__ -specs=redlib.specs -MMD -MP -MF"main.d" -MT"main.o" -MT"main.d" -o "main.o" "../main.c"
In file included from C:\Users\Red\Documents\LPCXpresso_8.1.4_606\testSpace\FreeRTOS_Library\include/portable.h:320:0,
                 from C:\Users\Red\Documents\LPCXpresso_8.1.4_606\testSpace\FreeRTOS_Library\include/FreeRTOS.h:83,
                 from ../main.c:78:
C:\Users\Red\Documents\LPCXpresso_8.1.4_606\testSpace\FreeRTOS_Library\portable/portmacro.h: In function 'ucPortCountLeadingZeros':
C:\Users\Red\Documents\LPCXpresso_8.1.4_606\testSpace\FreeRTOS_Library\portable/portmacro.h:171:58: warning: type of 'ulBitmap' defaults to 'int' [-Wimplicit-int]
  __attribute__( ( always_inline ) ) static unsigned char ucPortCountLeadingZeros( ulBitmap )
                                                          ^
At top level:
C:\Users\Red\Documents\LPCXpresso_8.1.4_606\testSpace\FreeRTOS_Library\portable/portmacro.h:171:58: warning: always_inline function might not be inlinable [-Wattributes]
Finished building: ../main.c
 
Building target: SimpleDemo.axf
Invoking: MCU Linker
arm-none-eabi-gcc -nostdlib -L"C:\Users\Red\Documents\LPCXpresso_8.1.4_606\testSpace\CMSIS_CORE_LPC17xx\Debug" -L"C:\Users\Red\Documents\LPCXpresso_8.1.4_606\testSpace\FreeRTOS_Library\Debug" -Xlinker --gc-sections -Xlinker -Map=SimpleDemo.map -mcpu=cortex-m3 -mthumb -T "SimpleDemo_Debug.ld" -o "SimpleDemo.axf"  ./cr_startup_lpc17.o ./main.o   -lCMSIS_CORE_LPC17xx -lFreeRTOS_Library
Finished building target: SimpleDemo.axf
 
make --no-print-directory post-build
Performing post-build steps
arm-none-eabi-size SimpleDemo.axf; # arm-none-eabi-objcopy -O ihex SimpleDemo.axf SimpleDemo.hex ;
   text	   data	    bss	    dec	    hex	filename
   6196	     16	   2656	   8868	   22a4	SimpleDemo.axf
 

21:24:35 Build Finished (took 442ms)

